<html>
<body>
<pre>
<h1>µVision Build Log</h1>
<h2>Tool Versions:</h2>
IDE-Version: ¦ÌVision V5.36.0.0
Copyright (C) 2021 ARM Ltd and ARM Germany GmbH. All rights reserved.
License Information: l h, xyd, LIC=MPPLD-87F9R-PC5J8-3LK2U-WEZBQ-PTH0W
 
Tool Versions:
Toolchain:       MDK-ARM Plus  Version: 5.36.0.0
Toolchain Path:  D:\Keil\Core\ARM\ARMCC\Bin
C Compiler:      Armcc.exe V5.06 update 7 (build 960)
Assembler:       Armasm.exe V5.06 update 7 (build 960)
Linker/Locator:  ArmLink.exe V5.06 update 7 (build 960)
Library Manager: ArmAr.exe V5.06 update 7 (build 960)
Hex Converter:   FromElf.exe V5.06 update 7 (build 960)
CPU DLL:         SARMCM3.DLL V5.36.0.0
Dialog DLL:      DCM.DLL V1.17.3.0
Target DLL:      STLink\ST-LINKIII-KEIL_SWO.dll V3.0.9.0
Dialog DLL:      TCM.DLL V1.53.0.0
 
<h2>Project:</h2>
C:\Users\lh\Desktop\1_ÖÇÄÜËø\3_Ê¾Àý´úÂë\13_smart_lock_ÃÜÂë¿ªËø\smart_lock.uvprojx
Project File Date:  09/09/2023

<h2>Output:</h2>
*** Using Compiler 'V5.06 update 7 (build 960)', folder: 'D:\Keil\Core\ARM\ARMCC\Bin'
Build target 'Target 1'
compiling bs8116.c...
user\src\bs8116.c(453): warning:  #111-D: statement is unreachable
  		case 0X0001:return   '1';break;
user\src\bs8116.c(454): warning:  #111-D: statement is unreachable
  		case 0X0400:return   '2';break;
user\src\bs8116.c(455): warning:  #111-D: statement is unreachable
  		case 0X0080:return   '3';break;     
user\src\bs8116.c(456): warning:  #111-D: statement is unreachable
  		case 0X0002:return   '4';break;
user\src\bs8116.c(457): warning:  #111-D: statement is unreachable
  		case 0x0800:return   '5';break;
user\src\bs8116.c(458): warning:  #111-D: statement is unreachable
  		case 0X0040:return   '6';break;
user\src\bs8116.c(459): warning:  #111-D: statement is unreachable
  		case 0X0008:return   '7';break;
user\src\bs8116.c(460): warning:  #111-D: statement is unreachable
  		case 0X0100:return   '8';break;
user\src\bs8116.c(461): warning:  #111-D: statement is unreachable
  		case 0X0020:return   '9';break;
user\src\bs8116.c(462): warning:  #111-D: statement is unreachable
  		case 0X0004:return   '*';break;
user\src\bs8116.c(463): warning:  #111-D: statement is unreachable
  		case 0X0200:return   '0';break;
user\src\bs8116.c(464): warning:  #111-D: statement is unreachable
  		case 0X0010:return   '#';break;
user\src\bs8116.c: 12 warnings, 0 errors
linking...
Program Size: Code=9272 RO-data=436 RW-data=40 ZI-data=1656  
FromELF: creating hex file...
".\Objects\smart_lock.axf" - 0 Error(s), 12 Warning(s).

<h2>Software Packages used:</h2>

Package Vendor: Keil
                http://www.keil.com/pack/Keil.STM32F4xx_DFP.2.15.0.pack
                Keil.STM32F4xx_DFP.2.15.0
                STMicroelectronics STM32F4 Series Device Support, Drivers and Examples

<h2>Collection of Component include folders:</h2>
  D:\Keil\Pack\Keil\STM32F4xx_DFP\2.15.0\Drivers\CMSIS\Device\ST\STM32F4xx\Include

<h2>Collection of Component Files used:</h2>
Build Time Elapsed:  00:00:00
</pre>
</body>
</html>
