<html>
<body>
<pre>
<h1>µVision Build Log</h1>
<h2>Tool Versions:</h2>
IDE-Version: ¦ÌVision V5.36.0.0
Copyright (C) 2021 ARM Ltd and ARM Germany GmbH. All rights reserved.
License Information: l h, xyd, LIC=MPPLD-87F9R-PC5J8-3LK2U-WEZBQ-PTH0W
 
Tool Versions:
Toolchain:       MDK-ARM Plus  Version: 5.36.0.0
Toolchain Path:  D:\Keil\Core\ARM\ARMCC\Bin
C Compiler:      Armcc.exe V5.06 update 7 (build 960)
Assembler:       Armasm.exe V5.06 update 7 (build 960)
Linker/Locator:  ArmLink.exe V5.06 update 7 (build 960)
Library Manager: ArmAr.exe V5.06 update 7 (build 960)
Hex Converter:   FromElf.exe V5.06 update 7 (build 960)
CPU DLL:         SARMCM3.DLL V5.36.0.0
Dialog DLL:      DCM.DLL V1.17.3.0
Target DLL:      STLink\ST-LINKIII-KEIL_SWO.dll V3.0.9.0
Dialog DLL:      TCM.DLL V1.53.0.0
 
<h2>Project:</h2>
C:\Users\lh\Desktop\1_ÖÇÄÜËø\3_Ê¾Àý´úÂë\11_smart_lock_BS8116A-3\smart_lock.uvprojx
Project File Date:  09/09/2023

<h2>Output:</h2>
*** Using Compiler 'V5.06 update 7 (build 960)', folder: 'D:\Keil\Core\ARM\ARMCC\Bin'
Rebuild target 'Target 1'
assembling startup_stm32f401xx.s...
compiling pic4.c...
compiling pic1.c...
compiling pic.c...
compiling w25q64.c...
compiling font.c...
compiling led.c...
compiling door.c...
compiling usart.c...
compiling key.c...
compiling system_stm32f4xx.c...
compiling bs8116.c...
user\src\bs8116.c(447): warning:  #111-D: statement is unreachable
  		case 0X0001:return   '1';break;
user\src\bs8116.c(448): warning:  #111-D: statement is unreachable
  		case 0X0400:return   '2';break;
user\src\bs8116.c(449): warning:  #111-D: statement is unreachable
  		case 0X0080:return   '3';break;     
user\src\bs8116.c(450): warning:  #111-D: statement is unreachable
  		case 0X0002:return   '4';break;
user\src\bs8116.c(451): warning:  #111-D: statement is unreachable
  		case 0x0800:return   '5';break;
user\src\bs8116.c(452): warning:  #111-D: statement is unreachable
  		case 0X0040:return   '6';break;
user\src\bs8116.c(453): warning:  #111-D: statement is unreachable
  		case 0X0008:return   '7';break;
user\src\bs8116.c(454): warning:  #111-D: statement is unreachable
  		case 0X0100:return   '8';break;
user\src\bs8116.c(455): warning:  #111-D: statement is unreachable
  		case 0X0020:return   '9';break;
user\src\bs8116.c(456): warning:  #111-D: statement is unreachable
  		case 0X0004:return   '*';break;
user\src\bs8116.c(457): warning:  #111-D: statement is unreachable
  		case 0X0200:return   '0';break;
user\src\bs8116.c(458): warning:  #111-D: statement is unreachable
  		case 0X0010:return   '#';break;
user\src\bs8116.c: 12 warnings, 0 errors
compiling nvic.c...
compiling at24c04.c...
compiling main.c...
user\src\main.c(46): warning:  #111-D: statement is unreachable
  	return 0;
user\src\main.c: 1 warning, 0 errors
compiling lcd.c...
compiling tim.c...
compiling misc.c...
compiling stm32f4xx_crc.c...
compiling stm32f4xx_adc.c...
compiling stm32f4xx_can.c...
compiling stm32f4xx_cryp.c...
compiling stm32f4xx_dac.c...
compiling stm32f4xx_dbgmcu.c...
compiling stm32f4xx_cryp_des.c...
compiling stm32f4xx_cryp_tdes.c...
compiling stm32f4xx_cryp_aes.c...
compiling stm32f4xx_dcmi.c...
compiling stm32f4xx_exti.c...
compiling stm32f4xx_dma2d.c...
compiling stm32f4xx_flash_ramfunc.c...
compiling stm32f4xx_dma.c...
compiling stm32f4xx_flash.c...
compiling stm32f4xx_gpio.c...
compiling stm32f4xx_hash_sha1.c...
compiling stm32f4xx_hash_md5.c...
compiling stm32f4xx_hash.c...
compiling stm32f4xx_i2c.c...
compiling stm32f4xx_iwdg.c...
compiling stm32f4xx_pwr.c...
compiling stm32f4xx_ltdc.c...
compiling stm32f4xx_rng.c...
compiling stm32f4xx_rcc.c...
compiling stm32f4xx_sai.c...
compiling stm32f4xx_rtc.c...
compiling stm32f4xx_spi.c...
compiling stm32f4xx_sdio.c...
compiling stm32f4xx_syscfg.c...
compiling stm32f4xx_usart.c...
compiling stm32f4xx_wwdg.c...
compiling stm32f4xx_tim.c...
linking...
Program Size: Code=6148 RO-data=436 RW-data=36 ZI-data=1636  
FromELF: creating hex file...
".\Objects\smart_lock.axf" - 0 Error(s), 13 Warning(s).

<h2>Software Packages used:</h2>

Package Vendor: Keil
                http://www.keil.com/pack/Keil.STM32F4xx_DFP.2.15.0.pack
                Keil.STM32F4xx_DFP.2.15.0
                STMicroelectronics STM32F4 Series Device Support, Drivers and Examples

<h2>Collection of Component include folders:</h2>
  D:\Keil\Pack\Keil\STM32F4xx_DFP\2.15.0\Drivers\CMSIS\Device\ST\STM32F4xx\Include

<h2>Collection of Component Files used:</h2>
Build Time Elapsed:  00:00:03
</pre>
</body>
</html>
