<html>
<body>
<pre>
<h1>礦ision Build Log</h1>
<h2>Tool Versions:</h2>
IDE-Version: μVision V5.15
Copyright (C) 2015 ARM Ltd and ARM Germany GmbH. All rights reserved.
License Information: 12345 12345, 12345, LIC=8VRJ7-EY8WW-Y8SFK-Z75DP-V4YU9-DQSGL
 
Tool Versions:
Toolchain:       MDK-ARM Standard  Version: 5.15.0
Toolchain Path:  E:\KEIL5\ARM\ARMCC\Bin
C Compiler:      Armcc.exe V5.05 update 2 (build 169)
Assembler:       Armasm.exe V5.05 update 2 (build 169)
Linker/Locator:  ArmLink.exe V5.05 update 2 (build 169)
Library Manager: ArmAr.exe V5.05 update 2 (build 169)
Hex Converter:   FromElf.exe V5.05 update 2 (build 169)
CPU DLL:         SARMCM3.DLL V5.15.0
Dialog DLL:      DCM.DLL V1.13.2.0
Target DLL:      STLink\ST-LINKIII-KEIL_SWO.dll V2.0.15.0_KEIL
Dialog DLL:      TCM.DLL V1.14.5.0
 
<h2>Project:</h2>
D:\Cource\CM4班\全日制班\2022.04.18\47_2022.06.24智能锁15\5.示例代码\18_smart_lock_ESP32_WIFI\smart_lock.uvprojx
Project File Date:  06/22/2022

<h2>Output:</h2>
*** Using Compiler 'V5.05 update 2 (build 169)', folder: 'E:\KEIL5\ARM\ARMCC\Bin'
Build target 'Target 1'
compiling main.c...
user\src\main.c(82): warning:  #111-D: statement is unreachable
        return 0;
user\src\main.c(41): warning:  #177-D: variable "bs8116_key" was declared but never referenced
        u8 bs8116_key;
user\src\main.c(42): warning:  #177-D: variable "page_flag" was declared but never referenced
        u8 page_flag = 1;
user\src\main.c(43): warning:  #177-D: variable "erase_one_flag" was declared but never referenced
        u8 erase_one_flag = 1;
user\src\main.c(45): warning:  #177-D: variable "mg200_buff" was declared but never referenced
        u8 mg200_buff[9]={0};
user\src\main.c(46): warning:  #177-D: variable "mg200_open_flag" was declared but never referenced
        u8 mg200_open_flag = 0;
user\src\main.c(47): warning:  #177-D: variable "mg200_i" was declared but never referenced
        u8 mg200_i = 0;
user\src\main.c(48): warning:  #177-D: variable "mg200_ID" was declared but never referenced
        u8 mg200_ID = 0;
user\src\main.c(50): warning:  #177-D: variable "mg200_Enroll_sta" was declared but never referenced
        u8 mg200_Enroll_sta = 0;
user\src\main.c(51): warning:  #177-D: variable "mg200_erase_sta" was declared but never referenced
        u8 mg200_erase_sta = 0;
user\src\main.c: 10 warnings, 0 errors
linking...
Program Size: Code=9468 RO-data=504 RW-data=44 ZI-data=2692  
FromELF: creating hex file...
".\Objects\smart_lock.axf" - 0 Error(s), 10 Warning(s).

<h2>Collection of Component include folders:</h2>
  D:\Cource\CM4班\全日制班\2022.04.18\47_2022.06.24智能锁15\5.示例代码\18_smart_lock_ESP32_WIFI\RTE
  E:\KEIL5\ARM\PACK\Keil\STM32F4xx_DFP\2.7.0\Drivers\CMSIS\Device\ST\STM32F4xx\Include

<h2>Collection of Component Files used:</h2>
</pre>
</body>
</html>
