<html>
<body>
<pre>
<h1>礦ision Build Log</h1>
<h2>Tool Versions:</h2>
IDE-Version: μVision V5.15
Copyright (C) 2015 ARM Ltd and ARM Germany GmbH. All rights reserved.
License Information: 12345 12345, 12345, LIC=8VRJ7-EY8WW-Y8SFK-Z75DP-V4YU9-DQSGL
 
Tool Versions:
Toolchain:       MDK-ARM Standard  Version: 5.15.0
Toolchain Path:  E:\KEIL5\ARM\ARMCC\Bin
C Compiler:      Armcc.exe V5.05 update 2 (build 169)
Assembler:       Armasm.exe V5.05 update 2 (build 169)
Linker/Locator:  ArmLink.exe V5.05 update 2 (build 169)
Library Manager: ArmAr.exe V5.05 update 2 (build 169)
Hex Converter:   FromElf.exe V5.05 update 2 (build 169)
CPU DLL:         SARMCM3.DLL V5.15.0
Dialog DLL:      DCM.DLL V1.13.2.0
Target DLL:      STLink\ST-LINKIII-KEIL_SWO.dll V2.0.15.0_KEIL
Dialog DLL:      TCM.DLL V1.14.5.0
 
<h2>Project:</h2>
D:\Cource\CM4班\全日制班\2022.04.18\44_2022.06.21智能锁12\5.示例代码\17_smart_lock_RFID卡片管理\smart_lock.uvprojx
Project File Date:  06/21/2022

<h2>Output:</h2>
*** Using Compiler 'V5.05 update 2 (build 169)', folder: 'E:\KEIL5\ARM\ARMCC\Bin'
Build target 'Target 1'
compiling rfid.c...
user\src\rfid.c(570): warning:  #550-D: variable "status" was set but never used
        char status;
user\src\rfid.c(781): warning:  #177-D: variable "picc_Enroll_flag" was declared but never referenced
        u8 picc_Enroll_flag = 1;
user\src\rfid.c: 2 warnings, 0 errors
linking...
Program Size: Code=10882 RO-data=494 RW-data=92 ZI-data=1668  
FromELF: creating hex file...
".\Objects\smart_lock.axf" - 0 Error(s), 2 Warning(s).

<h2>Collection of Component include folders:</h2>
  D:\Cource\CM4班\全日制班\2022.04.18\44_2022.06.21智能锁12\5.示例代码\17_smart_lock_RFID卡片管理\RTE
  E:\KEIL5\ARM\PACK\Keil\STM32F4xx_DFP\2.7.0\Drivers\CMSIS\Device\ST\STM32F4xx\Include

<h2>Collection of Component Files used:</h2>
</pre>
</body>
</html>
