Component: ARM Compiler 5.06 update 7 (build 960) Tool: armlink [4d3601]

==============================================================================

Section Cross References

    startup_stm32f401xx.o(STACK) refers (Special) to heapauxi.o(.text) for __use_two_region_memory
    startup_stm32f401xx.o(HEAP) refers (Special) to heapauxi.o(.text) for __use_two_region_memory
    startup_stm32f401xx.o(RESET) refers (Special) to heapauxi.o(.text) for __use_two_region_memory
    startup_stm32f401xx.o(RESET) refers to startup_stm32f401xx.o(STACK) for __initial_sp
    startup_stm32f401xx.o(RESET) refers to startup_stm32f401xx.o(.text) for Reset_Handler
    startup_stm32f401xx.o(RESET) refers to nvic.o(i.TIM1_BRK_TIM9_IRQHandler) for TIM1_BRK_TIM9_IRQHandler
    startup_stm32f401xx.o(RESET) refers to nvic.o(i.USART1_IRQHandler) for USART1_IRQHandler
    startup_stm32f401xx.o(.text) refers (Special) to heapauxi.o(.text) for __use_two_region_memory
    startup_stm32f401xx.o(.text) refers to system_stm32f4xx.o(i.SystemInit) for SystemInit
    startup_stm32f401xx.o(.text) refers to __main.o(!!!main) for __main
    startup_stm32f401xx.o(.text) refers to startup_stm32f401xx.o(HEAP) for Heap_Mem
    startup_stm32f401xx.o(.text) refers to startup_stm32f401xx.o(STACK) for Stack_Mem
    system_stm32f4xx.o(i.SystemCoreClockUpdate) refers to system_stm32f4xx.o(.data) for SystemCoreClock
    system_stm32f4xx.o(i.SystemInit) refers to system_stm32f4xx.o(i.SetSysClock) for SetSysClock
    main.o(i.main) refers to usart.o(i.usart1_init) for usart1_init
    main.o(i.main) refers to w25q64.o(i.w25q64_init) for w25q64_init
    main.o(i.main) refers to key.o(i.key_init) for key_init
    main.o(i.main) refers to led.o(i.led_init) for led_init
    main.o(i.main) refers to voice.o(i.voice_init) for voice_init
    main.o(i.main) refers to lcd.o(i.lcd_init) for lcd_init
    main.o(i.main) refers to bs8116.o(i.bs8116_init) for bs8116_init
    main.o(i.main) refers to at24c04.o(i.at24c04_init) for at24c04_init
    main.o(i.main) refers to door.o(i.door_init) for door_init
    main.o(i.main) refers to bs8116.o(i.bs8116_key_scan) for bs8116_key_scan
    main.o(i.main) refers to bs8116.o(i.open_passwd) for open_passwd
    led.o(i.led_init) refers to stm32f4xx_rcc.o(i.RCC_AHB1PeriphClockCmd) for RCC_AHB1PeriphClockCmd
    led.o(i.led_init) refers to stm32f4xx_gpio.o(i.GPIO_Init) for GPIO_Init
    led.o(i.led_init) refers to stm32f4xx_gpio.o(i.GPIO_SetBits) for GPIO_SetBits
    key.o(i.key_init) refers to stm32f4xx_rcc.o(i.RCC_AHB1PeriphClockCmd) for RCC_AHB1PeriphClockCmd
    key.o(i.key_init) refers to stm32f4xx_gpio.o(i.GPIO_Init) for GPIO_Init
    key.o(i.key_scan) refers to stm32f4xx_gpio.o(i.GPIO_ReadInputDataBit) for GPIO_ReadInputDataBit
    key.o(i.key_scan) refers to key.o(i.delay_ms) for delay_ms
    key.o(i.key_scan) refers to key.o(.data) for key_flag
    door.o(i.close_door) refers to stm32f4xx_gpio.o(i.GPIO_ResetBits) for GPIO_ResetBits
    door.o(i.close_door) refers to stm32f4xx_gpio.o(i.GPIO_SetBits) for GPIO_SetBits
    door.o(i.close_door) refers to door.o(i.delay_ms) for delay_ms
    door.o(i.door_init) refers to stm32f4xx_rcc.o(i.RCC_AHB1PeriphClockCmd) for RCC_AHB1PeriphClockCmd
    door.o(i.door_init) refers to stm32f4xx_gpio.o(i.GPIO_Init) for GPIO_Init
    door.o(i.door_init) refers to stm32f4xx_gpio.o(i.GPIO_SetBits) for GPIO_SetBits
    door.o(i.open_door) refers to stm32f4xx_gpio.o(i.GPIO_SetBits) for GPIO_SetBits
    door.o(i.open_door) refers to stm32f4xx_gpio.o(i.GPIO_ResetBits) for GPIO_ResetBits
    door.o(i.open_door) refers to door.o(i.delay_ms) for delay_ms
    usart.o(.rev16_text) refers (Special) to use_no_semi_2.o(.text) for __use_no_semihosting
    usart.o(.revsh_text) refers (Special) to use_no_semi_2.o(.text) for __use_no_semihosting
    usart.o(i._sys_exit) refers (Special) to use_no_semi_2.o(.text) for __use_no_semihosting
    usart.o(i.fputc) refers (Special) to use_no_semi_2.o(.text) for __use_no_semihosting
    usart.o(i.usart1_init) refers (Special) to use_no_semi_2.o(.text) for __use_no_semihosting
    usart.o(i.usart1_init) refers to stm32f4xx_rcc.o(i.RCC_AHB1PeriphClockCmd) for RCC_AHB1PeriphClockCmd
    usart.o(i.usart1_init) refers to stm32f4xx_gpio.o(i.GPIO_Init) for GPIO_Init
    usart.o(i.usart1_init) refers to stm32f4xx_gpio.o(i.GPIO_PinAFConfig) for GPIO_PinAFConfig
    usart.o(i.usart1_init) refers to stm32f4xx_rcc.o(i.RCC_APB2PeriphClockCmd) for RCC_APB2PeriphClockCmd
    usart.o(i.usart1_init) refers to stm32f4xx_usart.o(i.USART_Init) for USART_Init
    usart.o(i.usart1_init) refers to stm32f4xx_usart.o(i.USART_ITConfig) for USART_ITConfig
    usart.o(i.usart1_init) refers to misc.o(i.NVIC_PriorityGroupConfig) for NVIC_PriorityGroupConfig
    usart.o(i.usart1_init) refers to misc.o(i.NVIC_Init) for NVIC_Init
    usart.o(i.usart1_init) refers to stm32f4xx_usart.o(i.USART_Cmd) for USART_Cmd
[...]
    Removing stm32f4xx_wwdg.o(i.WWDG_EnableIT), (12 bytes).
    Removing stm32f4xx_wwdg.o(i.WWDG_GetFlagStatus), (20 bytes).
    Removing stm32f4xx_wwdg.o(i.WWDG_SetCounter), (16 bytes).
    Removing stm32f4xx_wwdg.o(i.WWDG_SetPrescaler), (24 bytes).
    Removing stm32f4xx_wwdg.o(i.WWDG_SetWindowValue), (40 bytes).

784 unused section(s) (total 389740 bytes) removed from the image.

==============================================================================

Image Symbol Table

    Local Symbols

    Symbol Name                              Value     Ov Type        Size  Object(Section)

    ../clib/angel/boardlib.s                 0x00000000   Number         0  boardinit3.o ABSOLUTE
    ../clib/angel/boardlib.s                 0x00000000   Number         0  boardinit2.o ABSOLUTE
    ../clib/angel/boardlib.s                 0x00000000   Number         0  boardinit1.o ABSOLUTE
    ../clib/angel/boardlib.s                 0x00000000   Number         0  boardshut.o ABSOLUTE
    ../clib/angel/handlers.s                 0x00000000   Number         0  __scatter_zi.o ABSOLUTE
    ../clib/angel/handlers.s                 0x00000000   Number         0  __scatter_copy.o ABSOLUTE
    ../clib/angel/kernel.s                   0x00000000   Number         0  __rtentry.o ABSOLUTE
    ../clib/angel/kernel.s                   0x00000000   Number         0  __rtentry2.o ABSOLUTE
    ../clib/angel/kernel.s                   0x00000000   Number         0  __rtentry4.o ABSOLUTE
    ../clib/angel/kernel.s                   0x00000000   Number         0  rtexit2.o ABSOLUTE
    ../clib/angel/kernel.s                   0x00000000   Number         0  rtexit.o ABSOLUTE
    ../clib/angel/rt.s                       0x00000000   Number         0  rt_raise.o ABSOLUTE
    ../clib/angel/scatter.s                  0x00000000   Number         0  __scatter.o ABSOLUTE
    ../clib/angel/startup.s                  0x00000000   Number         0  __main.o ABSOLUTE
    ../clib/angel/sys.s                      0x00000000   Number         0  indicate_semi.o ABSOLUTE
    ../clib/angel/sys.s                      0x00000000   Number         0  use_no_semi.o ABSOLUTE
    ../clib/angel/sys.s                      0x00000000   Number         0  use_no_semi_2.o ABSOLUTE
    ../clib/angel/sys.s                      0x00000000   Number         0  sys_stackheap_outer.o ABSOLUTE
    ../clib/angel/sys.s                      0x00000000   Number         0  libspace.o ABSOLUTE
    ../clib/angel/sysapp.c                   0x00000000   Number         0  sys_wrch.o ABSOLUTE
    ../clib/angel/sysapp.c                   0x00000000   Number         0  sys_command.o ABSOLUTE
    ../clib/armsys.c                         0x00000000   Number         0  no_argv.o ABSOLUTE
    ../clib/armsys.c                         0x00000000   Number         0  argv_veneer.o ABSOLUTE
    ../clib/armsys.c                         0x00000000   Number         0  _get_argv_nomalloc.o ABSOLUTE
    ../clib/armsys.c                         0x00000000   Number         0  argv_veneer.o ABSOLUTE
    ../clib/heapalloc.c                      0x00000000   Number         0  hrguard.o ABSOLUTE
    ../clib/heapaux.c                        0x00000000   Number         0  heapauxi.o ABSOLUTE
    ../clib/libinit.s                        0x00000000   Number         0  libshutdown.o ABSOLUTE
    ../clib/libinit.s                        0x00000000   Number         0  libinit.o ABSOLUTE
    ../clib/libinit.s                        0x00000000   Number         0  libinit2.o ABSOLUTE
    ../clib/libinit.s                        0x00000000   Number         0  libshutdown2.o ABSOLUTE
    ../clib/memcpset.s                       0x00000000   Number         0  strcmpv7m.o ABSOLUTE
    ../clib/memcpset.s                       0x00000000   Number         0  rt_memclr_w.o ABSOLUTE
    ../clib/memcpset.s                       0x00000000   Number         0  rt_memcpy_w.o ABSOLUTE
    ../clib/printf.c                         0x00000000   Number         0  __2printf.o ABSOLUTE
    ../clib/printf.c                         0x00000000   Number         0  _printf_char_file.o ABSOLUTE
    ../clib/printf.c                         0x00000000   Number         0  __printf_nopercent.o ABSOLUTE
    ../clib/printf.c                         0x00000000   Number         0  _printf_char_common.o ABSOLUTE
    ../clib/printf.c                         0x00000000   Number         0  noretval__2printf.o ABSOLUTE
    ../clib/signal.c                         0x00000000   Number         0  defsig_other.o ABSOLUTE
    ../clib/signal.c                         0x00000000   Number         0  defsig_pvfn_inner.o ABSOLUTE
    ../clib/signal.c                         0x00000000   Number         0  defsig_segv_inner.o ABSOLUTE
    ../clib/signal.c                         0x00000000   Number         0  defsig_rtmem_formal.o ABSOLUTE
    ../clib/signal.c                         0x00000000   Number         0  defsig_exit.o ABSOLUTE
    ../clib/signal.c                         0x00000000   Number         0  defsig_rtmem_inner.o ABSOLUTE
    ../clib/signal.c                         0x00000000   Number         0  __raise.o ABSOLUTE
    ../clib/signal.c                         0x00000000   Number         0  defsig_abrt_inner.o ABSOLUTE
    ../clib/signal.c                         0x00000000   Number         0  defsig_general.o ABSOLUTE
    ../clib/signal.c                         0x00000000   Number         0  defsig_fpe_inner.o ABSOLUTE
    ../clib/signal.c                         0x00000000   Number         0  defsig_rtmem_outer.o ABSOLUTE
    ../clib/signal.c                         0x00000000   Number         0  defsig_rtred_inner.o ABSOLUTE
    ../clib/signal.c                         0x00000000   Number         0  defsig_cppl_inner.o ABSOLUTE
    ../clib/signal.c                         0x00000000   Number         0  defsig_stak_inner.o ABSOLUTE
    ../clib/signal.s                         0x00000000   Number         0  defsig.o ABSOLUTE
    ../clib/stdio.c                          0x00000000   Number         0  ferror.o ABSOLUTE
    ../clib/stdio.c                          0x00000000   Number         0  ferror_locked.o ABSOLUTE
    ../clib/stdlib.c                         0x00000000   Number         0  exit.o ABSOLUTE
    ../fplib/fpinit.s                        0x00000000   Number         0  fpinit.o ABSOLUTE
    STM32F4xx_DSP_StdPeriph_Lib_V1.4.0\Libraries\CMSIS\startup_stm32f401xx.s 0x00000000   Number         0  startup_stm32f401xx.o ABSOLUTE
    STM32F4xx_DSP_StdPeriph_Lib_V1.4.0\Libraries\CMSIS\system_stm32f4xx.c 0x00000000   Number         0  system_stm32f4xx.o ABSOLUTE
    STM32F4xx_DSP_StdPeriph_Lib_V1.4.0\Libraries\STM32F4xx_StdPeriph_Driver\src\misc.c 0x00000000   Number         0  misc.o ABSOLUTE
    STM32F4xx_DSP_StdPeriph_Lib_V1.4.0\Libraries\STM32F4xx_StdPeriph_Driver\src\stm32f4xx_adc.c 0x00000000   Number         0  stm32f4xx_adc.o ABSOLUTE
    STM32F4xx_DSP_StdPeriph_Lib_V1.4.0\Libraries\STM32F4xx_StdPeriph_Driver\src\stm32f4xx_can.c 0x00000000   Number         0  stm32f4xx_can.o ABSOLUTE
    STM32F4xx_DSP_StdPeriph_Lib_V1.4.0\Libraries\STM32F4xx_StdPeriph_Driver\src\stm32f4xx_crc.c 0x00000000   Number         0  stm32f4xx_crc.o ABSOLUTE
    STM32F4xx_DSP_StdPeriph_Lib_V1.4.0\Libraries\STM32F4xx_StdPeriph_Driver\src\stm32f4xx_cryp.c 0x00000000   Number         0  stm32f4xx_cryp.o ABSOLUTE
    STM32F4xx_DSP_StdPeriph_Lib_V1.4.0\Libraries\STM32F4xx_StdPeriph_Driver\src\stm32f4xx_cryp_aes.c 0x00000000   Number         0  stm32f4xx_cryp_aes.o ABSOLUTE
    STM32F4xx_DSP_StdPeriph_Lib_V1.4.0\Libraries\STM32F4xx_StdPeriph_Driver\src\stm32f4xx_cryp_des.c 0x00000000   Number         0  stm32f4xx_cryp_des.o ABSOLUTE
    STM32F4xx_DSP_StdPeriph_Lib_V1.4.0\Libraries\STM32F4xx_StdPeriph_Driver\src\stm32f4xx_cryp_tdes.c 0x00000000   Number         0  stm32f4xx_cryp_tdes.o ABSOLUTE
    STM32F4xx_DSP_StdPeriph_Lib_V1.4.0\Libraries\STM32F4xx_StdPeriph_Driver\src\stm32f4xx_dac.c 0x00000000   Number         0  stm32f4xx_dac.o ABSOLUTE
    STM32F4xx_DSP_StdPeriph_Lib_V1.4.0\Libraries\STM32F4xx_StdPeriph_Driver\src\stm32f4xx_dbgmcu.c 0x00000000   Number         0  stm32f4xx_dbgmcu.o ABSOLUTE
    STM32F4xx_DSP_StdPeriph_Lib_V1.4.0\Libraries\STM32F4xx_StdPeriph_Driver\src\stm32f4xx_dcmi.c 0x00000000   Number         0  stm32f4xx_dcmi.o ABSOLUTE
    STM32F4xx_DSP_StdPeriph_Lib_V1.4.0\Libraries\STM32F4xx_StdPeriph_Driver\src\stm32f4xx_dma.c 0x00000000   Number         0  stm32f4xx_dma.o ABSOLUTE
    STM32F4xx_DSP_StdPeriph_Lib_V1.4.0\Libraries\STM32F4xx_StdPeriph_Driver\src\stm32f4xx_dma2d.c 0x00000000   Number         0  stm32f4xx_dma2d.o ABSOLUTE
    STM32F4xx_DSP_StdPeriph_Lib_V1.4.0\Libraries\STM32F4xx_StdPeriph_Driver\src\stm32f4xx_exti.c 0x00000000   Number         0  stm32f4xx_exti.o ABSOLUTE
    STM32F4xx_DSP_StdPeriph_Lib_V1.4.0\Libraries\STM32F4xx_StdPeriph_Driver\src\stm32f4xx_flash.c 0x00000000   Number         0  stm32f4xx_flash.o ABSOLUTE
    STM32F4xx_DSP_StdPeriph_Lib_V1.4.0\Libraries\STM32F4xx_StdPeriph_Driver\src\stm32f4xx_flash_ramfunc.c 0x00000000   Number         0  stm32f4xx_flash_ramfunc.o ABSOLUTE
    STM32F4xx_DSP_StdPeriph_Lib_V1.4.0\Libraries\STM32F4xx_StdPeriph_Driver\src\stm32f4xx_gpio.c 0x00000000   Number         0  stm32f4xx_gpio.o ABSOLUTE
    STM32F4xx_DSP_StdPeriph_Lib_V1.4.0\Libraries\STM32F4xx_StdPeriph_Driver\src\stm32f4xx_hash.c 0x00000000   Number         0  stm32f4xx_hash.o ABSOLUTE
    STM32F4xx_DSP_StdPeriph_Lib_V1.4.0\Libraries\STM32F4xx_StdPeriph_Driver\src\stm32f4xx_hash_md5.c 0x00000000   Number         0  stm32f4xx_hash_md5.o ABSOLUTE
    STM32F4xx_DSP_StdPeriph_Lib_V1.4.0\Libraries\STM32F4xx_StdPeriph_Driver\src\stm32f4xx_hash_sha1.c 0x00000000   Number         0  stm32f4xx_hash_sha1.o ABSOLUTE
    STM32F4xx_DSP_StdPeriph_Lib_V1.4.0\Libraries\STM32F4xx_StdPeriph_Driver\src\stm32f4xx_i2c.c 0x00000000   Number         0  stm32f4xx_i2c.o ABSOLUTE
    STM32F4xx_DSP_StdPeriph_Lib_V1.4.0\Libraries\STM32F4xx_StdPeriph_Driver\src\stm32f4xx_iwdg.c 0x00000000   Number         0  stm32f4xx_iwdg.o ABSOLUTE
    STM32F4xx_DSP_StdPeriph_Lib_V1.4.0\Libraries\STM32F4xx_StdPeriph_Driver\src\stm32f4xx_ltdc.c 0x00000000   Number         0  stm32f4xx_ltdc.o ABSOLUTE
    STM32F4xx_DSP_StdPeriph_Lib_V1.4.0\Libraries\STM32F4xx_StdPeriph_Driver\src\stm32f4xx_pwr.c 0x00000000   Number         0  stm32f4xx_pwr.o ABSOLUTE
    STM32F4xx_DSP_StdPeriph_Lib_V1.4.0\Libraries\STM32F4xx_StdPeriph_Driver\src\stm32f4xx_rcc.c 0x00000000   Number         0  stm32f4xx_rcc.o ABSOLUTE
    STM32F4xx_DSP_StdPeriph_Lib_V1.4.0\Libraries\STM32F4xx_StdPeriph_Driver\src\stm32f4xx_rng.c 0x00000000   Number         0  stm32f4xx_rng.o ABSOLUTE
    STM32F4xx_DSP_StdPeriph_Lib_V1.4.0\Libraries\STM32F4xx_StdPeriph_Driver\src\stm32f4xx_rtc.c 0x00000000   Number         0  stm32f4xx_rtc.o ABSOLUTE
    STM32F4xx_DSP_StdPeriph_Lib_V1.4.0\Libraries\STM32F4xx_StdPeriph_Driver\src\stm32f4xx_sai.c 0x00000000   Number         0  stm32f4xx_sai.o ABSOLUTE
    STM32F4xx_DSP_StdPeriph_Lib_V1.4.0\Libraries\STM32F4xx_StdPeriph_Driver\src\stm32f4xx_sdio.c 0x00000000   Number         0  stm32f4xx_sdio.o ABSOLUTE
    STM32F4xx_DSP_StdPeriph_Lib_V1.4.0\Libraries\STM32F4xx_StdPeriph_Driver\src\stm32f4xx_spi.c 0x00000000   Number         0  stm32f4xx_spi.o ABSOLUTE
    STM32F4xx_DSP_StdPeriph_Lib_V1.4.0\Libraries\STM32F4xx_StdPeriph_Driver\src\stm32f4xx_syscfg.c 0x00000000   Number         0  stm32f4xx_syscfg.o ABSOLUTE
    STM32F4xx_DSP_StdPeriph_Lib_V1.4.0\Libraries\STM32F4xx_StdPeriph_Driver\src\stm32f4xx_tim.c 0x00000000   Number         0  stm32f4xx_tim.o ABSOLUTE
    STM32F4xx_DSP_StdPeriph_Lib_V1.4.0\Libraries\STM32F4xx_StdPeriph_Driver\src\stm32f4xx_usart.c 0x00000000   Number         0  stm32f4xx_usart.o ABSOLUTE
    STM32F4xx_DSP_StdPeriph_Lib_V1.4.0\Libraries\STM32F4xx_StdPeriph_Driver\src\stm32f4xx_wwdg.c 0x00000000   Number         0  stm32f4xx_wwdg.o ABSOLUTE
    STM32F4xx_DSP_StdPeriph_Lib_V1.4.0\\Libraries\\CMSIS\\system_stm32f4xx.c 0x00000000   Number         0  system_stm32f4xx.o ABSOLUTE
    STM32F4xx_DSP_StdPeriph_Lib_V1.4.0\\Libraries\\STM32F4xx_StdPeriph_Driver\\src\\misc.c 0x00000000   Number         0  misc.o ABSOLUTE
    STM32F4xx_DSP_StdPeriph_Lib_V1.4.0\\Libraries\\STM32F4xx_StdPeriph_Driver\\src\\stm32f4xx_adc.c 0x00000000   Number         0  stm32f4xx_adc.o ABSOLUTE
    STM32F4xx_DSP_StdPeriph_Lib_V1.4.0\\Libraries\\STM32F4xx_StdPeriph_Driver\\src\\stm32f4xx_can.c 0x00000000   Number         0  stm32f4xx_can.o ABSOLUTE
    STM32F4xx_DSP_StdPeriph_Lib_V1.4.0\\Libraries\\STM32F4xx_StdPeriph_Driver\\src\\stm32f4xx_crc.c 0x00000000   Number         0  stm32f4xx_crc.o ABSOLUTE
    STM32F4xx_DSP_StdPeriph_Lib_V1.4.0\\Libraries\\STM32F4xx_StdPeriph_Driver\\src\\stm32f4xx_cryp.c 0x00000000   Number         0  stm32f4xx_cryp.o ABSOLUTE
    STM32F4xx_DSP_StdPeriph_Lib_V1.4.0\\Libraries\\STM32F4xx_StdPeriph_Driver\\src\\stm32f4xx_cryp_aes.c 0x00000000   Number         0  stm32f4xx_cryp_aes.o ABSOLUTE
    STM32F4xx_DSP_StdPeriph_Lib_V1.4.0\\Libraries\\STM32F4xx_StdPeriph_Driver\\src\\stm32f4xx_cryp_des.c 0x00000000   Number         0  stm32f4xx_cryp_des.o ABSOLUTE
    STM32F4xx_DSP_StdPeriph_Lib_V1.4.0\\Libraries\\STM32F4xx_StdPeriph_Driver\\src\\stm32f4xx_cryp_tdes.c 0x00000000   Number         0  stm32f4xx_cryp_tdes.o ABSOLUTE
    STM32F4xx_DSP_StdPeriph_Lib_V1.4.0\\Libraries\\STM32F4xx_StdPeriph_Driver\\src\\stm32f4xx_dac.c 0x00000000   Number         0  stm32f4xx_dac.o ABSOLUTE
    STM32F4xx_DSP_StdPeriph_Lib_V1.4.0\\Libraries\\STM32F4xx_StdPeriph_Driver\\src\\stm32f4xx_dbgmcu.c 0x00000000   Number         0  stm32f4xx_dbgmcu.o ABSOLUTE
    STM32F4xx_DSP_StdPeriph_Lib_V1.4.0\\Libraries\\STM32F4xx_StdPeriph_Driver\\src\\stm32f4xx_dcmi.c 0x00000000   Number         0  stm32f4xx_dcmi.o ABSOLUTE
    STM32F4xx_DSP_StdPeriph_Lib_V1.4.0\\Libraries\\STM32F4xx_StdPeriph_Driver\\src\\stm32f4xx_dma.c 0x00000000   Number         0  stm32f4xx_dma.o ABSOLUTE
    STM32F4xx_DSP_StdPeriph_Lib_V1.4.0\\Libraries\\STM32F4xx_StdPeriph_Driver\\src\\stm32f4xx_dma2d.c 0x00000000   Number         0  stm32f4xx_dma2d.o ABSOLUTE
    STM32F4xx_DSP_StdPeriph_Lib_V1.4.0\\Libraries\\STM32F4xx_StdPeriph_Driver\\src\\stm32f4xx_exti.c 0x00000000   Number         0  stm32f4xx_exti.o ABSOLUTE
    STM32F4xx_DSP_StdPeriph_Lib_V1.4.0\\Libraries\\STM32F4xx_StdPeriph_Driver\\src\\stm32f4xx_flash.c 0x00000000   Number         0  stm32f4xx_flash.o ABSOLUTE
    STM32F4xx_DSP_StdPeriph_Lib_V1.4.0\\Libraries\\STM32F4xx_StdPeriph_Driver\\src\\stm32f4xx_flash_ramfunc.c 0x00000000   Number         0  stm32f4xx_flash_ramfunc.o ABSOLUTE
    STM32F4xx_DSP_StdPeriph_Lib_V1.4.0\\Libraries\\STM32F4xx_StdPeriph_Driver\\src\\stm32f4xx_gpio.c 0x00000000   Number         0  stm32f4xx_gpio.o ABSOLUTE
    STM32F4xx_DSP_StdPeriph_Lib_V1.4.0\\Libraries\\STM32F4xx_StdPeriph_Driver\\src\\stm32f4xx_hash.c 0x00000000   Number         0  stm32f4xx_hash.o ABSOLUTE
    STM32F4xx_DSP_StdPeriph_Lib_V1.4.0\\Libraries\\STM32F4xx_StdPeriph_Driver\\src\\stm32f4xx_hash_md5.c 0x00000000   Number         0  stm32f4xx_hash_md5.o ABSOLUTE
    STM32F4xx_DSP_StdPeriph_Lib_V1.4.0\\Libraries\\STM32F4xx_StdPeriph_Driver\\src\\stm32f4xx_hash_sha1.c 0x00000000   Number         0  stm32f4xx_hash_sha1.o ABSOLUTE
    STM32F4xx_DSP_StdPeriph_Lib_V1.4.0\\Libraries\\STM32F4xx_StdPeriph_Driver\\src\\stm32f4xx_i2c.c 0x00000000   Number         0  stm32f4xx_i2c.o ABSOLUTE
    STM32F4xx_DSP_StdPeriph_Lib_V1.4.0\\Libraries\\STM32F4xx_StdPeriph_Driver\\src\\stm32f4xx_iwdg.c 0x00000000   Number         0  stm32f4xx_iwdg.o ABSOLUTE
    STM32F4xx_DSP_StdPeriph_Lib_V1.4.0\\Libraries\\STM32F4xx_StdPeriph_Driver\\src\\stm32f4xx_ltdc.c 0x00000000   Number         0  stm32f4xx_ltdc.o ABSOLUTE
    STM32F4xx_DSP_StdPeriph_Lib_V1.4.0\\Libraries\\STM32F4xx_StdPeriph_Driver\\src\\stm32f4xx_pwr.c 0x00000000   Number         0  stm32f4xx_pwr.o ABSOLUTE
    STM32F4xx_DSP_StdPeriph_Lib_V1.4.0\\Libraries\\STM32F4xx_StdPeriph_Driver\\src\\stm32f4xx_rcc.c 0x00000000   Number         0  stm32f4xx_rcc.o ABSOLUTE
    STM32F4xx_DSP_StdPeriph_Lib_V1.4.0\\Libraries\\STM32F4xx_StdPeriph_Driver\\src\\stm32f4xx_rng.c 0x00000000   Number         0  stm32f4xx_rng.o ABSOLUTE
    STM32F4xx_DSP_StdPeriph_Lib_V1.4.0\\Libraries\\STM32F4xx_StdPeriph_Driver\\src\\stm32f4xx_rtc.c 0x00000000   Number         0  stm32f4xx_rtc.o ABSOLUTE
    STM32F4xx_DSP_StdPeriph_Lib_V1.4.0\\Libraries\\STM32F4xx_StdPeriph_Driver\\src\\stm32f4xx_sai.c 0x00000000   Number         0  stm32f4xx_sai.o ABSOLUTE
    STM32F4xx_DSP_StdPeriph_Lib_V1.4.0\\Libraries\\STM32F4xx_StdPeriph_Driver\\src\\stm32f4xx_sdio.c 0x00000000   Number         0  stm32f4xx_sdio.o ABSOLUTE
    STM32F4xx_DSP_StdPeriph_Lib_V1.4.0\\Libraries\\STM32F4xx_StdPeriph_Driver\\src\\stm32f4xx_spi.c 0x00000000   Number         0  stm32f4xx_spi.o ABSOLUTE
    STM32F4xx_DSP_StdPeriph_Lib_V1.4.0\\Libraries\\STM32F4xx_StdPeriph_Driver\\src\\stm32f4xx_syscfg.c 0x00000000   Number         0  stm32f4xx_syscfg.o ABSOLUTE
    STM32F4xx_DSP_StdPeriph_Lib_V1.4.0\\Libraries\\STM32F4xx_StdPeriph_Driver\\src\\stm32f4xx_tim.c 0x00000000   Number         0  stm32f4xx_tim.o ABSOLUTE
    STM32F4xx_DSP_StdPeriph_Lib_V1.4.0\\Libraries\\STM32F4xx_StdPeriph_Driver\\src\\stm32f4xx_usart.c 0x00000000   Number         0  stm32f4xx_usart.o ABSOLUTE
    STM32F4xx_DSP_StdPeriph_Lib_V1.4.0\\Libraries\\STM32F4xx_StdPeriph_Driver\\src\\stm32f4xx_wwdg.c 0x00000000   Number         0  stm32f4xx_wwdg.o ABSOLUTE
    dc.s                                     0x00000000   Number         0  dc.o ABSOLUTE
    user\\src\\at24c04.c                     0x00000000   Number         0  at24c04.o ABSOLUTE
    user\\src\\bs8116.c                      0x00000000   Number         0  bs8116.o ABSOLUTE
    user\\src\\door.c                        0x00000000   Number         0  door.o ABSOLUTE
    user\\src\\font.c                        0x00000000   Number         0  font.o ABSOLUTE
    user\\src\\key.c                         0x00000000   Number         0  key.o ABSOLUTE
    user\\src\\lcd.c                         0x00000000   Number         0  lcd.o ABSOLUTE
    user\\src\\led.c                         0x00000000   Number         0  led.o ABSOLUTE
    user\\src\\main.c                        0x00000000   Number         0  main.o ABSOLUTE
    user\\src\\nvic.c                        0x00000000   Number         0  nvic.o ABSOLUTE
    user\\src\\tim.c                         0x00000000   Number         0  tim.o ABSOLUTE
    user\\src\\usart.c                       0x00000000   Number         0  usart.o ABSOLUTE
    user\\src\\voice.c                       0x00000000   Number         0  voice.o ABSOLUTE
    user\\src\\w25q64.c                      0x00000000   Number         0  w25q64.o ABSOLUTE
    user\src\at24c04.c                       0x00000000   Number         0  at24c04.o ABSOLUTE
    user\src\bs8116.c                        0x00000000   Number         0  bs8116.o ABSOLUTE
    user\src\door.c                          0x00000000   Number         0  door.o ABSOLUTE
    user\src\font.c                          0x00000000   Number         0  font.o ABSOLUTE
    user\src\key.c                           0x00000000   Number         0  key.o ABSOLUTE
    user\src\lcd.c                           0x00000000   Number         0  lcd.o ABSOLUTE
    user\src\led.c                           0x00000000   Number         0  led.o ABSOLUTE
    user\src\main.c                          0x00000000   Number         0  main.o ABSOLUTE
    user\src\nvic.c                          0x00000000   Number         0  nvic.o ABSOLUTE
    user\src\pic.c                           0x00000000   Number         0  pic.o ABSOLUTE
    user\src\pic1.c                          0x00000000   Number         0  pic1.o ABSOLUTE
    user\src\pic4.c                          0x00000000   Number         0  pic4.o ABSOLUTE
    user\src\tim.c                           0x00000000   Number         0  tim.o ABSOLUTE
    user\src\usart.c                         0x00000000   Number         0  usart.o ABSOLUTE
    user\src\voice.c                         0x00000000   Number         0  voice.o ABSOLUTE
    user\src\w25q64.c                        0x00000000   Number         0  w25q64.o ABSOLUTE
    RESET                                    0x08000000   Section      404  startup_stm32f401xx.o(RESET)
    !!!main                                  0x08000194   Section        8  __main.o(!!!main)
    !!!scatter                               0x0800019c   Section       52  __scatter.o(!!!scatter)
    !!handler_copy                           0x080001d0   Section       26  __scatter_copy.o(!!handler_copy)
    !!handler_zi                             0x080001ec   Section       28  __scatter_zi.o(!!handler_zi)
    .ARM.Collect$$libinit$$00000000          0x08000208   Section        2  libinit.o(.ARM.Collect$$libinit$$00000000)
    .ARM.Collect$$libinit$$00000001          0x0800020a   Section        4  libinit2.o(.ARM.Collect$$libinit$$00000001)
    .ARM.Collect$$libinit$$00000004          0x0800020e   Section        0  libinit2.o(.ARM.Collect$$libinit$$00000004)
    .ARM.Collect$$libinit$$0000000A          0x0800020e   Section        0  libinit2.o(.ARM.Collect$$libinit$$0000000A)
    .ARM.Collect$$libinit$$0000000C          0x0800020e   Section        0  libinit2.o(.ARM.Collect$$libinit$$0000000C)
    .ARM.Collect$$libinit$$0000000E          0x0800020e   Section        0  libinit2.o(.ARM.Collect$$libinit$$0000000E)
    .ARM.Collect$$libinit$$00000011          0x0800020e   Section        0  libinit2.o(.ARM.Collect$$libinit$$00000011)
    .ARM.Collect$$libinit$$00000013          0x0800020e   Section        0  libinit2.o(.ARM.Collect$$libinit$$00000013)
    .ARM.Collect$$libinit$$00000015          0x0800020e   Section        0  libinit2.o(.ARM.Collect$$libinit$$00000015)
    .ARM.Collect$$libinit$$00000017          0x0800020e   Section        0  libinit2.o(.ARM.Collect$$libinit$$00000017)
    .ARM.Collect$$libinit$$00000019          0x0800020e   Section        0  libinit2.o(.ARM.Collect$$libinit$$00000019)
    .ARM.Collect$$libinit$$0000001B          0x0800020e   Section        0  libinit2.o(.ARM.Collect$$libinit$$0000001B)
    .ARM.Collect$$libinit$$0000001D          0x0800020e   Section        0  libinit2.o(.ARM.Collect$$libinit$$0000001D)
    .ARM.Collect$$libinit$$0000001F          0x0800020e   Section        0  libinit2.o(.ARM.Collect$$libinit$$0000001F)
    .ARM.Collect$$libinit$$00000021          0x0800020e   Section        0  libinit2.o(.ARM.Collect$$libinit$$00000021)
    .ARM.Collect$$libinit$$00000023          0x0800020e   Section        0  libinit2.o(.ARM.Collect$$libinit$$00000023)
    .ARM.Collect$$libinit$$00000025          0x0800020e   Section        0  libinit2.o(.ARM.Collect$$libinit$$00000025)
    .ARM.Collect$$libinit$$0000002C          0x0800020e   Section        0  libinit2.o(.ARM.Collect$$libinit$$0000002C)
    .ARM.Collect$$libinit$$0000002E          0x0800020e   Section        0  libinit2.o(.ARM.Collect$$libinit$$0000002E)
    .ARM.Collect$$libinit$$00000030          0x0800020e   Section        0  libinit2.o(.ARM.Collect$$libinit$$00000030)
    .ARM.Collect$$libinit$$00000032          0x0800020e   Section        0  libinit2.o(.ARM.Collect$$libinit$$00000032)
    .ARM.Collect$$libinit$$00000033          0x0800020e   Section        2  libinit2.o(.ARM.Collect$$libinit$$00000033)
    .ARM.Collect$$libshutdown$$00000000      0x08000210   Section        2  libshutdown.o(.ARM.Collect$$libshutdown$$00000000)
    .ARM.Collect$$libshutdown$$00000002      0x08000212   Section        0  libshutdown2.o(.ARM.Collect$$libshutdown$$00000002)
    .ARM.Collect$$libshutdown$$00000004      0x08000212   Section        0  libshutdown2.o(.ARM.Collect$$libshutdown$$00000004)
    .ARM.Collect$$libshutdown$$00000006      0x08000212   Section        0  libshutdown2.o(.ARM.Collect$$libshutdown$$00000006)
    .ARM.Collect$$libshutdown$$00000009      0x08000212   Section        0  libshutdown2.o(.ARM.Collect$$libshutdown$$00000009)
    .ARM.Collect$$libshutdown$$0000000C      0x08000212   Section        0  libshutdown2.o(.ARM.Collect$$libshutdown$$0000000C)
    .ARM.Collect$$libshutdown$$0000000E      0x08000212   Section        0  libshutdown2.o(.ARM.Collect$$libshutdown$$0000000E)
    .ARM.Collect$$libshutdown$$00000011      0x08000212   Section        0  libshutdown2.o(.ARM.Collect$$libshutdown$$00000011)
    .ARM.Collect$$libshutdown$$00000012      0x08000212   Section        2  libshutdown2.o(.ARM.Collect$$libshutdown$$00000012)
    .ARM.Collect$$rtentry$$00000000          0x08000214   Section        0  __rtentry.o(.ARM.Collect$$rtentry$$00000000)
    .ARM.Collect$$rtentry$$00000002          0x08000214   Section        0  __rtentry2.o(.ARM.Collect$$rtentry$$00000002)
    .ARM.Collect$$rtentry$$00000004          0x08000214   Section        6  __rtentry4.o(.ARM.Collect$$rtentry$$00000004)
    .ARM.Collect$$rtentry$$00000009          0x0800021a   Section        0  __rtentry2.o(.ARM.Collect$$rtentry$$00000009)
    .ARM.Collect$$rtentry$$0000000A          0x0800021a   Section        4  __rtentry2.o(.ARM.Collect$$rtentry$$0000000A)
    .ARM.Collect$$rtentry$$0000000C          0x0800021e   Section        0  __rtentry2.o(.ARM.Collect$$rtentry$$0000000C)
    .ARM.Collect$$rtentry$$0000000D          0x0800021e   Section        8  __rtentry2.o(.ARM.Collect$$rtentry$$0000000D)
    .ARM.Collect$$rtexit$$00000000           0x08000226   Section        2  rtexit.o(.ARM.Collect$$rtexit$$00000000)
    .ARM.Collect$$rtexit$$00000002           0x08000228   Section        0  rtexit2.o(.ARM.Collect$$rtexit$$00000002)
    .ARM.Collect$$rtexit$$00000003           0x08000228   Section        4  rtexit2.o(.ARM.Collect$$rtexit$$00000003)
    .ARM.Collect$$rtexit$$00000004           0x0800022c   Section        6  rtexit2.o(.ARM.Collect$$rtexit$$00000004)
    .text                                    0x08000234   Section       64  startup_stm32f401xx.o(.text)
    $v0                                      0x08000234   Number         0  startup_stm32f401xx.o(.text)
    .text                                    0x08000274   Section        2  use_no_semi_2.o(.text)
    .text                                    0x08000278   Section        0  noretval__2printf.o(.text)
    .text                                    0x08000290   Section      100  rt_memcpy_w.o(.text)
    .text                                    0x080002f4   Section       78  rt_memclr_w.o(.text)
    .text                                    0x08000344   Section      128  strcmpv7m.o(.text)
    .text                                    0x080003c4   Section        0  heapauxi.o(.text)
    .text                                    0x080003ca   Section        2  use_no_semi.o(.text)
    .text                                    0x080003cc   Section        0  _printf_char_file.o(.text)
    .text                                    0x080003f0   Section        0  _printf_char_common.o(.text)
    _printf_input_char                       0x080003f1   Thumb Code    10  _printf_char_common.o(.text)
    .text                                    0x08000420   Section        0  ferror.o(.text)
    .text                                    0x08000428   Section       74  sys_stackheap_outer.o(.text)
    .text                                    0x08000472   Section        0  __printf_nopercent.o(.text)
    .text                                    0x0800049a   Section        0  exit.o(.text)
    .text                                    0x080004ac   Section        8  libspace.o(.text)
    i.GPIO_Init                              0x080004b4   Section        0  stm32f4xx_gpio.o(i.GPIO_Init)
    i.GPIO_PinAFConfig                       0x08000544   Section        0  stm32f4xx_gpio.o(i.GPIO_PinAFConfig)
    i.GPIO_ReadInputDataBit                  0x0800058a   Section        0  stm32f4xx_gpio.o(i.GPIO_ReadInputDataBit)
    i.GPIO_ResetBits                         0x0800059c   Section        0  stm32f4xx_gpio.o(i.GPIO_ResetBits)
    i.GPIO_SetBits                           0x080005a0   Section        0  stm32f4xx_gpio.o(i.GPIO_SetBits)
    i.NVIC_Init                              0x080005a4   Section        0  misc.o(i.NVIC_Init)
    i.NVIC_PriorityGroupConfig               0x0800061c   Section        0  misc.o(i.NVIC_PriorityGroupConfig)
    i.RCC_AHB1PeriphClockCmd                 0x08000630   Section        0  stm32f4xx_rcc.o(i.RCC_AHB1PeriphClockCmd)
    i.RCC_APB1PeriphClockCmd                 0x08000650   Section        0  stm32f4xx_rcc.o(i.RCC_APB1PeriphClockCmd)
    i.RCC_APB2PeriphClockCmd                 0x08000670   Section        0  stm32f4xx_rcc.o(i.RCC_APB2PeriphClockCmd)
    i.RCC_GetClocksFreq                      0x08000690   Section        0  stm32f4xx_rcc.o(i.RCC_GetClocksFreq)
    i.SPI_Cmd                                0x08000778   Section        0  stm32f4xx_spi.o(i.SPI_Cmd)
    i.SPI_I2S_GetFlagStatus                  0x08000790   Section        0  stm32f4xx_spi.o(i.SPI_I2S_GetFlagStatus)
    i.SPI_I2S_ReceiveData                    0x080007a2   Section        0  stm32f4xx_spi.o(i.SPI_I2S_ReceiveData)
    i.SPI_I2S_SendData                       0x080007a8   Section        0  stm32f4xx_spi.o(i.SPI_I2S_SendData)
    i.SPI_Init                               0x080007ac   Section        0  stm32f4xx_spi.o(i.SPI_Init)
    i.SPI_NSSInternalSoftwareConfig          0x080007e8   Section        0  stm32f4xx_spi.o(i.SPI_NSSInternalSoftwareConfig)
    i.SetSysClock                            0x08000808   Section        0  system_stm32f4xx.o(i.SetSysClock)
    SetSysClock                              0x08000809   Thumb Code   216  system_stm32f4xx.o(i.SetSysClock)
    i.SystemInit                             0x080008f0   Section        0  system_stm32f4xx.o(i.SystemInit)
    i.TIM1_BRK_TIM9_IRQHandler               0x08000958   Section        0  nvic.o(i.TIM1_BRK_TIM9_IRQHandler)
    i.TIM_ClearFlag                          0x080009cc   Section        0  stm32f4xx_tim.o(i.TIM_ClearFlag)
    i.TIM_ClearITPendingBit                  0x080009d2   Section        0  stm32f4xx_tim.o(i.TIM_ClearITPendingBit)
    i.TIM_Cmd                                0x080009d8   Section        0  stm32f4xx_tim.o(i.TIM_Cmd)
    i.TIM_GetFlagStatus                      0x080009f0   Section        0  stm32f4xx_tim.o(i.TIM_GetFlagStatus)
    i.TIM_GetITStatus                        0x08000a02   Section        0  stm32f4xx_tim.o(i.TIM_GetITStatus)
    i.TIM_SelectOnePulseMode                 0x08000a24   Section        0  stm32f4xx_tim.o(i.TIM_SelectOnePulseMode)
    i.TIM_SetCompare4                        0x08000a36   Section        0  stm32f4xx_tim.o(i.TIM_SetCompare4)
    i.TIM_TimeBaseInit                       0x08000a3c   Section        0  stm32f4xx_tim.o(i.TIM_TimeBaseInit)
    i.USART1_IRQHandler                      0x08000ac0   Section        0  nvic.o(i.USART1_IRQHandler)
    i.USART_ClearITPendingBit                0x08000b6c   Section        0  stm32f4xx_usart.o(i.USART_ClearITPendingBit)
    i.USART_Cmd                              0x08000b8a   Section        0  stm32f4xx_usart.o(i.USART_Cmd)
    i.USART_GetITStatus                      0x08000ba2   Section        0  stm32f4xx_usart.o(i.USART_GetITStatus)
    i.USART_ITConfig                         0x08000bf6   Section        0  stm32f4xx_usart.o(i.USART_ITConfig)
    i.USART_Init                             0x08000c40   Section        0  stm32f4xx_usart.o(i.USART_Init)
    i.USART_ReceiveData                      0x08000d14   Section        0  stm32f4xx_usart.o(i.USART_ReceiveData)
    i._sys_exit                              0x08000d1e   Section        0  usart.o(i._sys_exit)
    i.at24c04_init                           0x08000d22   Section        0  at24c04.o(i.at24c04_init)
    i.at24c04_read_byte                      0x08000d2a   Section        0  at24c04.o(i.at24c04_read_byte)
    i.at24c04_read_bytes                     0x08000dac   Section        0  at24c04.o(i.at24c04_read_bytes)
    i.at24c04_write_byte                     0x08000e4a   Section        0  at24c04.o(i.at24c04_write_byte)
    i.at24c04_write_bytes                    0x08000eb6   Section        0  at24c04.o(i.at24c04_write_bytes)
    i.at24c04_write_page                     0x08000f02   Section        0  at24c04.o(i.at24c04_write_page)
    i.bs8116_iic_get_ack                     0x08000fa0   Section        0  bs8116.o(i.bs8116_iic_get_ack)
    i.bs8116_iic_io_init                     0x08000fec   Section        0  bs8116.o(i.bs8116_iic_io_init)
    i.bs8116_iic_read_byte                   0x0800102c   Section        0  bs8116.o(i.bs8116_iic_read_byte)
    i.bs8116_iic_send_ack                    0x08001088   Section        0  bs8116.o(i.bs8116_iic_send_ack)
    i.bs8116_iic_send_byte                   0x080010dc   Section        0  bs8116.o(i.bs8116_iic_send_byte)
    i.bs8116_iic_start                       0x08001140   Section        0  bs8116.o(i.bs8116_iic_start)
    i.bs8116_iic_stop                        0x08001188   Section        0  bs8116.o(i.bs8116_iic_stop)
    i.bs8116_init                            0x080011d0   Section        0  bs8116.o(i.bs8116_init)
    i.bs8116_key_scan                        0x08001224   Section        0  bs8116.o(i.bs8116_key_scan)
    i.bs8116_read_key                        0x08001264   Section        0  bs8116.o(i.bs8116_read_key)
    i.bs8116_write_register                  0x08001374   Section        0  bs8116.o(i.bs8116_write_register)
    i.close_door                             0x08001410   Section        0  door.o(i.close_door)
    i.delay_ms                               0x08001440   Section        0  door.o(i.delay_ms)
    delay_ms                                 0x08001441   Thumb Code    20  door.o(i.delay_ms)
    i.door_init                              0x08001454   Section        0  door.o(i.door_init)
    i.fputc                                  0x0800149c   Section        0  usart.o(i.fputc)
    i.iic_get_ack                            0x080014b8   Section        0  at24c04.o(i.iic_get_ack)
    i.iic_io_init                            0x08001520   Section        0  at24c04.o(i.iic_io_init)
    i.iic_read_byte                          0x080015a8   Section        0  at24c04.o(i.iic_read_byte)
    i.iic_send_ack                           0x08001620   Section        0  at24c04.o(i.iic_send_ack)
    i.iic_send_byte                          0x080016b0   Section        0  at24c04.o(i.iic_send_byte)
    i.iic_start                              0x08001724   Section        0  at24c04.o(i.iic_start)
    i.iic_stop                               0x08001778   Section        0  at24c04.o(i.iic_stop)
    i.key_init                               0x080017c0   Section        0  key.o(i.key_init)
    i.lcd_clear                              0x080017ec   Section        0  lcd.o(i.lcd_clear)
    i.lcd_draw_point                         0x0800182e   Section        0  lcd.o(i.lcd_draw_point)
    i.lcd_flash_show_32                      0x08001868   Section        0  lcd.o(i.lcd_flash_show_32)
    i.lcd_flash_show_32ch                    0x080018ce   Section        0  lcd.o(i.lcd_flash_show_32ch)
    i.lcd_flash_show_32hz                    0x08001954   Section        0  lcd.o(i.lcd_flash_show_32hz)
    i.lcd_init                               0x08001a04   Section        0  lcd.o(i.lcd_init)
    i.lcd_io_init                            0x08001b90   Section        0  lcd.o(i.lcd_io_init)
    i.lcd_spi_byte                           0x08001bd0   Section        0  lcd.o(i.lcd_spi_byte)
    i.lcd_spi_io_init                        0x08001c30   Section        0  lcd.o(i.lcd_spi_io_init)
    i.led_init                               0x08001c6c   Section        0  led.o(i.led_init)
    i.main                                   0x08001cbc   Section        0  main.o(i.main)
    i.open_door                              0x08001cf4   Section        0  door.o(i.open_door)
    i.open_passwd                            0x08001d24   Section        0  bs8116.o(i.open_passwd)
    i.read_status                            0x08002008   Section        0  w25q64.o(i.read_status)
    i.st7789vm_rest                          0x08002030   Section        0  lcd.o(i.st7789vm_rest)
    i.st7789vm_write_command                 0x08002054   Section        0  lcd.o(i.st7789vm_write_command)
    i.st7789vm_write_command_parameter       0x08002084   Section        0  lcd.o(i.st7789vm_write_command_parameter)
    i.st7789vm_write_data                    0x080020b4   Section        0  lcd.o(i.st7789vm_write_data)
    i.tim5_delay_ms                          0x080020e8   Section        0  tim.o(i.tim5_delay_ms)
    i.tim5_delay_us                          0x0800214c   Section        0  tim.o(i.tim5_delay_us)
    i.usart1_init                            0x080021a8   Section        0  usart.o(i.usart1_init)
    i.voice                                  0x08002270   Section        0  voice.o(i.voice)
    i.voice_head                             0x080022ac   Section        0  voice.o(i.voice_head)
    i.voice_high                             0x080022d0   Section        0  voice.o(i.voice_high)
    i.voice_init                             0x080022f8   Section        0  voice.o(i.voice_init)
    i.voice_low                              0x0800234c   Section        0  voice.o(i.voice_low)
    i.w25q64_init                            0x08002374   Section        0  w25q64.o(i.w25q64_init)
    i.w25q64_page_write                      0x080023b8   Section        0  w25q64.o(i.w25q64_page_write)
    i.w25q64_read                            0x0800242c   Section        0  w25q64.o(i.w25q64_read)
    i.w25q64_spi_byte                        0x0800247c   Section        0  w25q64.o(i.w25q64_spi_byte)
    i.w25q64_spi_init                        0x080024b8   Section        0  w25q64.o(i.w25q64_spi_init)
    i.wirite_enable                          0x08002568   Section        0  w25q64.o(i.wirite_enable)
    i.write_status                           0x08002588   Section        0  w25q64.o(i.write_status)
    x$fpl$fpinit                             0x080025c0   Section       10  fpinit.o(x$fpl$fpinit)
    $v0                                      0x080025c0   Number         0  fpinit.o(x$fpl$fpinit)
    .data                                    0x20000000   Section        4  usart.o(.data)
    .data                                    0x20000004   Section       15  nvic.o(.data)
    zk_addr                                  0x20000008   Data           4  nvic.o(.data)
    zk_cnt                                   0x2000000c   Data           4  nvic.o(.data)
    led_pwm                                  0x20000010   Data           2  nvic.o(.data)
    led_pwm_flag                             0x20000012   Data           1  nvic.o(.data)
    .data                                    0x20000013   Section        5  bs8116.o(.data)
    bs8116_key_flag                          0x20000013   Data           1  bs8116.o(.data)
    at24_flag                                0x20000014   Data           1  bs8116.o(.data)
    open_flag                                0x20000015   Data           1  bs8116.o(.data)
    passwd_i                                 0x20000016   Data           1  bs8116.o(.data)
    open_door_flag                           0x20000017   Data           1  bs8116.o(.data)
    .data                                    0x20000018   Section       16  stm32f4xx_rcc.o(.data)
    APBAHBPrescTable                         0x20000018   Data          16  stm32f4xx_rcc.o(.data)
    .bss                                     0x20000028   Section       20  bs8116.o(.bss)
    open_passwd1                             0x20000028   Data          10  bs8116.o(.bss)
    open_passwd2                             0x20000032   Data          10  bs8116.o(.bss)
    .bss                                     0x2000003c   Section       96  libspace.o(.bss)
    HEAP                                     0x200000a0   Section      512  startup_stm32f401xx.o(HEAP)
    Heap_Mem                                 0x200000a0   Data         512  startup_stm32f401xx.o(HEAP)
    STACK                                    0x200002a0   Section     1024  startup_stm32f401xx.o(STACK)
    Stack_Mem                                0x200002a0   Data        1024  startup_stm32f401xx.o(STACK)
    __initial_sp                             0x200006a0   Data           0  startup_stm32f401xx.o(STACK)

    Global Symbols

    Symbol Name                              Value     Ov Type        Size  Object(Section)

    BuildAttributes$$THM_ISAv4$E$P$D$K$B$S$7EM$VFPi3$EXTD16$VFPS$VFMA$PE$A:L22UL41UL21$X:L11$S22US41US21$IEEE1$IW$USESV6$~STKCKD$USESV7$~SHL$OSPACE$ROPI$EBA8$UX$STANDARDLIB$REQ8$PRES8$EABIv2 0x00000000   Number         0  anon$$obj.o ABSOLUTE
    __ARM_use_no_argv                        0x00000000   Number         0  main.o ABSOLUTE
    __ARM_exceptions_init                     - Undefined Weak Reference
    __alloca_initialize                       - Undefined Weak Reference
    __arm_fini_                               - Undefined Weak Reference
    __arm_preinit_                            - Undefined Weak Reference
    __cpp_initialize__aeabi_                  - Undefined Weak Reference
    __cxa_finalize                            - Undefined Weak Reference
    __rt_locale                               - Undefined Weak Reference
    __sigvec_lookup                           - Undefined Weak Reference
    _atexit_init                              - Undefined Weak Reference
    _call_atexit_fns                          - Undefined Weak Reference
    _clock_init                               - Undefined Weak Reference
    _fp_trap_init                             - Undefined Weak Reference
    _fp_trap_shutdown                         - Undefined Weak Reference
    _get_lc_collate                           - Undefined Weak Reference
    _get_lc_ctype                             - Undefined Weak Reference
    _get_lc_monetary                          - Undefined Weak Reference
    _get_lc_numeric                           - Undefined Weak Reference
    _get_lc_time                              - Undefined Weak Reference
    _getenv_init                              - Undefined Weak Reference
    _handle_redirection                       - Undefined Weak Reference
    _init_alloc                               - Undefined Weak Reference
    _init_user_alloc                          - Undefined Weak Reference
    _initio                                   - Undefined Weak Reference
    _mutex_acquire                            - Undefined Weak Reference
    _mutex_release                            - Undefined Weak Reference
    _rand_init                                - Undefined Weak Reference
    _signal_finish                            - Undefined Weak Reference
    _signal_init                              - Undefined Weak Reference
    _terminate_alloc                          - Undefined Weak Reference
    _terminate_user_alloc                     - Undefined Weak Reference
    _terminateio                              - Undefined Weak Reference
    __Vectors_Size                           0x00000194   Number         0  startup_stm32f401xx.o ABSOLUTE
    __Vectors                                0x08000000   Data           4  startup_stm32f401xx.o(RESET)
    __Vectors_End                            0x08000194   Data           0  startup_stm32f401xx.o(RESET)
    __main                                   0x08000195   Thumb Code     8  __main.o(!!!main)
    __scatterload                            0x0800019d   Thumb Code     0  __scatter.o(!!!scatter)
    __scatterload_rt2                        0x0800019d   Thumb Code    44  __scatter.o(!!!scatter)
    __scatterload_rt2_thumb_only             0x0800019d   Thumb Code     0  __scatter.o(!!!scatter)
    __scatterload_null                       0x080001ab   Thumb Code     0  __scatter.o(!!!scatter)
    __scatterload_copy                       0x080001d1   Thumb Code    26  __scatter_copy.o(!!handler_copy)
    __scatterload_zeroinit                   0x080001ed   Thumb Code    28  __scatter_zi.o(!!handler_zi)
    __rt_lib_init                            0x08000209   Thumb Code     0  libinit.o(.ARM.Collect$$libinit$$00000000)
    __rt_lib_init_fp_1                       0x0800020b   Thumb Code     0  libinit2.o(.ARM.Collect$$libinit$$00000001)
    __rt_lib_init_alloca_1                   0x0800020f   Thumb Code     0  libinit2.o(.ARM.Collect$$libinit$$0000002E)
    __rt_lib_init_argv_1                     0x0800020f   Thumb Code     0  libinit2.o(.ARM.Collect$$libinit$$0000002C)
    __rt_lib_init_atexit_1                   0x0800020f   Thumb Code     0  libinit2.o(.ARM.Collect$$libinit$$0000001B)
    __rt_lib_init_clock_1                    0x0800020f   Thumb Code     0  libinit2.o(.ARM.Collect$$libinit$$00000021)
    __rt_lib_init_cpp_1                      0x0800020f   Thumb Code     0  libinit2.o(.ARM.Collect$$libinit$$00000032)
    __rt_lib_init_exceptions_1               0x0800020f   Thumb Code     0  libinit2.o(.ARM.Collect$$libinit$$00000030)
    __rt_lib_init_fp_trap_1                  0x0800020f   Thumb Code     0  libinit2.o(.ARM.Collect$$libinit$$0000001F)
    __rt_lib_init_getenv_1                   0x0800020f   Thumb Code     0  libinit2.o(.ARM.Collect$$libinit$$00000023)
    __rt_lib_init_heap_1                     0x0800020f   Thumb Code     0  libinit2.o(.ARM.Collect$$libinit$$0000000A)
    __rt_lib_init_lc_collate_1               0x0800020f   Thumb Code     0  libinit2.o(.ARM.Collect$$libinit$$00000011)
    __rt_lib_init_lc_ctype_1                 0x0800020f   Thumb Code     0  libinit2.o(.ARM.Collect$$libinit$$00000013)
    __rt_lib_init_lc_monetary_1              0x0800020f   Thumb Code     0  libinit2.o(.ARM.Collect$$libinit$$00000015)
    __rt_lib_init_lc_numeric_1               0x0800020f   Thumb Code     0  libinit2.o(.ARM.Collect$$libinit$$00000017)
    __rt_lib_init_lc_time_1                  0x0800020f   Thumb Code     0  libinit2.o(.ARM.Collect$$libinit$$00000019)
    __rt_lib_init_preinit_1                  0x0800020f   Thumb Code     0  libinit2.o(.ARM.Collect$$libinit$$00000004)
    __rt_lib_init_rand_1                     0x0800020f   Thumb Code     0  libinit2.o(.ARM.Collect$$libinit$$0000000E)
    __rt_lib_init_return                     0x0800020f   Thumb Code     0  libinit2.o(.ARM.Collect$$libinit$$00000033)
    __rt_lib_init_signal_1                   0x0800020f   Thumb Code     0  libinit2.o(.ARM.Collect$$libinit$$0000001D)
    __rt_lib_init_stdio_1                    0x0800020f   Thumb Code     0  libinit2.o(.ARM.Collect$$libinit$$00000025)
    __rt_lib_init_user_alloc_1               0x0800020f   Thumb Code     0  libinit2.o(.ARM.Collect$$libinit$$0000000C)
    __rt_lib_shutdown                        0x08000211   Thumb Code     0  libshutdown.o(.ARM.Collect$$libshutdown$$00000000)
    __rt_lib_shutdown_cpp_1                  0x08000213   Thumb Code     0  libshutdown2.o(.ARM.Collect$$libshutdown$$00000004)
    __rt_lib_shutdown_fini_1                 0x08000213   Thumb Code     0  libshutdown2.o(.ARM.Collect$$libshutdown$$00000002)
    __rt_lib_shutdown_fp_trap_1              0x08000213   Thumb Code     0  libshutdown2.o(.ARM.Collect$$libshutdown$$00000009)
    __rt_lib_shutdown_heap_1                 0x08000213   Thumb Code     0  libshutdown2.o(.ARM.Collect$$libshutdown$$00000011)
    __rt_lib_shutdown_return                 0x08000213   Thumb Code     0  libshutdown2.o(.ARM.Collect$$libshutdown$$00000012)
    __rt_lib_shutdown_signal_1               0x08000213   Thumb Code     0  libshutdown2.o(.ARM.Collect$$libshutdown$$0000000C)
    __rt_lib_shutdown_stdio_1                0x08000213   Thumb Code     0  libshutdown2.o(.ARM.Collect$$libshutdown$$00000006)
    __rt_lib_shutdown_user_alloc_1           0x08000213   Thumb Code     0  libshutdown2.o(.ARM.Collect$$libshutdown$$0000000E)
    __rt_entry                               0x08000215   Thumb Code     0  __rtentry.o(.ARM.Collect$$rtentry$$00000000)
    __rt_entry_presh_1                       0x08000215   Thumb Code     0  __rtentry2.o(.ARM.Collect$$rtentry$$00000002)
    __rt_entry_sh                            0x08000215   Thumb Code     0  __rtentry4.o(.ARM.Collect$$rtentry$$00000004)
    __rt_entry_li                            0x0800021b   Thumb Code     0  __rtentry2.o(.ARM.Collect$$rtentry$$0000000A)
    __rt_entry_postsh_1                      0x0800021b   Thumb Code     0  __rtentry2.o(.ARM.Collect$$rtentry$$00000009)
    __rt_entry_main                          0x0800021f   Thumb Code     0  __rtentry2.o(.ARM.Collect$$rtentry$$0000000D)
    __rt_entry_postli_1                      0x0800021f   Thumb Code     0  __rtentry2.o(.ARM.Collect$$rtentry$$0000000C)
    __rt_exit                                0x08000227   Thumb Code     0  rtexit.o(.ARM.Collect$$rtexit$$00000000)
    __rt_exit_ls                             0x08000229   Thumb Code     0  rtexit2.o(.ARM.Collect$$rtexit$$00000003)
    __rt_exit_prels_1                        0x08000229   Thumb Code     0  rtexit2.o(.ARM.Collect$$rtexit$$00000002)
    __rt_exit_exit                           0x0800022d   Thumb Code     0  rtexit2.o(.ARM.Collect$$rtexit$$00000004)
    Reset_Handler                            0x08000235   Thumb Code     8  startup_stm32f401xx.o(.text)
    NMI_Handler                              0x0800023d   Thumb Code     2  startup_stm32f401xx.o(.text)
    HardFault_Handler                        0x0800023f   Thumb Code     2  startup_stm32f401xx.o(.text)
    MemManage_Handler                        0x08000241   Thumb Code     2  startup_stm32f401xx.o(.text)
    BusFault_Handler                         0x08000243   Thumb Code     2  startup_stm32f401xx.o(.text)
    UsageFault_Handler                       0x08000245   Thumb Code     2  startup_stm32f401xx.o(.text)
    SVC_Handler                              0x08000247   Thumb Code     2  startup_stm32f401xx.o(.text)
    DebugMon_Handler                         0x08000249   Thumb Code     2  startup_stm32f401xx.o(.text)
    PendSV_Handler                           0x0800024b   Thumb Code     2  startup_stm32f401xx.o(.text)
    SysTick_Handler                          0x0800024d   Thumb Code     2  startup_stm32f401xx.o(.text)
    ADC_IRQHandler                           0x0800024f   Thumb Code     0  startup_stm32f401xx.o(.text)
    DMA1_Stream0_IRQHandler                  0x0800024f   Thumb Code     0  startup_stm32f401xx.o(.text)
    DMA1_Stream1_IRQHandler                  0x0800024f   Thumb Code     0  startup_stm32f401xx.o(.text)
    DMA1_Stream2_IRQHandler                  0x0800024f   Thumb Code     0  startup_stm32f401xx.o(.text)
    DMA1_Stream3_IRQHandler                  0x0800024f   Thumb Code     0  startup_stm32f401xx.o(.text)
    DMA1_Stream4_IRQHandler                  0x0800024f   Thumb Code     0  startup_stm32f401xx.o(.text)
    DMA1_Stream5_IRQHandler                  0x0800024f   Thumb Code     0  startup_stm32f401xx.o(.text)
    DMA1_Stream6_IRQHandler                  0x0800024f   Thumb Code     0  startup_stm32f401xx.o(.text)
    DMA1_Stream7_IRQHandler                  0x0800024f   Thumb Code     0  startup_stm32f401xx.o(.text)
    DMA2_Stream0_IRQHandler                  0x0800024f   Thumb Code     0  startup_stm32f401xx.o(.text)
    DMA2_Stream1_IRQHandler                  0x0800024f   Thumb Code     0  startup_stm32f401xx.o(.text)
    DMA2_Stream2_IRQHandler                  0x0800024f   Thumb Code     0  startup_stm32f401xx.o(.text)
    DMA2_Stream3_IRQHandler                  0x0800024f   Thumb Code     0  startup_stm32f401xx.o(.text)
    DMA2_Stream4_IRQHandler                  0x0800024f   Thumb Code     0  startup_stm32f401xx.o(.text)
    DMA2_Stream5_IRQHandler                  0x0800024f   Thumb Code     0  startup_stm32f401xx.o(.text)
    DMA2_Stream6_IRQHandler                  0x0800024f   Thumb Code     0  startup_stm32f401xx.o(.text)
    DMA2_Stream7_IRQHandler                  0x0800024f   Thumb Code     0  startup_stm32f401xx.o(.text)
    EXTI0_IRQHandler                         0x0800024f   Thumb Code     0  startup_stm32f401xx.o(.text)
    EXTI15_10_IRQHandler                     0x0800024f   Thumb Code     0  startup_stm32f401xx.o(.text)
    EXTI1_IRQHandler                         0x0800024f   Thumb Code     0  startup_stm32f401xx.o(.text)
    EXTI2_IRQHandler                         0x0800024f   Thumb Code     0  startup_stm32f401xx.o(.text)
    EXTI3_IRQHandler                         0x0800024f   Thumb Code     0  startup_stm32f401xx.o(.text)
    EXTI4_IRQHandler                         0x0800024f   Thumb Code     0  startup_stm32f401xx.o(.text)
    EXTI9_5_IRQHandler                       0x0800024f   Thumb Code     0  startup_stm32f401xx.o(.text)
    FLASH_IRQHandler                         0x0800024f   Thumb Code     0  startup_stm32f401xx.o(.text)
    FPU_IRQHandler                           0x0800024f   Thumb Code     0  startup_stm32f401xx.o(.text)
    I2C1_ER_IRQHandler                       0x0800024f   Thumb Code     0  startup_stm32f401xx.o(.text)
    I2C1_EV_IRQHandler                       0x0800024f   Thumb Code     0  startup_stm32f401xx.o(.text)
    I2C2_ER_IRQHandler                       0x0800024f   Thumb Code     0  startup_stm32f401xx.o(.text)
    I2C2_EV_IRQHandler                       0x0800024f   Thumb Code     0  startup_stm32f401xx.o(.text)
    I2C3_ER_IRQHandler                       0x0800024f   Thumb Code     0  startup_stm32f401xx.o(.text)
    I2C3_EV_IRQHandler                       0x0800024f   Thumb Code     0  startup_stm32f401xx.o(.text)
    OTG_FS_IRQHandler                        0x0800024f   Thumb Code     0  startup_stm32f401xx.o(.text)
    OTG_FS_WKUP_IRQHandler                   0x0800024f   Thumb Code     0  startup_stm32f401xx.o(.text)
    PVD_IRQHandler                           0x0800024f   Thumb Code     0  startup_stm32f401xx.o(.text)
    RCC_IRQHandler                           0x0800024f   Thumb Code     0  startup_stm32f401xx.o(.text)
    RTC_Alarm_IRQHandler                     0x0800024f   Thumb Code     0  startup_stm32f401xx.o(.text)
    RTC_WKUP_IRQHandler                      0x0800024f   Thumb Code     0  startup_stm32f401xx.o(.text)
    SDIO_IRQHandler                          0x0800024f   Thumb Code     0  startup_stm32f401xx.o(.text)
    SPI1_IRQHandler                          0x0800024f   Thumb Code     0  startup_stm32f401xx.o(.text)
    SPI2_IRQHandler                          0x0800024f   Thumb Code     0  startup_stm32f401xx.o(.text)
    SPI3_IRQHandler                          0x0800024f   Thumb Code     0  startup_stm32f401xx.o(.text)
    SPI4_IRQHandler                          0x0800024f   Thumb Code     0  startup_stm32f401xx.o(.text)
    TAMP_STAMP_IRQHandler                    0x0800024f   Thumb Code     0  startup_stm32f401xx.o(.text)
    TIM1_CC_IRQHandler                       0x0800024f   Thumb Code     0  startup_stm32f401xx.o(.text)
    TIM1_TRG_COM_TIM11_IRQHandler            0x0800024f   Thumb Code     0  startup_stm32f401xx.o(.text)
    TIM1_UP_TIM10_IRQHandler                 0x0800024f   Thumb Code     0  startup_stm32f401xx.o(.text)
    TIM2_IRQHandler                          0x0800024f   Thumb Code     0  startup_stm32f401xx.o(.text)
    TIM3_IRQHandler                          0x0800024f   Thumb Code     0  startup_stm32f401xx.o(.text)
    TIM4_IRQHandler                          0x0800024f   Thumb Code     0  startup_stm32f401xx.o(.text)
    TIM5_IRQHandler                          0x0800024f   Thumb Code     0  startup_stm32f401xx.o(.text)
    USART2_IRQHandler                        0x0800024f   Thumb Code     0  startup_stm32f401xx.o(.text)
    USART6_IRQHandler                        0x0800024f   Thumb Code     0  startup_stm32f401xx.o(.text)
    WWDG_IRQHandler                          0x0800024f   Thumb Code     0  startup_stm32f401xx.o(.text)
    __user_initial_stackheap                 0x08000251   Thumb Code     0  startup_stm32f401xx.o(.text)
    __use_no_semihosting                     0x08000275   Thumb Code     2  use_no_semi_2.o(.text)
    __2printf                                0x08000279   Thumb Code    20  noretval__2printf.o(.text)
    __aeabi_memcpy4                          0x08000291   Thumb Code     0  rt_memcpy_w.o(.text)
    __aeabi_memcpy8                          0x08000291   Thumb Code     0  rt_memcpy_w.o(.text)
    __rt_memcpy_w                            0x08000291   Thumb Code   100  rt_memcpy_w.o(.text)
    _memcpy_lastbytes_aligned                0x080002d9   Thumb Code     0  rt_memcpy_w.o(.text)
    __aeabi_memclr4                          0x080002f5   Thumb Code     0  rt_memclr_w.o(.text)
    __aeabi_memclr8                          0x080002f5   Thumb Code     0  rt_memclr_w.o(.text)
    __rt_memclr_w                            0x080002f5   Thumb Code    78  rt_memclr_w.o(.text)
    _memset_w                                0x080002f9   Thumb Code     0  rt_memclr_w.o(.text)
    strcmp                                   0x08000345   Thumb Code   128  strcmpv7m.o(.text)
    __use_two_region_memory                  0x080003c5   Thumb Code     2  heapauxi.o(.text)
    __rt_heap_escrow$2region                 0x080003c7   Thumb Code     2  heapauxi.o(.text)
    __rt_heap_expand$2region                 0x080003c9   Thumb Code     2  heapauxi.o(.text)
    __I$use$semihosting                      0x080003cb   Thumb Code     0  use_no_semi.o(.text)
    __use_no_semihosting_swi                 0x080003cb   Thumb Code     2  use_no_semi.o(.text)
    _printf_char_file                        0x080003cd   Thumb Code    32  _printf_char_file.o(.text)
    _printf_char_common                      0x080003fb   Thumb Code    32  _printf_char_common.o(.text)
    ferror                                   0x08000421   Thumb Code     8  ferror.o(.text)
    __user_setup_stackheap                   0x08000429   Thumb Code    74  sys_stackheap_outer.o(.text)
    __printf                                 0x08000473   Thumb Code    40  __printf_nopercent.o(.text)
    exit                                     0x0800049b   Thumb Code    18  exit.o(.text)
    __user_libspace                          0x080004ad   Thumb Code     8  libspace.o(.text)
    __user_perproc_libspace                  0x080004ad   Thumb Code     0  libspace.o(.text)
    __user_perthread_libspace                0x080004ad   Thumb Code     0  libspace.o(.text)
    GPIO_Init                                0x080004b5   Thumb Code   144  stm32f4xx_gpio.o(i.GPIO_Init)
    GPIO_PinAFConfig                         0x08000545   Thumb Code    70  stm32f4xx_gpio.o(i.GPIO_PinAFConfig)
    GPIO_ReadInputDataBit                    0x0800058b   Thumb Code    18  stm32f4xx_gpio.o(i.GPIO_ReadInputDataBit)
    GPIO_ResetBits                           0x0800059d   Thumb Code     4  stm32f4xx_gpio.o(i.GPIO_ResetBits)
    GPIO_SetBits                             0x080005a1   Thumb Code     4  stm32f4xx_gpio.o(i.GPIO_SetBits)
    NVIC_Init                                0x080005a5   Thumb Code   106  misc.o(i.NVIC_Init)
    NVIC_PriorityGroupConfig                 0x0800061d   Thumb Code    10  misc.o(i.NVIC_PriorityGroupConfig)
    RCC_AHB1PeriphClockCmd                   0x08000631   Thumb Code    26  stm32f4xx_rcc.o(i.RCC_AHB1PeriphClockCmd)
    RCC_APB1PeriphClockCmd                   0x08000651   Thumb Code    26  stm32f4xx_rcc.o(i.RCC_APB1PeriphClockCmd)
    RCC_APB2PeriphClockCmd                   0x08000671   Thumb Code    26  stm32f4xx_rcc.o(i.RCC_APB2PeriphClockCmd)
    RCC_GetClocksFreq                        0x08000691   Thumb Code   214  stm32f4xx_rcc.o(i.RCC_GetClocksFreq)
    SPI_Cmd                                  0x08000779   Thumb Code    24  stm32f4xx_spi.o(i.SPI_Cmd)
    SPI_I2S_GetFlagStatus                    0x08000791   Thumb Code    18  stm32f4xx_spi.o(i.SPI_I2S_GetFlagStatus)
    SPI_I2S_ReceiveData                      0x080007a3   Thumb Code     6  stm32f4xx_spi.o(i.SPI_I2S_ReceiveData)
    SPI_I2S_SendData                         0x080007a9   Thumb Code     4  stm32f4xx_spi.o(i.SPI_I2S_SendData)
    SPI_Init                                 0x080007ad   Thumb Code    60  stm32f4xx_spi.o(i.SPI_Init)
    SPI_NSSInternalSoftwareConfig            0x080007e9   Thumb Code    30  stm32f4xx_spi.o(i.SPI_NSSInternalSoftwareConfig)
    SystemInit                               0x080008f1   Thumb Code    88  system_stm32f4xx.o(i.SystemInit)
    TIM1_BRK_TIM9_IRQHandler                 0x08000959   Thumb Code    98  nvic.o(i.TIM1_BRK_TIM9_IRQHandler)
    TIM_ClearFlag                            0x080009cd   Thumb Code     6  stm32f4xx_tim.o(i.TIM_ClearFlag)
    TIM_ClearITPendingBit                    0x080009d3   Thumb Code     6  stm32f4xx_tim.o(i.TIM_ClearITPendingBit)
    TIM_Cmd                                  0x080009d9   Thumb Code    24  stm32f4xx_tim.o(i.TIM_Cmd)
    TIM_GetFlagStatus                        0x080009f1   Thumb Code    18  stm32f4xx_tim.o(i.TIM_GetFlagStatus)
    TIM_GetITStatus                          0x08000a03   Thumb Code    34  stm32f4xx_tim.o(i.TIM_GetITStatus)
    TIM_SelectOnePulseMode                   0x08000a25   Thumb Code    18  stm32f4xx_tim.o(i.TIM_SelectOnePulseMode)
    TIM_SetCompare4                          0x08000a37   Thumb Code     4  stm32f4xx_tim.o(i.TIM_SetCompare4)
    TIM_TimeBaseInit                         0x08000a3d   Thumb Code   104  stm32f4xx_tim.o(i.TIM_TimeBaseInit)
    USART1_IRQHandler                        0x08000ac1   Thumb Code   134  nvic.o(i.USART1_IRQHandler)
    USART_ClearITPendingBit                  0x08000b6d   Thumb Code    30  stm32f4xx_usart.o(i.USART_ClearITPendingBit)
    USART_Cmd                                0x08000b8b   Thumb Code    24  stm32f4xx_usart.o(i.USART_Cmd)
    USART_GetITStatus                        0x08000ba3   Thumb Code    84  stm32f4xx_usart.o(i.USART_GetITStatus)
    USART_ITConfig                           0x08000bf7   Thumb Code    74  stm32f4xx_usart.o(i.USART_ITConfig)
    USART_Init                               0x08000c41   Thumb Code   204  stm32f4xx_usart.o(i.USART_Init)
    USART_ReceiveData                        0x08000d15   Thumb Code    10  stm32f4xx_usart.o(i.USART_ReceiveData)
    _sys_exit                                0x08000d1f   Thumb Code     4  usart.o(i._sys_exit)
    at24c04_init                             0x08000d23   Thumb Code     8  at24c04.o(i.at24c04_init)
    at24c04_read_byte                        0x08000d2b   Thumb Code   130  at24c04.o(i.at24c04_read_byte)
    at24c04_read_bytes                       0x08000dad   Thumb Code   158  at24c04.o(i.at24c04_read_bytes)
    at24c04_write_byte                       0x08000e4b   Thumb Code   108  at24c04.o(i.at24c04_write_byte)
    at24c04_write_bytes                      0x08000eb7   Thumb Code    76  at24c04.o(i.at24c04_write_bytes)
    at24c04_write_page                       0x08000f03   Thumb Code   158  at24c04.o(i.at24c04_write_page)
    bs8116_iic_get_ack                       0x08000fa1   Thumb Code    70  bs8116.o(i.bs8116_iic_get_ack)
    bs8116_iic_io_init                       0x08000fed   Thumb Code    60  bs8116.o(i.bs8116_iic_io_init)
    bs8116_iic_read_byte                     0x0800102d   Thumb Code    86  bs8116.o(i.bs8116_iic_read_byte)
    bs8116_iic_send_ack                      0x08001089   Thumb Code    80  bs8116.o(i.bs8116_iic_send_ack)
    bs8116_iic_send_byte                     0x080010dd   Thumb Code    96  bs8116.o(i.bs8116_iic_send_byte)
    bs8116_iic_start                         0x08001141   Thumb Code    68  bs8116.o(i.bs8116_iic_start)
    bs8116_iic_stop                          0x08001189   Thumb Code    68  bs8116.o(i.bs8116_iic_stop)
    bs8116_init                              0x080011d1   Thumb Code    52  bs8116.o(i.bs8116_init)
    bs8116_key_scan                          0x08001225   Thumb Code    56  bs8116.o(i.bs8116_key_scan)
    bs8116_read_key                          0x08001265   Thumb Code   268  bs8116.o(i.bs8116_read_key)
    bs8116_write_register                    0x08001375   Thumb Code   150  bs8116.o(i.bs8116_write_register)
    close_door                               0x08001411   Thumb Code    44  door.o(i.close_door)
    door_init                                0x08001455   Thumb Code    68  door.o(i.door_init)
    fputc                                    0x0800149d   Thumb Code    22  usart.o(i.fputc)
    iic_get_ack                              0x080014b9   Thumb Code    96  at24c04.o(i.iic_get_ack)
    iic_io_init                              0x08001521   Thumb Code   126  at24c04.o(i.iic_io_init)
    iic_read_byte                            0x080015a9   Thumb Code   110  at24c04.o(i.iic_read_byte)
    iic_send_ack                             0x08001621   Thumb Code   134  at24c04.o(i.iic_send_ack)
    iic_send_byte                            0x080016b1   Thumb Code   108  at24c04.o(i.iic_send_byte)
    iic_start                                0x08001725   Thumb Code    76  at24c04.o(i.iic_start)
    iic_stop                                 0x08001779   Thumb Code    64  at24c04.o(i.iic_stop)
    key_init                                 0x080017c1   Thumb Code    38  key.o(i.key_init)
    lcd_clear                                0x080017ed   Thumb Code    66  lcd.o(i.lcd_clear)
    lcd_draw_point                           0x0800182f   Thumb Code    58  lcd.o(i.lcd_draw_point)
    lcd_flash_show_32                        0x08001869   Thumb Code   102  lcd.o(i.lcd_flash_show_32)
    lcd_flash_show_32ch                      0x080018cf   Thumb Code   134  lcd.o(i.lcd_flash_show_32ch)
    lcd_flash_show_32hz                      0x08001955   Thumb Code   172  lcd.o(i.lcd_flash_show_32hz)
    lcd_init                                 0x08001a05   Thumb Code   390  lcd.o(i.lcd_init)
    lcd_io_init                              0x08001b91   Thumb Code    60  lcd.o(i.lcd_io_init)
    lcd_spi_byte                             0x08001bd1   Thumb Code    90  lcd.o(i.lcd_spi_byte)
    lcd_spi_io_init                          0x08001c31   Thumb Code    54  lcd.o(i.lcd_spi_io_init)
    led_init                                 0x08001c6d   Thumb Code    76  led.o(i.led_init)
    main                                     0x08001cbd   Thumb Code    56  main.o(i.main)
    open_door                                0x08001cf5   Thumb Code    44  door.o(i.open_door)
    open_passwd                              0x08001d25   Thumb Code   594  bs8116.o(i.open_passwd)
    read_status                              0x08002009   Thumb Code    36  w25q64.o(i.read_status)
    st7789vm_rest                            0x08002031   Thumb Code    30  lcd.o(i.st7789vm_rest)
    st7789vm_write_command                   0x08002055   Thumb Code    42  lcd.o(i.st7789vm_write_command)
    st7789vm_write_command_parameter         0x08002085   Thumb Code    42  lcd.o(i.st7789vm_write_command_parameter)
    st7789vm_write_data                      0x080020b5   Thumb Code    48  lcd.o(i.st7789vm_write_data)
    tim5_delay_ms                            0x080020e9   Thumb Code    96  tim.o(i.tim5_delay_ms)
    tim5_delay_us                            0x0800214d   Thumb Code    86  tim.o(i.tim5_delay_us)
    usart1_init                              0x080021a9   Thumb Code   190  usart.o(i.usart1_init)
    voice                                    0x08002271   Thumb Code    54  voice.o(i.voice)
    voice_head                               0x080022ad   Thumb Code    32  voice.o(i.voice_head)
    voice_high                               0x080022d1   Thumb Code    36  voice.o(i.voice_high)
    voice_init                               0x080022f9   Thumb Code    78  voice.o(i.voice_init)
    voice_low                                0x0800234d   Thumb Code    36  voice.o(i.voice_low)
    w25q64_init                              0x08002375   Thumb Code    64  w25q64.o(i.w25q64_init)
    w25q64_page_write                        0x080023b9   Thumb Code   112  w25q64.o(i.w25q64_page_write)
    w25q64_read                              0x0800242d   Thumb Code    76  w25q64.o(i.w25q64_read)
    w25q64_spi_byte                          0x0800247d   Thumb Code    54  w25q64.o(i.w25q64_spi_byte)
    w25q64_spi_init                          0x080024b9   Thumb Code   166  w25q64.o(i.w25q64_spi_init)
    wirite_enable                            0x08002569   Thumb Code    26  w25q64.o(i.wirite_enable)
    write_status                             0x08002589   Thumb Code    50  w25q64.o(i.write_status)
    _fp_init                                 0x080025c1   Thumb Code    10  fpinit.o(x$fpl$fpinit)
    __fplib_config_fpu_vfp                   0x080025c9   Thumb Code     0  fpinit.o(x$fpl$fpinit)
    __fplib_config_pureend_doubles           0x080025c9   Thumb Code     0  fpinit.o(x$fpl$fpinit)
    Region$$Table$$Base                      0x080025cc   Number         0  anon$$obj.o(Region$$Table)
    Region$$Table$$Limit                     0x080025ec   Number         0  anon$$obj.o(Region$$Table)
    __stdout                                 0x20000000   Data           4  usart.o(.data)
    zk_flag                                  0x20000004   Data           1  nvic.o(.data)
    __libspace_start                         0x2000003c   Data          96  libspace.o(.bss)
    __temporary_stack_top$libspace           0x2000009c   Data           0  libspace.o(.bss)



==============================================================================

Memory Map of the image

  Image Entry point : 0x08000195

  Load Region LR_IROM1 (Base: 0x08000000, Size: 0x00002614, Max: 0x00080000, ABSOLUTE)

    Execution Region ER_IROM1 (Exec base: 0x08000000, Load base: 0x08000000, Size: 0x000025ec, Max: 0x00080000, ABSOLUTE)

    Exec Addr    Load Addr    Size         Type   Attr      Idx    E Section Name        Object

    0x08000000   0x08000000   0x00000194   Data   RO            3    RESET               startup_stm32f401xx.o
    0x08000194   0x08000194   0x00000008   Code   RO         5596  * !!!main             c_w.l(__main.o)
    0x0800019c   0x0800019c   0x00000034   Code   RO         5763    !!!scatter          c_w.l(__scatter.o)
    0x080001d0   0x080001d0   0x0000001a   Code   RO         5765    !!handler_copy      c_w.l(__scatter_copy.o)
    0x080001ea   0x080001ea   0x00000002   PAD
    0x080001ec   0x080001ec   0x0000001c   Code   RO         5767    !!handler_zi        c_w.l(__scatter_zi.o)
    0x08000208   0x08000208   0x00000002   Code   RO         5635    .ARM.Collect$$libinit$$00000000  c_w.l(libinit.o)
    0x0800020a   0x0800020a   0x00000004   Code   RO         5641    .ARM.Collect$$libinit$$00000001  c_w.l(libinit2.o)
    0x0800020e   0x0800020e   0x00000000   Code   RO         5644    .ARM.Collect$$libinit$$00000004  c_w.l(libinit2.o)
    0x0800020e   0x0800020e   0x00000000   Code   RO         5647    .ARM.Collect$$libinit$$0000000A  c_w.l(libinit2.o)
    0x0800020e   0x0800020e   0x00000000   Code   RO         5649    .ARM.Collect$$libinit$$0000000C  c_w.l(libinit2.o)
    0x0800020e   0x0800020e   0x00000000   Code   RO         5651    .ARM.Collect$$libinit$$0000000E  c_w.l(libinit2.o)
    0x0800020e   0x0800020e   0x00000000   Code   RO         5654    .ARM.Collect$$libinit$$00000011  c_w.l(libinit2.o)
    0x0800020e   0x0800020e   0x00000000   Code   RO         5656    .ARM.Collect$$libinit$$00000013  c_w.l(libinit2.o)
    0x0800020e   0x0800020e   0x00000000   Code   RO         5658    .ARM.Collect$$libinit$$00000015  c_w.l(libinit2.o)
    0x0800020e   0x0800020e   0x00000000   Code   RO         5660    .ARM.Collect$$libinit$$00000017  c_w.l(libinit2.o)
    0x0800020e   0x0800020e   0x00000000   Code   RO         5662    .ARM.Collect$$libinit$$00000019  c_w.l(libinit2.o)
    0x0800020e   0x0800020e   0x00000000   Code   RO         5664    .ARM.Collect$$libinit$$0000001B  c_w.l(libinit2.o)
    0x0800020e   0x0800020e   0x00000000   Code   RO         5666    .ARM.Collect$$libinit$$0000001D  c_w.l(libinit2.o)
    0x0800020e   0x0800020e   0x00000000   Code   RO         5668    .ARM.Collect$$libinit$$0000001F  c_w.l(libinit2.o)
    0x0800020e   0x0800020e   0x00000000   Code   RO         5670    .ARM.Collect$$libinit$$00000021  c_w.l(libinit2.o)
    0x0800020e   0x0800020e   0x00000000   Code   RO         5672    .ARM.Collect$$libinit$$00000023  c_w.l(libinit2.o)
    0x0800020e   0x0800020e   0x00000000   Code   RO         5674    .ARM.Collect$$libinit$$00000025  c_w.l(libinit2.o)
    0x0800020e   0x0800020e   0x00000000   Code   RO         5678    .ARM.Collect$$libinit$$0000002C  c_w.l(libinit2.o)
    0x0800020e   0x0800020e   0x00000000   Code   RO         5680    .ARM.Collect$$libinit$$0000002E  c_w.l(libinit2.o)
    0x0800020e   0x0800020e   0x00000000   Code   RO         5682    .ARM.Collect$$libinit$$00000030  c_w.l(libinit2.o)
    0x0800020e   0x0800020e   0x00000000   Code   RO         5684    .ARM.Collect$$libinit$$00000032  c_w.l(libinit2.o)
    0x0800020e   0x0800020e   0x00000002   Code   RO         5685    .ARM.Collect$$libinit$$00000033  c_w.l(libinit2.o)
    0x08000210   0x08000210   0x00000002   Code   RO         5703    .ARM.Collect$$libshutdown$$00000000  c_w.l(libshutdown.o)
    0x08000212   0x08000212   0x00000000   Code   RO         5713    .ARM.Collect$$libshutdown$$00000002  c_w.l(libshutdown2.o)
    0x08000212   0x08000212   0x00000000   Code   RO         5715    .ARM.Collect$$libshutdown$$00000004  c_w.l(libshutdown2.o)
    0x08000212   0x08000212   0x00000000   Code   RO         5717    .ARM.Collect$$libshutdown$$00000006  c_w.l(libshutdown2.o)
    0x08000212   0x08000212   0x00000000   Code   RO         5720    .ARM.Collect$$libshutdown$$00000009  c_w.l(libshutdown2.o)
    0x08000212   0x08000212   0x00000000   Code   RO         5723    .ARM.Collect$$libshutdown$$0000000C  c_w.l(libshutdown2.o)
    0x08000212   0x08000212   0x00000000   Code   RO         5725    .ARM.Collect$$libshutdown$$0000000E  c_w.l(libshutdown2.o)
    0x08000212   0x08000212   0x00000000   Code   RO         5728    .ARM.Collect$$libshutdown$$00000011  c_w.l(libshutdown2.o)
    0x08000212   0x08000212   0x00000002   Code   RO         5729    .ARM.Collect$$libshutdown$$00000012  c_w.l(libshutdown2.o)
    0x08000214   0x08000214   0x00000000   Code   RO         5600    .ARM.Collect$$rtentry$$00000000  c_w.l(__rtentry.o)
    0x08000214   0x08000214   0x00000000   Code   RO         5604    .ARM.Collect$$rtentry$$00000002  c_w.l(__rtentry2.o)
    0x08000214   0x08000214   0x00000006   Code   RO         5616    .ARM.Collect$$rtentry$$00000004  c_w.l(__rtentry4.o)
    0x0800021a   0x0800021a   0x00000000   Code   RO         5606    .ARM.Collect$$rtentry$$00000009  c_w.l(__rtentry2.o)
    0x0800021a   0x0800021a   0x00000004   Code   RO         5607    .ARM.Collect$$rtentry$$0000000A  c_w.l(__rtentry2.o)
    0x0800021e   0x0800021e   0x00000000   Code   RO         5609    .ARM.Collect$$rtentry$$0000000C  c_w.l(__rtentry2.o)
    0x0800021e   0x0800021e   0x00000008   Code   RO         5610    .ARM.Collect$$rtentry$$0000000D  c_w.l(__rtentry2.o)
    0x08000226   0x08000226   0x00000002   Code   RO         5639    .ARM.Collect$$rtexit$$00000000  c_w.l(rtexit.o)
    0x08000228   0x08000228   0x00000000   Code   RO         5687    .ARM.Collect$$rtexit$$00000002  c_w.l(rtexit2.o)
    0x08000228   0x08000228   0x00000004   Code   RO         5688    .ARM.Collect$$rtexit$$00000003  c_w.l(rtexit2.o)
    0x0800022c   0x0800022c   0x00000006   Code   RO         5689    .ARM.Collect$$rtexit$$00000004  c_w.l(rtexit2.o)
    0x08000232   0x08000232   0x00000002   PAD
    0x08000234   0x08000234   0x00000040   Code   RO            4    .text               startup_stm32f401xx.o
    0x08000274   0x08000274   0x00000002   Code   RO         5582    .text               c_w.l(use_no_semi_2.o)
    0x08000276   0x08000276   0x00000002   PAD
    0x08000278   0x08000278   0x00000018   Code   RO         5586    .text               c_w.l(noretval__2printf.o)
    0x08000290   0x08000290   0x00000064   Code   RO         5588    .text               c_w.l(rt_memcpy_w.o)
    0x080002f4   0x080002f4   0x0000004e   Code   RO         5590    .text               c_w.l(rt_memclr_w.o)
    0x08000342   0x08000342   0x00000002   PAD
    0x08000344   0x08000344   0x00000080   Code   RO         5592    .text               c_w.l(strcmpv7m.o)
    0x080003c4   0x080003c4   0x00000006   Code   RO         5594    .text               c_w.l(heapauxi.o)
    0x080003ca   0x080003ca   0x00000002   Code   RO         5598    .text               c_w.l(use_no_semi.o)
    0x080003cc   0x080003cc   0x00000024   Code   RO         5601    .text               c_w.l(_printf_char_file.o)
    0x080003f0   0x080003f0   0x00000030   Code   RO         5618    .text               c_w.l(_printf_char_common.o)
    0x08000420   0x08000420   0x00000008   Code   RO         5620    .text               c_w.l(ferror.o)
    0x08000428   0x08000428   0x0000004a   Code   RO         5624    .text               c_w.l(sys_stackheap_outer.o)
    0x08000472   0x08000472   0x00000028   Code   RO         5626    .text               c_w.l(__printf_nopercent.o)
    0x0800049a   0x0800049a   0x00000012   Code   RO         5628    .text               c_w.l(exit.o)
    0x080004ac   0x080004ac   0x00000008   Code   RO         5636    .text               c_w.l(libspace.o)
    0x080004b4   0x080004b4   0x00000090   Code   RO         2569    i.GPIO_Init         stm32f4xx_gpio.o
    0x08000544   0x08000544   0x00000046   Code   RO         2570    i.GPIO_PinAFConfig  stm32f4xx_gpio.o
    0x0800058a   0x0800058a   0x00000012   Code   RO         2573    i.GPIO_ReadInputDataBit  stm32f4xx_gpio.o
    0x0800059c   0x0800059c   0x00000004   Code   RO         2576    i.GPIO_ResetBits    stm32f4xx_gpio.o
    0x080005a0   0x080005a0   0x00000004   Code   RO         2577    i.GPIO_SetBits      stm32f4xx_gpio.o
    0x080005a4   0x080005a4   0x00000078   Code   RO          965    i.NVIC_Init         misc.o
    0x0800061c   0x0800061c   0x00000014   Code   RO          966    i.NVIC_PriorityGroupConfig  misc.o
    0x08000630   0x08000630   0x00000020   Code   RO         3436    i.RCC_AHB1PeriphClockCmd  stm32f4xx_rcc.o
    0x08000650   0x08000650   0x00000020   Code   RO         3445    i.RCC_APB1PeriphClockCmd  stm32f4xx_rcc.o
    0x08000670   0x08000670   0x00000020   Code   RO         3448    i.RCC_APB2PeriphClockCmd  stm32f4xx_rcc.o
    0x08000690   0x08000690   0x000000e8   Code   RO         3457    i.RCC_GetClocksFreq  stm32f4xx_rcc.o
    0x08000778   0x08000778   0x00000018   Code   RO         4556    i.SPI_Cmd           stm32f4xx_spi.o
    0x08000790   0x08000790   0x00000012   Code   RO         4564    i.SPI_I2S_GetFlagStatus  stm32f4xx_spi.o
    0x080007a2   0x080007a2   0x00000006   Code   RO         4567    i.SPI_I2S_ReceiveData  stm32f4xx_spi.o
    0x080007a8   0x080007a8   0x00000004   Code   RO         4568    i.SPI_I2S_SendData  stm32f4xx_spi.o
    0x080007ac   0x080007ac   0x0000003c   Code   RO         4569    i.SPI_Init          stm32f4xx_spi.o
    0x080007e8   0x080007e8   0x0000001e   Code   RO         4570    i.SPI_NSSInternalSoftwareConfig  stm32f4xx_spi.o
    0x08000806   0x08000806   0x00000002   PAD
    0x08000808   0x08000808   0x000000e8   Code   RO           12    i.SetSysClock       system_stm32f4xx.o
    0x080008f0   0x080008f0   0x00000068   Code   RO           14    i.SystemInit        system_stm32f4xx.o
    0x08000958   0x08000958   0x00000074   Code   RO          360    i.TIM1_BRK_TIM9_IRQHandler  nvic.o
    0x080009cc   0x080009cc   0x00000006   Code   RO         4780    i.TIM_ClearFlag     stm32f4xx_tim.o
    0x080009d2   0x080009d2   0x00000006   Code   RO         4781    i.TIM_ClearITPendingBit  stm32f4xx_tim.o
    0x080009d8   0x080009d8   0x00000018   Code   RO         4786    i.TIM_Cmd           stm32f4xx_tim.o
    0x080009f0   0x080009f0   0x00000012   Code   RO         4806    i.TIM_GetFlagStatus  stm32f4xx_tim.o
    0x08000a02   0x08000a02   0x00000022   Code   RO         4807    i.TIM_GetITStatus   stm32f4xx_tim.o
    0x08000a24   0x08000a24   0x00000012   Code   RO         4843    i.TIM_SelectOnePulseMode  stm32f4xx_tim.o
    0x08000a36   0x08000a36   0x00000004   Code   RO         4851    i.TIM_SetCompare4   stm32f4xx_tim.o
    0x08000a3a   0x08000a3a   0x00000002   PAD
    0x08000a3c   0x08000a3c   0x00000084   Code   RO         4858    i.TIM_TimeBaseInit  stm32f4xx_tim.o
    0x08000ac0   0x08000ac0   0x000000ac   Code   RO          361    i.USART1_IRQHandler  nvic.o
    0x08000b6c   0x08000b6c   0x0000001e   Code   RO         5333    i.USART_ClearITPendingBit  stm32f4xx_usart.o
    0x08000b8a   0x08000b8a   0x00000018   Code   RO         5336    i.USART_Cmd         stm32f4xx_usart.o
    0x08000ba2   0x08000ba2   0x00000054   Code   RO         5340    i.USART_GetITStatus  stm32f4xx_usart.o
    0x08000bf6   0x08000bf6   0x0000004a   Code   RO         5342    i.USART_ITConfig    stm32f4xx_usart.o
    0x08000c40   0x08000c40   0x000000d4   Code   RO         5343    i.USART_Init        stm32f4xx_usart.o
    0x08000d14   0x08000d14   0x0000000a   Code   RO         5350    i.USART_ReceiveData  stm32f4xx_usart.o
    0x08000d1e   0x08000d1e   0x00000004   Code   RO          309    i._sys_exit         usart.o
    0x08000d22   0x08000d22   0x00000008   Code   RO          605    i.at24c04_init      at24c04.o
    0x08000d2a   0x08000d2a   0x00000082   Code   RO          606    i.at24c04_read_byte  at24c04.o
    0x08000dac   0x08000dac   0x0000009e   Code   RO          607    i.at24c04_read_bytes  at24c04.o
    0x08000e4a   0x08000e4a   0x0000006c   Code   RO          608    i.at24c04_write_byte  at24c04.o
    0x08000eb6   0x08000eb6   0x0000004c   Code   RO          609    i.at24c04_write_bytes  at24c04.o
    0x08000f02   0x08000f02   0x0000009e   Code   RO          610    i.at24c04_write_page  at24c04.o
    0x08000fa0   0x08000fa0   0x0000004c   Code   RO          789    i.bs8116_iic_get_ack  bs8116.o
    0x08000fec   0x08000fec   0x00000040   Code   RO          790    i.bs8116_iic_io_init  bs8116.o
    0x0800102c   0x0800102c   0x0000005c   Code   RO          791    i.bs8116_iic_read_byte  bs8116.o
    0x08001088   0x08001088   0x00000054   Code   RO          792    i.bs8116_iic_send_ack  bs8116.o
    0x080010dc   0x080010dc   0x00000064   Code   RO          793    i.bs8116_iic_send_byte  bs8116.o
    0x08001140   0x08001140   0x00000048   Code   RO          794    i.bs8116_iic_start  bs8116.o
    0x08001188   0x08001188   0x00000048   Code   RO          795    i.bs8116_iic_stop   bs8116.o
    0x080011d0   0x080011d0   0x00000054   Code   RO          796    i.bs8116_init       bs8116.o
    0x08001224   0x08001224   0x00000040   Code   RO          797    i.bs8116_key_scan   bs8116.o
    0x08001264   0x08001264   0x00000110   Code   RO          798    i.bs8116_read_key   bs8116.o
    0x08001374   0x08001374   0x0000009c   Code   RO          800    i.bs8116_write_register  bs8116.o
    0x08001410   0x08001410   0x00000030   Code   RO          272    i.close_door        door.o
    0x08001440   0x08001440   0x00000014   Code   RO          273    i.delay_ms          door.o
    0x08001454   0x08001454   0x00000048   Code   RO          274    i.door_init         door.o
    0x0800149c   0x0800149c   0x0000001c   Code   RO          310    i.fputc             usart.o
    0x080014b8   0x080014b8   0x00000068   Code   RO          611    i.iic_get_ack       at24c04.o
    0x08001520   0x08001520   0x00000088   Code   RO          612    i.iic_io_init       at24c04.o
    0x080015a8   0x080015a8   0x00000078   Code   RO          613    i.iic_read_byte     at24c04.o
    0x08001620   0x08001620   0x00000090   Code   RO          614    i.iic_send_ack      at24c04.o
    0x080016b0   0x080016b0   0x00000074   Code   RO          615    i.iic_send_byte     at24c04.o
    0x08001724   0x08001724   0x00000054   Code   RO          616    i.iic_start         at24c04.o
    0x08001778   0x08001778   0x00000048   Code   RO          617    i.iic_stop          at24c04.o
    0x080017c0   0x080017c0   0x0000002c   Code   RO          241    i.key_init          key.o
    0x080017ec   0x080017ec   0x00000042   Code   RO          398    i.lcd_clear         lcd.o
    0x0800182e   0x0800182e   0x0000003a   Code   RO          399    i.lcd_draw_point    lcd.o
    0x08001868   0x08001868   0x00000066   Code   RO          403    i.lcd_flash_show_32  lcd.o
    0x080018ce   0x080018ce   0x00000086   Code   RO          404    i.lcd_flash_show_32ch  lcd.o
    0x08001954   0x08001954   0x000000b0   Code   RO          405    i.lcd_flash_show_32hz  lcd.o
    0x08001a04   0x08001a04   0x0000018c   Code   RO          406    i.lcd_init          lcd.o
    0x08001b90   0x08001b90   0x00000040   Code   RO          407    i.lcd_io_init       lcd.o
    0x08001bd0   0x08001bd0   0x00000060   Code   RO          416    i.lcd_spi_byte      lcd.o
    0x08001c30   0x08001c30   0x0000003c   Code   RO          417    i.lcd_spi_io_init   lcd.o
    0x08001c6c   0x08001c6c   0x00000050   Code   RO          220    i.led_init          led.o
    0x08001cbc   0x08001cbc   0x00000038   Code   RO          129    i.main              main.o
    0x08001cf4   0x08001cf4   0x00000030   Code   RO          275    i.open_door         door.o
    0x08001d24   0x08001d24   0x000002e4   Code   RO          801    i.open_passwd       bs8116.o
    0x08002008   0x08002008   0x00000028   Code   RO          697    i.read_status       w25q64.o
    0x08002030   0x08002030   0x00000024   Code   RO          419    i.st7789vm_rest     lcd.o
    0x08002054   0x08002054   0x00000030   Code   RO          420    i.st7789vm_write_command  lcd.o
    0x08002084   0x08002084   0x00000030   Code   RO          421    i.st7789vm_write_command_parameter  lcd.o
    0x080020b4   0x080020b4   0x00000034   Code   RO          422    i.st7789vm_write_data  lcd.o
    0x080020e8   0x080020e8   0x00000064   Code   RO          928    i.tim5_delay_ms     tim.o
    0x0800214c   0x0800214c   0x0000005c   Code   RO          929    i.tim5_delay_us     tim.o
    0x080021a8   0x080021a8   0x000000c8   Code   RO          311    i.usart1_init       usart.o
    0x08002270   0x08002270   0x0000003c   Code   RO          883    i.voice             voice.o
    0x080022ac   0x080022ac   0x00000024   Code   RO          884    i.voice_head        voice.o
    0x080022d0   0x080022d0   0x00000028   Code   RO          885    i.voice_high        voice.o
    0x080022f8   0x080022f8   0x00000054   Code   RO          886    i.voice_init        voice.o
    0x0800234c   0x0800234c   0x00000028   Code   RO          887    i.voice_low         voice.o
    0x08002374   0x08002374   0x00000044   Code   RO          701    i.w25q64_init       w25q64.o
    0x080023b8   0x080023b8   0x00000074   Code   RO          702    i.w25q64_page_write  w25q64.o
    0x0800242c   0x0800242c   0x00000050   Code   RO          703    i.w25q64_read       w25q64.o
    0x0800247c   0x0800247c   0x0000003c   Code   RO          705    i.w25q64_spi_byte   w25q64.o
    0x080024b8   0x080024b8   0x000000b0   Code   RO          706    i.w25q64_spi_init   w25q64.o
    0x08002568   0x08002568   0x00000020   Code   RO          707    i.wirite_enable     w25q64.o
    0x08002588   0x08002588   0x00000038   Code   RO          708    i.write_status      w25q64.o
    0x080025c0   0x080025c0   0x0000000a   Code   RO         5695    x$fpl$fpinit        fz_wm.l(fpinit.o)
    0x080025ca   0x080025ca   0x00000002   PAD
    0x080025cc   0x080025cc   0x00000020   Data   RO         5761    Region$$Table       anon$$obj.o


    Execution Region RW_IRAM1 (Exec base: 0x20000000, Load base: 0x080025ec, Size: 0x000006a0, Max: 0x00018000, ABSOLUTE)

    Exec Addr    Load Addr    Size         Type   Attr      Idx    E Section Name        Object

    0x20000000   0x080025ec   0x00000004   Data   RW          314    .data               usart.o
    0x20000004   0x080025f0   0x0000000f   Data   RW          363    .data               nvic.o
    0x20000013   0x080025ff   0x00000005   Data   RW          803    .data               bs8116.o
    0x20000018   0x08002604   0x00000010   Data   RW         3489    .data               stm32f4xx_rcc.o
    0x20000028        -       0x00000014   Zero   RW          802    .bss                bs8116.o
    0x2000003c        -       0x00000060   Zero   RW         5637    .bss                c_w.l(libspace.o)
    0x2000009c   0x08002614   0x00000004   PAD
    0x200000a0        -       0x00000200   Zero   RW            2    HEAP                startup_stm32f401xx.o
    0x200002a0        -       0x00000400   Zero   RW            1    STACK               startup_stm32f401xx.o


==============================================================================

Image component sizes


      Code (inc. data)   RO Data    RW Data    ZI Data      Debug   Object Name

      1414         62          0          0          0       9018   at24c04.o
      1876        228          0          5         20       8323   bs8116.o
       188         12          0          0          0       2049   door.o
        44          6          0          0          0        523   key.o
      1336         48          0          0          0       9005   lcd.o
        80          4          0          0          0        547   led.o
        56          0          0          0          0     200667   main.o
       140         24          0          0          0       2031   misc.o
       288         56          0         15          0       1988   nvic.o
        64         26        404          0       1536        964   startup_stm32f401xx.o
       240          0          0          0          0       4447   stm32f4xx_gpio.o
       328         36          0         16          0       5475   stm32f4xx_rcc.o
       142          0          0          0          0       5170   stm32f4xx_spi.o
       242         28          0          0          0       6750   stm32f4xx_tim.o
       434          8          0          0          0       5984   stm32f4xx_usart.o
       336         32          0          0          0      63125   system_stm32f4xx.o
       192         10          0          0          0       1240   tim.o
       232         16          0          4          0       3664   usart.o
       260         24          0          0          0       2691   voice.o
       628         44          0          0          0       5345   w25q64.o

    ----------------------------------------------------------------------
      8524        664        436         40       1556     339006   Object Totals
         0          0         32          0          0          0   (incl. Generated)
         4          0          0          0          0          0   (incl. Padding)

    ----------------------------------------------------------------------

      Code (inc. data)   RO Data    RW Data    ZI Data      Debug   Library Member Name

         8          0          0          0          0         68   __main.o
        40          0          0          0          0         84   __printf_nopercent.o
         0          0          0          0          0          0   __rtentry.o
        12          0          0          0          0          0   __rtentry2.o
         6          0          0          0          0          0   __rtentry4.o
        52          8          0          0          0          0   __scatter.o
        26          0          0          0          0          0   __scatter_copy.o
        28          0          0          0          0          0   __scatter_zi.o
        48          6          0          0          0         96   _printf_char_common.o
        36          4          0          0          0         80   _printf_char_file.o
        18          0          0          0          0         80   exit.o
         8          0          0          0          0         68   ferror.o
         6          0          0          0          0        152   heapauxi.o
         2          0          0          0          0          0   libinit.o
         6          0          0          0          0          0   libinit2.o
         2          0          0          0          0          0   libshutdown.o
         2          0          0          0          0          0   libshutdown2.o
         8          4          0          0         96         68   libspace.o
        24          4          0          0          0         84   noretval__2printf.o
        78          0          0          0          0         80   rt_memclr_w.o
       100          0          0          0          0         80   rt_memcpy_w.o
         2          0          0          0          0          0   rtexit.o
        10          0          0          0          0          0   rtexit2.o
       128          0          0          0          0         68   strcmpv7m.o
        74          0          0          0          0         80   sys_stackheap_outer.o
         2          0          0          0          0         68   use_no_semi.o
         2          0          0          0          0         68   use_no_semi_2.o
        10          0          0          0          0        116   fpinit.o

    ----------------------------------------------------------------------
       748         26          0          0        100       1340   Library Totals
        10          0          0          0          4          0   (incl. Padding)

    ----------------------------------------------------------------------

      Code (inc. data)   RO Data    RW Data    ZI Data      Debug   Library Name

       728         26          0          0         96       1224   c_w.l
        10          0          0          0          0        116   fz_wm.l

    ----------------------------------------------------------------------
       748         26          0          0        100       1340   Library Totals

    ----------------------------------------------------------------------

==============================================================================


      Code (inc. data)   RO Data    RW Data    ZI Data      Debug   

      9272        690        436         40       1656     330474   Grand Totals
      9272        690        436         40       1656     330474   ELF Image Totals
      9272        690        436         40          0          0   ROM Totals

==============================================================================

    Total RO  Size (Code + RO Data)                 9708 (   9.48kB)
    Total RW  Size (RW Data + ZI Data)              1696 (   1.66kB)
    Total ROM Size (Code + RO Data + RW Data)       9748 (   9.52kB)

==============================================================================

