Component: ARM Compiler 5.05 update 2 (build 169) Tool: armlink [4d0f33]

==============================================================================

Section Cross References

    startup_stm32f401xx.o(STACK) refers (Special) to heapauxi.o(.text) for __use_two_region_memory
    startup_stm32f401xx.o(HEAP) refers (Special) to heapauxi.o(.text) for __use_two_region_memory
    startup_stm32f401xx.o(RESET) refers (Special) to heapauxi.o(.text) for __use_two_region_memory
    startup_stm32f401xx.o(RESET) refers to startup_stm32f401xx.o(STACK) for __initial_sp
    startup_stm32f401xx.o(RESET) refers to startup_stm32f401xx.o(.text) for Reset_Handler
    startup_stm32f401xx.o(RESET) refers to nvic.o(i.TIM1_BRK_TIM9_IRQHandler) for TIM1_BRK_TIM9_IRQHandler
    startup_stm32f401xx.o(RESET) refers to nvic.o(i.USART1_IRQHandler) for USART1_IRQHandler
    startup_stm32f401xx.o(RESET) refers to nvic.o(i.USART6_IRQHandler) for USART6_IRQHandler
    startup_stm32f401xx.o(.text) refers (Special) to heapauxi.o(.text) for __use_two_region_memory
    startup_stm32f401xx.o(.text) refers to system_stm32f4xx.o(i.SystemInit) for SystemInit
    startup_stm32f401xx.o(.text) refers to __main.o(!!!main) for __main
    startup_stm32f401xx.o(.text) refers to startup_stm32f401xx.o(HEAP) for Heap_Mem
    startup_stm32f401xx.o(.text) refers to startup_stm32f401xx.o(STACK) for Stack_Mem
    system_stm32f4xx.o(i.SystemCoreClockUpdate) refers to system_stm32f4xx.o(.data) for SystemCoreClock
    system_stm32f4xx.o(i.SystemInit) refers to system_stm32f4xx.o(i.SetSysClock) for SetSysClock
    main.o(i.main) refers to _printf_percent.o(.ARM.Collect$$_printf_percent$$00000000) for _printf_percent
    main.o(i.main) refers to _printf_d.o(.ARM.Collect$$_printf_percent$$00000009) for _printf_d
    main.o(i.main) refers to _printf_dec.o(.text) for _printf_int_dec
    main.o(i.main) refers to usart.o(i.usart1_init) for usart1_init
    main.o(i.main) refers to w25q64.o(i.w25q64_init) for w25q64_init
    main.o(i.main) refers to key.o(i.key_init) for key_init
    main.o(i.main) refers to led.o(i.led_init) for led_init
    main.o(i.main) refers to w25q64.o(i.zk_updata) for zk_updata
    main.o(i.main) refers to voice.o(i.voice_init) for voice_init
    main.o(i.main) refers to lcd.o(i.LCD_init) for LCD_init
    main.o(i.main) refers to bs8116.o(i.BS8116_init) for BS8116_init
    main.o(i.main) refers to at24c04.o(i.at24c04_init) for at24c04_init
    main.o(i.main) refers to door.o(i.door_init) for door_init
    main.o(i.main) refers to mg200.o(i.mg200_init) for mg200_init
    main.o(i.main) refers to at24c04.o(i.AT24C04_read_byte) for AT24C04_read_byte
    main.o(i.main) refers to at24c04.o(i.AT24C04_write_bytes) for AT24C04_write_bytes
    main.o(i.main) refers to at24c04.o(i.AT24C04_write_byte) for AT24C04_write_byte
    main.o(i.main) refers to mg200.o(i.erase_all) for erase_all
    main.o(i.main) refers to bs8116.o(i.BS8116_Key_scan) for BS8116_Key_scan
    main.o(i.main) refers to bs8116.o(i.open_passward) for open_passward
    main.o(i.main) refers to mg200.o(i.Match_l_n) for Match_l_n
    main.o(i.main) refers to noretval__2printf.o(.text) for __2printf
    main.o(i.main) refers to at24c04.o(i.AT24C04_read_bytes) for AT24C04_read_bytes
    main.o(i.main) refers to mg200.o(i.Enroll) for Enroll
    main.o(i.main) refers to mg200.o(i.erase_one) for erase_one
    main.o(i.main) refers to mg200.o(.data) for page_mode
    led.o(i.led_init) refers to stm32f4xx_rcc.o(i.RCC_AHB1PeriphClockCmd) for RCC_AHB1PeriphClockCmd
    led.o(i.led_init) refers to stm32f4xx_gpio.o(i.GPIO_Init) for GPIO_Init
    led.o(i.led_init) refers to stm32f4xx_gpio.o(i.GPIO_SetBits) for GPIO_SetBits
    key.o(i.key_init) refers to stm32f4xx_rcc.o(i.RCC_AHB1PeriphClockCmd) for RCC_AHB1PeriphClockCmd
    key.o(i.key_init) refers to stm32f4xx_gpio.o(i.GPIO_Init) for GPIO_Init
    key.o(i.key_scan) refers to stm32f4xx_gpio.o(i.GPIO_ReadInputDataBit) for GPIO_ReadInputDataBit
    key.o(i.key_scan) refers to key.o(i.delay_ms) for delay_ms
    key.o(i.key_scan) refers to key.o(.data) for flag
    door.o(i.close_door) refers to stm32f4xx_gpio.o(i.GPIO_ResetBits) for GPIO_ResetBits
    door.o(i.close_door) refers to stm32f4xx_gpio.o(i.GPIO_SetBits) for GPIO_SetBits
    door.o(i.close_door) refers to door.o(i.delay_ms) for delay_ms
    door.o(i.door_init) refers to stm32f4xx_rcc.o(i.RCC_AHB1PeriphClockCmd) for RCC_AHB1PeriphClockCmd
    door.o(i.door_init) refers to stm32f4xx_gpio.o(i.GPIO_Init) for GPIO_Init
    door.o(i.door_init) refers to stm32f4xx_gpio.o(i.GPIO_SetBits) for GPIO_SetBits
    door.o(i.open_door) refers to stm32f4xx_gpio.o(i.GPIO_SetBits) for GPIO_SetBits
    door.o(i.open_door) refers to stm32f4xx_gpio.o(i.GPIO_ResetBits) for GPIO_ResetBits
    door.o(i.open_door) refers to door.o(i.delay_ms) for delay_ms
    usart.o(.rev16_text) refers (Special) to use_no_semi_2.o(.text) for __use_no_semihosting
[...]
    ../clib/signal.c                         0x00000000   Number         0  defsig_rtmem_formal.o ABSOLUTE
    ../clib/signal.c                         0x00000000   Number         0  defsig_rtmem_outer.o ABSOLUTE
    ../clib/signal.c                         0x00000000   Number         0  defsig_rtmem_inner.o ABSOLUTE
    ../clib/signal.s                         0x00000000   Number         0  defsig.o ABSOLUTE
    ../clib/stdio.c                          0x00000000   Number         0  ferror.o ABSOLUTE
    ../clib/stdio.c                          0x00000000   Number         0  ferror_locked.o ABSOLUTE
    ../clib/stdlib.c                         0x00000000   Number         0  exit.o ABSOLUTE
    ../fplib/fpinit.s                        0x00000000   Number         0  fpinit.o ABSOLUTE
    STM32F4xx_DSP_StdPeriph_Lib_V1.4.0\Libraries\CMSIS\startup_stm32f401xx.s 0x00000000   Number         0  startup_stm32f401xx.o ABSOLUTE
    STM32F4xx_DSP_StdPeriph_Lib_V1.4.0\Libraries\CMSIS\system_stm32f4xx.c 0x00000000   Number         0  system_stm32f4xx.o ABSOLUTE
    STM32F4xx_DSP_StdPeriph_Lib_V1.4.0\Libraries\STM32F4xx_StdPeriph_Driver\src\misc.c 0x00000000   Number         0  misc.o ABSOLUTE
    STM32F4xx_DSP_StdPeriph_Lib_V1.4.0\Libraries\STM32F4xx_StdPeriph_Driver\src\stm32f4xx_adc.c 0x00000000   Number         0  stm32f4xx_adc.o ABSOLUTE
    STM32F4xx_DSP_StdPeriph_Lib_V1.4.0\Libraries\STM32F4xx_StdPeriph_Driver\src\stm32f4xx_can.c 0x00000000   Number         0  stm32f4xx_can.o ABSOLUTE
    STM32F4xx_DSP_StdPeriph_Lib_V1.4.0\Libraries\STM32F4xx_StdPeriph_Driver\src\stm32f4xx_crc.c 0x00000000   Number         0  stm32f4xx_crc.o ABSOLUTE
    STM32F4xx_DSP_StdPeriph_Lib_V1.4.0\Libraries\STM32F4xx_StdPeriph_Driver\src\stm32f4xx_cryp.c 0x00000000   Number         0  stm32f4xx_cryp.o ABSOLUTE
    STM32F4xx_DSP_StdPeriph_Lib_V1.4.0\Libraries\STM32F4xx_StdPeriph_Driver\src\stm32f4xx_cryp_aes.c 0x00000000   Number         0  stm32f4xx_cryp_aes.o ABSOLUTE
    STM32F4xx_DSP_StdPeriph_Lib_V1.4.0\Libraries\STM32F4xx_StdPeriph_Driver\src\stm32f4xx_cryp_des.c 0x00000000   Number         0  stm32f4xx_cryp_des.o ABSOLUTE
    STM32F4xx_DSP_StdPeriph_Lib_V1.4.0\Libraries\STM32F4xx_StdPeriph_Driver\src\stm32f4xx_cryp_tdes.c 0x00000000   Number         0  stm32f4xx_cryp_tdes.o ABSOLUTE
    STM32F4xx_DSP_StdPeriph_Lib_V1.4.0\Libraries\STM32F4xx_StdPeriph_Driver\src\stm32f4xx_dac.c 0x00000000   Number         0  stm32f4xx_dac.o ABSOLUTE
    STM32F4xx_DSP_StdPeriph_Lib_V1.4.0\Libraries\STM32F4xx_StdPeriph_Driver\src\stm32f4xx_dbgmcu.c 0x00000000   Number         0  stm32f4xx_dbgmcu.o ABSOLUTE
    STM32F4xx_DSP_StdPeriph_Lib_V1.4.0\Libraries\STM32F4xx_StdPeriph_Driver\src\stm32f4xx_dcmi.c 0x00000000   Number         0  stm32f4xx_dcmi.o ABSOLUTE
    STM32F4xx_DSP_StdPeriph_Lib_V1.4.0\Libraries\STM32F4xx_StdPeriph_Driver\src\stm32f4xx_dma.c 0x00000000   Number         0  stm32f4xx_dma.o ABSOLUTE
    STM32F4xx_DSP_StdPeriph_Lib_V1.4.0\Libraries\STM32F4xx_StdPeriph_Driver\src\stm32f4xx_dma2d.c 0x00000000   Number         0  stm32f4xx_dma2d.o ABSOLUTE
    STM32F4xx_DSP_StdPeriph_Lib_V1.4.0\Libraries\STM32F4xx_StdPeriph_Driver\src\stm32f4xx_exti.c 0x00000000   Number         0  stm32f4xx_exti.o ABSOLUTE
    STM32F4xx_DSP_StdPeriph_Lib_V1.4.0\Libraries\STM32F4xx_StdPeriph_Driver\src\stm32f4xx_flash.c 0x00000000   Number         0  stm32f4xx_flash.o ABSOLUTE
    STM32F4xx_DSP_StdPeriph_Lib_V1.4.0\Libraries\STM32F4xx_StdPeriph_Driver\src\stm32f4xx_flash_ramfunc.c 0x00000000   Number         0  stm32f4xx_flash_ramfunc.o ABSOLUTE
    STM32F4xx_DSP_StdPeriph_Lib_V1.4.0\Libraries\STM32F4xx_StdPeriph_Driver\src\stm32f4xx_gpio.c 0x00000000   Number         0  stm32f4xx_gpio.o ABSOLUTE
    STM32F4xx_DSP_StdPeriph_Lib_V1.4.0\Libraries\STM32F4xx_StdPeriph_Driver\src\stm32f4xx_hash.c 0x00000000   Number         0  stm32f4xx_hash.o ABSOLUTE
    STM32F4xx_DSP_StdPeriph_Lib_V1.4.0\Libraries\STM32F4xx_StdPeriph_Driver\src\stm32f4xx_hash_md5.c 0x00000000   Number         0  stm32f4xx_hash_md5.o ABSOLUTE
    STM32F4xx_DSP_StdPeriph_Lib_V1.4.0\Libraries\STM32F4xx_StdPeriph_Driver\src\stm32f4xx_hash_sha1.c 0x00000000   Number         0  stm32f4xx_hash_sha1.o ABSOLUTE
    STM32F4xx_DSP_StdPeriph_Lib_V1.4.0\Libraries\STM32F4xx_StdPeriph_Driver\src\stm32f4xx_i2c.c 0x00000000   Number         0  stm32f4xx_i2c.o ABSOLUTE
    STM32F4xx_DSP_StdPeriph_Lib_V1.4.0\Libraries\STM32F4xx_StdPeriph_Driver\src\stm32f4xx_iwdg.c 0x00000000   Number         0  stm32f4xx_iwdg.o ABSOLUTE
    STM32F4xx_DSP_StdPeriph_Lib_V1.4.0\Libraries\STM32F4xx_StdPeriph_Driver\src\stm32f4xx_ltdc.c 0x00000000   Number         0  stm32f4xx_ltdc.o ABSOLUTE
    STM32F4xx_DSP_StdPeriph_Lib_V1.4.0\Libraries\STM32F4xx_StdPeriph_Driver\src\stm32f4xx_pwr.c 0x00000000   Number         0  stm32f4xx_pwr.o ABSOLUTE
    STM32F4xx_DSP_StdPeriph_Lib_V1.4.0\Libraries\STM32F4xx_StdPeriph_Driver\src\stm32f4xx_rcc.c 0x00000000   Number         0  stm32f4xx_rcc.o ABSOLUTE
    STM32F4xx_DSP_StdPeriph_Lib_V1.4.0\Libraries\STM32F4xx_StdPeriph_Driver\src\stm32f4xx_rng.c 0x00000000   Number         0  stm32f4xx_rng.o ABSOLUTE
    STM32F4xx_DSP_StdPeriph_Lib_V1.4.0\Libraries\STM32F4xx_StdPeriph_Driver\src\stm32f4xx_rtc.c 0x00000000   Number         0  stm32f4xx_rtc.o ABSOLUTE
    STM32F4xx_DSP_StdPeriph_Lib_V1.4.0\Libraries\STM32F4xx_StdPeriph_Driver\src\stm32f4xx_sai.c 0x00000000   Number         0  stm32f4xx_sai.o ABSOLUTE
    STM32F4xx_DSP_StdPeriph_Lib_V1.4.0\Libraries\STM32F4xx_StdPeriph_Driver\src\stm32f4xx_sdio.c 0x00000000   Number         0  stm32f4xx_sdio.o ABSOLUTE
    STM32F4xx_DSP_StdPeriph_Lib_V1.4.0\Libraries\STM32F4xx_StdPeriph_Driver\src\stm32f4xx_spi.c 0x00000000   Number         0  stm32f4xx_spi.o ABSOLUTE
    STM32F4xx_DSP_StdPeriph_Lib_V1.4.0\Libraries\STM32F4xx_StdPeriph_Driver\src\stm32f4xx_syscfg.c 0x00000000   Number         0  stm32f4xx_syscfg.o ABSOLUTE
    STM32F4xx_DSP_StdPeriph_Lib_V1.4.0\Libraries\STM32F4xx_StdPeriph_Driver\src\stm32f4xx_tim.c 0x00000000   Number         0  stm32f4xx_tim.o ABSOLUTE
    STM32F4xx_DSP_StdPeriph_Lib_V1.4.0\Libraries\STM32F4xx_StdPeriph_Driver\src\stm32f4xx_usart.c 0x00000000   Number         0  stm32f4xx_usart.o ABSOLUTE
    STM32F4xx_DSP_StdPeriph_Lib_V1.4.0\Libraries\STM32F4xx_StdPeriph_Driver\src\stm32f4xx_wwdg.c 0x00000000   Number         0  stm32f4xx_wwdg.o ABSOLUTE
    STM32F4xx_DSP_StdPeriph_Lib_V1.4.0\\Libraries\\CMSIS\\system_stm32f4xx.c 0x00000000   Number         0  system_stm32f4xx.o ABSOLUTE
    STM32F4xx_DSP_StdPeriph_Lib_V1.4.0\\Libraries\\STM32F4xx_StdPeriph_Driver\\src\\misc.c 0x00000000   Number         0  misc.o ABSOLUTE
    STM32F4xx_DSP_StdPeriph_Lib_V1.4.0\\Libraries\\STM32F4xx_StdPeriph_Driver\\src\\stm32f4xx_adc.c 0x00000000   Number         0  stm32f4xx_adc.o ABSOLUTE
    STM32F4xx_DSP_StdPeriph_Lib_V1.4.0\\Libraries\\STM32F4xx_StdPeriph_Driver\\src\\stm32f4xx_can.c 0x00000000   Number         0  stm32f4xx_can.o ABSOLUTE
    STM32F4xx_DSP_StdPeriph_Lib_V1.4.0\\Libraries\\STM32F4xx_StdPeriph_Driver\\src\\stm32f4xx_crc.c 0x00000000   Number         0  stm32f4xx_crc.o ABSOLUTE
    STM32F4xx_DSP_StdPeriph_Lib_V1.4.0\\Libraries\\STM32F4xx_StdPeriph_Driver\\src\\stm32f4xx_cryp.c 0x00000000   Number         0  stm32f4xx_cryp.o ABSOLUTE
    STM32F4xx_DSP_StdPeriph_Lib_V1.4.0\\Libraries\\STM32F4xx_StdPeriph_Driver\\src\\stm32f4xx_cryp_aes.c 0x00000000   Number         0  stm32f4xx_cryp_aes.o ABSOLUTE
    STM32F4xx_DSP_StdPeriph_Lib_V1.4.0\\Libraries\\STM32F4xx_StdPeriph_Driver\\src\\stm32f4xx_cryp_des.c 0x00000000   Number         0  stm32f4xx_cryp_des.o ABSOLUTE
    STM32F4xx_DSP_StdPeriph_Lib_V1.4.0\\Libraries\\STM32F4xx_StdPeriph_Driver\\src\\stm32f4xx_cryp_tdes.c 0x00000000   Number         0  stm32f4xx_cryp_tdes.o ABSOLUTE
    STM32F4xx_DSP_StdPeriph_Lib_V1.4.0\\Libraries\\STM32F4xx_StdPeriph_Driver\\src\\stm32f4xx_dac.c 0x00000000   Number         0  stm32f4xx_dac.o ABSOLUTE
    STM32F4xx_DSP_StdPeriph_Lib_V1.4.0\\Libraries\\STM32F4xx_StdPeriph_Driver\\src\\stm32f4xx_dbgmcu.c 0x00000000   Number         0  stm32f4xx_dbgmcu.o ABSOLUTE
    STM32F4xx_DSP_StdPeriph_Lib_V1.4.0\\Libraries\\STM32F4xx_StdPeriph_Driver\\src\\stm32f4xx_dcmi.c 0x00000000   Number         0  stm32f4xx_dcmi.o ABSOLUTE
    STM32F4xx_DSP_StdPeriph_Lib_V1.4.0\\Libraries\\STM32F4xx_StdPeriph_Driver\\src\\stm32f4xx_dma.c 0x00000000   Number         0  stm32f4xx_dma.o ABSOLUTE
    STM32F4xx_DSP_StdPeriph_Lib_V1.4.0\\Libraries\\STM32F4xx_StdPeriph_Driver\\src\\stm32f4xx_dma2d.c 0x00000000   Number         0  stm32f4xx_dma2d.o ABSOLUTE
    STM32F4xx_DSP_StdPeriph_Lib_V1.4.0\\Libraries\\STM32F4xx_StdPeriph_Driver\\src\\stm32f4xx_exti.c 0x00000000   Number         0  stm32f4xx_exti.o ABSOLUTE
    STM32F4xx_DSP_StdPeriph_Lib_V1.4.0\\Libraries\\STM32F4xx_StdPeriph_Driver\\src\\stm32f4xx_flash.c 0x00000000   Number         0  stm32f4xx_flash.o ABSOLUTE
    STM32F4xx_DSP_StdPeriph_Lib_V1.4.0\\Libraries\\STM32F4xx_StdPeriph_Driver\\src\\stm32f4xx_flash_ramfunc.c 0x00000000   Number         0  stm32f4xx_flash_ramfunc.o ABSOLUTE
    STM32F4xx_DSP_StdPeriph_Lib_V1.4.0\\Libraries\\STM32F4xx_StdPeriph_Driver\\src\\stm32f4xx_gpio.c 0x00000000   Number         0  stm32f4xx_gpio.o ABSOLUTE
    STM32F4xx_DSP_StdPeriph_Lib_V1.4.0\\Libraries\\STM32F4xx_StdPeriph_Driver\\src\\stm32f4xx_hash.c 0x00000000   Number         0  stm32f4xx_hash.o ABSOLUTE
    STM32F4xx_DSP_StdPeriph_Lib_V1.4.0\\Libraries\\STM32F4xx_StdPeriph_Driver\\src\\stm32f4xx_hash_md5.c 0x00000000   Number         0  stm32f4xx_hash_md5.o ABSOLUTE
    STM32F4xx_DSP_StdPeriph_Lib_V1.4.0\\Libraries\\STM32F4xx_StdPeriph_Driver\\src\\stm32f4xx_hash_sha1.c 0x00000000   Number         0  stm32f4xx_hash_sha1.o ABSOLUTE
    STM32F4xx_DSP_StdPeriph_Lib_V1.4.0\\Libraries\\STM32F4xx_StdPeriph_Driver\\src\\stm32f4xx_i2c.c 0x00000000   Number         0  stm32f4xx_i2c.o ABSOLUTE
    STM32F4xx_DSP_StdPeriph_Lib_V1.4.0\\Libraries\\STM32F4xx_StdPeriph_Driver\\src\\stm32f4xx_iwdg.c 0x00000000   Number         0  stm32f4xx_iwdg.o ABSOLUTE
    STM32F4xx_DSP_StdPeriph_Lib_V1.4.0\\Libraries\\STM32F4xx_StdPeriph_Driver\\src\\stm32f4xx_ltdc.c 0x00000000   Number         0  stm32f4xx_ltdc.o ABSOLUTE
    STM32F4xx_DSP_StdPeriph_Lib_V1.4.0\\Libraries\\STM32F4xx_StdPeriph_Driver\\src\\stm32f4xx_pwr.c 0x00000000   Number         0  stm32f4xx_pwr.o ABSOLUTE
    STM32F4xx_DSP_StdPeriph_Lib_V1.4.0\\Libraries\\STM32F4xx_StdPeriph_Driver\\src\\stm32f4xx_rcc.c 0x00000000   Number         0  stm32f4xx_rcc.o ABSOLUTE
    STM32F4xx_DSP_StdPeriph_Lib_V1.4.0\\Libraries\\STM32F4xx_StdPeriph_Driver\\src\\stm32f4xx_rng.c 0x00000000   Number         0  stm32f4xx_rng.o ABSOLUTE
    STM32F4xx_DSP_StdPeriph_Lib_V1.4.0\\Libraries\\STM32F4xx_StdPeriph_Driver\\src\\stm32f4xx_rtc.c 0x00000000   Number         0  stm32f4xx_rtc.o ABSOLUTE
    STM32F4xx_DSP_StdPeriph_Lib_V1.4.0\\Libraries\\STM32F4xx_StdPeriph_Driver\\src\\stm32f4xx_sai.c 0x00000000   Number         0  stm32f4xx_sai.o ABSOLUTE
    STM32F4xx_DSP_StdPeriph_Lib_V1.4.0\\Libraries\\STM32F4xx_StdPeriph_Driver\\src\\stm32f4xx_sdio.c 0x00000000   Number         0  stm32f4xx_sdio.o ABSOLUTE
    STM32F4xx_DSP_StdPeriph_Lib_V1.4.0\\Libraries\\STM32F4xx_StdPeriph_Driver\\src\\stm32f4xx_spi.c 0x00000000   Number         0  stm32f4xx_spi.o ABSOLUTE
    STM32F4xx_DSP_StdPeriph_Lib_V1.4.0\\Libraries\\STM32F4xx_StdPeriph_Driver\\src\\stm32f4xx_syscfg.c 0x00000000   Number         0  stm32f4xx_syscfg.o ABSOLUTE
    STM32F4xx_DSP_StdPeriph_Lib_V1.4.0\\Libraries\\STM32F4xx_StdPeriph_Driver\\src\\stm32f4xx_tim.c 0x00000000   Number         0  stm32f4xx_tim.o ABSOLUTE
    STM32F4xx_DSP_StdPeriph_Lib_V1.4.0\\Libraries\\STM32F4xx_StdPeriph_Driver\\src\\stm32f4xx_usart.c 0x00000000   Number         0  stm32f4xx_usart.o ABSOLUTE
    STM32F4xx_DSP_StdPeriph_Lib_V1.4.0\\Libraries\\STM32F4xx_StdPeriph_Driver\\src\\stm32f4xx_wwdg.c 0x00000000   Number         0  stm32f4xx_wwdg.o ABSOLUTE
    dc.s                                     0x00000000   Number         0  dc.o ABSOLUTE
    user\\src\\at24c04.c                     0x00000000   Number         0  at24c04.o ABSOLUTE
    user\\src\\bs8116.c                      0x00000000   Number         0  bs8116.o ABSOLUTE
    user\\src\\door.c                        0x00000000   Number         0  door.o ABSOLUTE
    user\\src\\font.c                        0x00000000   Number         0  font.o ABSOLUTE
    user\\src\\key.c                         0x00000000   Number         0  key.o ABSOLUTE
    user\\src\\lcd.c                         0x00000000   Number         0  lcd.o ABSOLUTE
    user\\src\\led.c                         0x00000000   Number         0  led.o ABSOLUTE
    user\\src\\main.c                        0x00000000   Number         0  main.o ABSOLUTE
    user\\src\\mg200.c                       0x00000000   Number         0  mg200.o ABSOLUTE
    user\\src\\nvic.c                        0x00000000   Number         0  nvic.o ABSOLUTE
    user\\src\\timer.c                       0x00000000   Number         0  timer.o ABSOLUTE
    user\\src\\usart.c                       0x00000000   Number         0  usart.o ABSOLUTE
    user\\src\\voice.c                       0x00000000   Number         0  voice.o ABSOLUTE
    user\\src\\w25q64.c                      0x00000000   Number         0  w25q64.o ABSOLUTE
    user\src\at24c04.c                       0x00000000   Number         0  at24c04.o ABSOLUTE
    user\src\bs8116.c                        0x00000000   Number         0  bs8116.o ABSOLUTE
    user\src\door.c                          0x00000000   Number         0  door.o ABSOLUTE
    user\src\font.c                          0x00000000   Number         0  font.o ABSOLUTE
    user\src\key.c                           0x00000000   Number         0  key.o ABSOLUTE
    user\src\lcd.c                           0x00000000   Number         0  lcd.o ABSOLUTE
    user\src\led.c                           0x00000000   Number         0  led.o ABSOLUTE
    user\src\main.c                          0x00000000   Number         0  main.o ABSOLUTE
    user\src\mg200.c                         0x00000000   Number         0  mg200.o ABSOLUTE
    user\src\nvic.c                          0x00000000   Number         0  nvic.o ABSOLUTE
    user\src\pic.c                           0x00000000   Number         0  pic.o ABSOLUTE
    user\src\pic1.c                          0x00000000   Number         0  pic1.o ABSOLUTE
    user\src\pic4.c                          0x00000000   Number         0  pic4.o ABSOLUTE
    user\src\timer.c                         0x00000000   Number         0  timer.o ABSOLUTE
    user\src\usart.c                         0x00000000   Number         0  usart.o ABSOLUTE
    user\src\voice.c                         0x00000000   Number         0  voice.o ABSOLUTE
    user\src\w25q64.c                        0x00000000   Number         0  w25q64.o ABSOLUTE
    RESET                                    0x08000000   Section      404  startup_stm32f401xx.o(RESET)
    !!!main                                  0x08000194   Section        8  __main.o(!!!main)
    !!!scatter                               0x0800019c   Section       52  __scatter.o(!!!scatter)
    !!handler_copy                           0x080001d0   Section       26  __scatter_copy.o(!!handler_copy)
    !!handler_zi                             0x080001ec   Section       28  __scatter_zi.o(!!handler_zi)
    .ARM.Collect$$_printf_percent$$00000000  0x08000208   Section        0  _printf_percent.o(.ARM.Collect$$_printf_percent$$00000000)
    .ARM.Collect$$_printf_percent$$00000009  0x08000208   Section        6  _printf_d.o(.ARM.Collect$$_printf_percent$$00000009)
    .ARM.Collect$$_printf_percent$$00000017  0x0800020e   Section        4  _printf_percent_end.o(.ARM.Collect$$_printf_percent$$00000017)
    .ARM.Collect$$libinit$$00000000          0x08000212   Section        2  libinit.o(.ARM.Collect$$libinit$$00000000)
    .ARM.Collect$$libinit$$00000001          0x08000214   Section        4  libinit2.o(.ARM.Collect$$libinit$$00000001)
    .ARM.Collect$$libinit$$00000004          0x08000218   Section        0  libinit2.o(.ARM.Collect$$libinit$$00000004)
    .ARM.Collect$$libinit$$0000000A          0x08000218   Section        0  libinit2.o(.ARM.Collect$$libinit$$0000000A)
    .ARM.Collect$$libinit$$0000000C          0x08000218   Section        0  libinit2.o(.ARM.Collect$$libinit$$0000000C)
    .ARM.Collect$$libinit$$0000000E          0x08000218   Section        0  libinit2.o(.ARM.Collect$$libinit$$0000000E)
    .ARM.Collect$$libinit$$00000011          0x08000218   Section        0  libinit2.o(.ARM.Collect$$libinit$$00000011)
    .ARM.Collect$$libinit$$00000013          0x08000218   Section        0  libinit2.o(.ARM.Collect$$libinit$$00000013)
    .ARM.Collect$$libinit$$00000015          0x08000218   Section        0  libinit2.o(.ARM.Collect$$libinit$$00000015)
    .ARM.Collect$$libinit$$00000017          0x08000218   Section        0  libinit2.o(.ARM.Collect$$libinit$$00000017)
    .ARM.Collect$$libinit$$00000019          0x08000218   Section        0  libinit2.o(.ARM.Collect$$libinit$$00000019)
    .ARM.Collect$$libinit$$0000001B          0x08000218   Section        0  libinit2.o(.ARM.Collect$$libinit$$0000001B)
    .ARM.Collect$$libinit$$0000001D          0x08000218   Section        0  libinit2.o(.ARM.Collect$$libinit$$0000001D)
    .ARM.Collect$$libinit$$0000001F          0x08000218   Section        0  libinit2.o(.ARM.Collect$$libinit$$0000001F)
    .ARM.Collect$$libinit$$00000021          0x08000218   Section        0  libinit2.o(.ARM.Collect$$libinit$$00000021)
    .ARM.Collect$$libinit$$00000023          0x08000218   Section        0  libinit2.o(.ARM.Collect$$libinit$$00000023)
    .ARM.Collect$$libinit$$00000025          0x08000218   Section        0  libinit2.o(.ARM.Collect$$libinit$$00000025)
    .ARM.Collect$$libinit$$0000002C          0x08000218   Section        0  libinit2.o(.ARM.Collect$$libinit$$0000002C)
    .ARM.Collect$$libinit$$0000002E          0x08000218   Section        0  libinit2.o(.ARM.Collect$$libinit$$0000002E)
    .ARM.Collect$$libinit$$00000030          0x08000218   Section        0  libinit2.o(.ARM.Collect$$libinit$$00000030)
    .ARM.Collect$$libinit$$00000032          0x08000218   Section        0  libinit2.o(.ARM.Collect$$libinit$$00000032)
    .ARM.Collect$$libinit$$00000033          0x08000218   Section        2  libinit2.o(.ARM.Collect$$libinit$$00000033)
    .ARM.Collect$$libshutdown$$00000000      0x0800021a   Section        2  libshutdown.o(.ARM.Collect$$libshutdown$$00000000)
    .ARM.Collect$$libshutdown$$00000003      0x0800021c   Section        0  libshutdown2.o(.ARM.Collect$$libshutdown$$00000003)
    .ARM.Collect$$libshutdown$$00000006      0x0800021c   Section        0  libshutdown2.o(.ARM.Collect$$libshutdown$$00000006)
    .ARM.Collect$$libshutdown$$00000009      0x0800021c   Section        0  libshutdown2.o(.ARM.Collect$$libshutdown$$00000009)
    .ARM.Collect$$libshutdown$$0000000B      0x0800021c   Section        0  libshutdown2.o(.ARM.Collect$$libshutdown$$0000000B)
    .ARM.Collect$$libshutdown$$0000000E      0x0800021c   Section        0  libshutdown2.o(.ARM.Collect$$libshutdown$$0000000E)
    .ARM.Collect$$libshutdown$$0000000F      0x0800021c   Section        2  libshutdown2.o(.ARM.Collect$$libshutdown$$0000000F)
    .ARM.Collect$$rtentry$$00000000          0x0800021e   Section        0  __rtentry.o(.ARM.Collect$$rtentry$$00000000)
    .ARM.Collect$$rtentry$$00000002          0x0800021e   Section        0  __rtentry2.o(.ARM.Collect$$rtentry$$00000002)
    .ARM.Collect$$rtentry$$00000004          0x0800021e   Section        6  __rtentry4.o(.ARM.Collect$$rtentry$$00000004)
    .ARM.Collect$$rtentry$$00000009          0x08000224   Section        0  __rtentry2.o(.ARM.Collect$$rtentry$$00000009)
    .ARM.Collect$$rtentry$$0000000A          0x08000224   Section        4  __rtentry2.o(.ARM.Collect$$rtentry$$0000000A)
    .ARM.Collect$$rtentry$$0000000C          0x08000228   Section        0  __rtentry2.o(.ARM.Collect$$rtentry$$0000000C)
    .ARM.Collect$$rtentry$$0000000D          0x08000228   Section        8  __rtentry2.o(.ARM.Collect$$rtentry$$0000000D)
    .ARM.Collect$$rtexit$$00000000           0x08000230   Section        2  rtexit.o(.ARM.Collect$$rtexit$$00000000)
    .ARM.Collect$$rtexit$$00000002           0x08000232   Section        0  rtexit2.o(.ARM.Collect$$rtexit$$00000002)
    .ARM.Collect$$rtexit$$00000003           0x08000232   Section        4  rtexit2.o(.ARM.Collect$$rtexit$$00000003)
    .ARM.Collect$$rtexit$$00000004           0x08000236   Section        6  rtexit2.o(.ARM.Collect$$rtexit$$00000004)
    .text                                    0x0800023c   Section       64  startup_stm32f401xx.o(.text)
    $v0                                      0x0800023c   Number         0  startup_stm32f401xx.o(.text)
    .text                                    0x0800027c   Section        2  use_no_semi_2.o(.text)
    .text                                    0x08000280   Section        0  noretval__2printf.o(.text)
    .text                                    0x08000298   Section        0  __printf.o(.text)
    .text                                    0x08000300   Section        0  _printf_dec.o(.text)
    .text                                    0x08000378   Section      100  rt_memcpy_w.o(.text)
    .text                                    0x080003dc   Section       78  rt_memclr_w.o(.text)
    .text                                    0x0800042c   Section      128  strcmpv7m.o(.text)
    .text                                    0x080004ac   Section        0  heapauxi.o(.text)
    .text                                    0x080004b2   Section        2  use_no_semi.o(.text)
    .text                                    0x080004b4   Section        0  _printf_intcommon.o(.text)
    .text                                    0x08000568   Section        0  _printf_char_file.o(.text)
    .text                                    0x0800058c   Section        0  _printf_char_common.o(.text)
    _printf_input_char                       0x0800058d   Thumb Code    10  _printf_char_common.o(.text)
    .text                                    0x080005bc   Section        0  ferror.o(.text)
    .text                                    0x080005c4   Section       74  sys_stackheap_outer.o(.text)
    .text                                    0x0800060e   Section        0  exit.o(.text)
    .text                                    0x0800061c   Section        8  libspace.o(.text)
    i.AT24C04_read_byte                      0x08000624   Section        0  at24c04.o(i.AT24C04_read_byte)
    i.AT24C04_read_bytes                     0x080006a6   Section        0  at24c04.o(i.AT24C04_read_bytes)
    i.AT24C04_write_byte                     0x08000744   Section        0  at24c04.o(i.AT24C04_write_byte)
    i.AT24C04_write_bytes                    0x080007b0   Section        0  at24c04.o(i.AT24C04_write_bytes)
    i.AT24C04_write_page                     0x080007fc   Section        0  at24c04.o(i.AT24C04_write_page)
    i.BS8116_Key_scan                        0x0800089c   Section        0  bs8116.o(i.BS8116_Key_scan)
    i.BS8116_ReadKey                         0x080008e4   Section        0  bs8116.o(i.BS8116_ReadKey)
    i.BS8116_Writeregister                   0x080009f4   Section        0  bs8116.o(i.BS8116_Writeregister)
    i.BS8116_init                            0x08000a90   Section        0  bs8116.o(i.BS8116_init)
    i.Enroll                                 0x08000aec   Section        0  mg200.o(i.Enroll)
    i.GPIO_Init                              0x08000d50   Section        0  stm32f4xx_gpio.o(i.GPIO_Init)
    i.GPIO_PinAFConfig                       0x08000de0   Section        0  stm32f4xx_gpio.o(i.GPIO_PinAFConfig)
    i.GPIO_ReadInputDataBit                  0x08000e26   Section        0  stm32f4xx_gpio.o(i.GPIO_ReadInputDataBit)
    i.GPIO_ResetBits                         0x08000e38   Section        0  stm32f4xx_gpio.o(i.GPIO_ResetBits)
    i.GPIO_SetBits                           0x08000e3c   Section        0  stm32f4xx_gpio.o(i.GPIO_SetBits)
    i.LCD_IO_init                            0x08000e40   Section        0  lcd.o(i.LCD_IO_init)
    i.LCD_Point                              0x08000e80   Section        0  lcd.o(i.LCD_Point)
    i.LCD_clear                              0x08000eba   Section        0  lcd.o(i.LCD_clear)
    i.LCD_dis_flash_32ch                     0x08000efc   Section        0  lcd.o(i.LCD_dis_flash_32ch)
    i.LCD_dis_flash_32hz                     0x08000f8c   Section        0  lcd.o(i.LCD_dis_flash_32hz)
    i.LCD_flash_dis_32                       0x08001044   Section        0  lcd.o(i.LCD_flash_dis_32)
    i.LCD_init                               0x080010b8   Section        0  lcd.o(i.LCD_init)
    i.LCD_spi_IO_init                        0x08001244   Section        0  lcd.o(i.LCD_spi_IO_init)
    i.LCD_spi_byte                           0x08001278   Section        0  lcd.o(i.LCD_spi_byte)
    i.Match_l_n                              0x080012d8   Section        0  mg200.o(i.Match_l_n)
    i.NVIC_Init                              0x0800140c   Section        0  misc.o(i.NVIC_Init)
    i.RCC_AHB1PeriphClockCmd                 0x08001484   Section        0  stm32f4xx_rcc.o(i.RCC_AHB1PeriphClockCmd)
    i.RCC_APB1PeriphClockCmd                 0x080014a4   Section        0  stm32f4xx_rcc.o(i.RCC_APB1PeriphClockCmd)
    i.RCC_APB2PeriphClockCmd                 0x080014c4   Section        0  stm32f4xx_rcc.o(i.RCC_APB2PeriphClockCmd)
    i.RCC_GetClocksFreq                      0x080014e4   Section        0  stm32f4xx_rcc.o(i.RCC_GetClocksFreq)
    i.ReqCaptureAndExtract                   0x080015cc   Section        0  mg200.o(i.ReqCaptureAndExtract)
    i.SPI_Cmd                                0x0800187c   Section        0  stm32f4xx_spi.o(i.SPI_Cmd)
    i.SPI_I2S_GetFlagStatus                  0x08001894   Section        0  stm32f4xx_spi.o(i.SPI_I2S_GetFlagStatus)
    i.SPI_I2S_ReceiveData                    0x080018a6   Section        0  stm32f4xx_spi.o(i.SPI_I2S_ReceiveData)
    i.SPI_I2S_SendData                       0x080018ac   Section        0  stm32f4xx_spi.o(i.SPI_I2S_SendData)
    i.SPI_Init                               0x080018b0   Section        0  stm32f4xx_spi.o(i.SPI_Init)
    i.SPI_NSSInternalSoftwareConfig          0x080018ec   Section        0  stm32f4xx_spi.o(i.SPI_NSSInternalSoftwareConfig)
    i.SetSysClock                            0x0800190c   Section        0  system_stm32f4xx.o(i.SetSysClock)
    SetSysClock                              0x0800190d   Thumb Code   216  system_stm32f4xx.o(i.SetSysClock)
    i.SystemInit                             0x080019f4   Section        0  system_stm32f4xx.o(i.SystemInit)
    i.TIM1_BRK_TIM9_IRQHandler               0x08001a5c   Section        0  nvic.o(i.TIM1_BRK_TIM9_IRQHandler)
    i.TIM_ClearFlag                          0x08001ad0   Section        0  stm32f4xx_tim.o(i.TIM_ClearFlag)
    i.TIM_ClearITPendingBit                  0x08001ad6   Section        0  stm32f4xx_tim.o(i.TIM_ClearITPendingBit)
    i.TIM_Cmd                                0x08001adc   Section        0  stm32f4xx_tim.o(i.TIM_Cmd)
    i.TIM_GetFlagStatus                      0x08001af4   Section        0  stm32f4xx_tim.o(i.TIM_GetFlagStatus)
    i.TIM_GetITStatus                        0x08001b06   Section        0  stm32f4xx_tim.o(i.TIM_GetITStatus)
    i.TIM_SelectOnePulseMode                 0x08001b28   Section        0  stm32f4xx_tim.o(i.TIM_SelectOnePulseMode)
    i.TIM_SetCompare4                        0x08001b3a   Section        0  stm32f4xx_tim.o(i.TIM_SetCompare4)
    i.TIM_TimeBaseInit                       0x08001b40   Section        0  stm32f4xx_tim.o(i.TIM_TimeBaseInit)
    i.Tim5_delay_ms                          0x08001bc4   Section        0  timer.o(i.Tim5_delay_ms)
    i.Tim5_delay_us                          0x08001c24   Section        0  timer.o(i.Tim5_delay_us)
    i.USART1_IRQHandler                      0x08001c7c   Section        0  nvic.o(i.USART1_IRQHandler)
    i.USART6_IRQHandler                      0x08001d28   Section        0  nvic.o(i.USART6_IRQHandler)
    i.USART_ClearITPendingBit                0x08001d8c   Section        0  stm32f4xx_usart.o(i.USART_ClearITPendingBit)
    i.USART_Cmd                              0x08001daa   Section        0  stm32f4xx_usart.o(i.USART_Cmd)
    i.USART_GetFlagStatus                    0x08001dc2   Section        0  stm32f4xx_usart.o(i.USART_GetFlagStatus)
    i.USART_GetITStatus                      0x08001ddc   Section        0  stm32f4xx_usart.o(i.USART_GetITStatus)
    i.USART_ITConfig                         0x08001e30   Section        0  stm32f4xx_usart.o(i.USART_ITConfig)
    i.USART_Init                             0x08001e7c   Section        0  stm32f4xx_usart.o(i.USART_Init)
    i.USART_ReceiveData                      0x08001f50   Section        0  stm32f4xx_usart.o(i.USART_ReceiveData)
    i.USART_SendData                         0x08001f5a   Section        0  stm32f4xx_usart.o(i.USART_SendData)
    i._sys_exit                              0x08001f62   Section        0  usart.o(i._sys_exit)
    i.at24c04_init                           0x08001f68   Section        0  at24c04.o(i.at24c04_init)
    i.bs8116_iic_IO_init                     0x08001f70   Section        0  bs8116.o(i.bs8116_iic_IO_init)
    i.bs8116_iic_get_ack                     0x08001fb0   Section        0  bs8116.o(i.bs8116_iic_get_ack)
    i.bs8116_iic_read_byte                   0x08001ffc   Section        0  bs8116.o(i.bs8116_iic_read_byte)
    i.bs8116_iic_send_ack                    0x08002058   Section        0  bs8116.o(i.bs8116_iic_send_ack)
    i.bs8116_iic_send_byte                   0x080020ac   Section        0  bs8116.o(i.bs8116_iic_send_byte)
    i.bs8116_iic_star                        0x08002110   Section        0  bs8116.o(i.bs8116_iic_star)
    i.bs8116_iic_stop                        0x08002158   Section        0  bs8116.o(i.bs8116_iic_stop)
    i.close_door                             0x080021a0   Section        0  door.o(i.close_door)
    i.delay_ms                               0x080021d0   Section        0  key.o(i.delay_ms)
    delay_ms                                 0x080021d1   Thumb Code    20  key.o(i.delay_ms)
    i.delay_ms                               0x080021e4   Section        0  door.o(i.delay_ms)
    delay_ms                                 0x080021e5   Thumb Code    20  door.o(i.delay_ms)
    i.door_init                              0x080021f8   Section        0  door.o(i.door_init)
    i.erase_all                              0x0800223c   Section        0  mg200.o(i.erase_all)
    i.erase_one                              0x080022ec   Section        0  mg200.o(i.erase_one)
    i.fputc                                  0x080023c0   Section        0  usart.o(i.fputc)
    i.iic_IO_init                            0x080023dc   Section        0  at24c04.o(i.iic_IO_init)
    i.iic_get_ack                            0x08002464   Section        0  at24c04.o(i.iic_get_ack)
    i.iic_read_byte                          0x080024cc   Section        0  at24c04.o(i.iic_read_byte)
    i.iic_send_ack                           0x08002544   Section        0  at24c04.o(i.iic_send_ack)
    i.iic_send_byte                          0x080025d4   Section        0  at24c04.o(i.iic_send_byte)
    i.iic_star                               0x08002648   Section        0  at24c04.o(i.iic_star)
    i.iic_stop                               0x0800269c   Section        0  at24c04.o(i.iic_stop)
    i.key_init                               0x080026e4   Section        0  key.o(i.key_init)
    i.key_scan                               0x08002714   Section        0  key.o(i.key_scan)
    i.led_init                               0x08002764   Section        0  led.o(i.led_init)
    i.main                                   0x080027ac   Section        0  main.o(i.main)
    i.mg200_init                             0x080029e4   Section        0  mg200.o(i.mg200_init)
    i.mg200_read_cmd                         0x08002a38   Section        0  mg200.o(i.mg200_read_cmd)
    i.mg200_write_cmd                        0x08002ab4   Section        0  mg200.o(i.mg200_write_cmd)
    i.open_door                              0x08002afc   Section        0  door.o(i.open_door)
    i.open_passward                          0x08002b2c   Section        0  bs8116.o(i.open_passward)
    i.read_status                            0x08002e28   Section        0  w25q64.o(i.read_status)
    i.st7789vm_rest                          0x08002e50   Section        0  lcd.o(i.st7789vm_rest)
    i.st7789vm_write_command                 0x08002e78   Section        0  lcd.o(i.st7789vm_write_command)
    i.st7789vm_write_command_parameter       0x08002ea8   Section        0  lcd.o(i.st7789vm_write_command_parameter)
    i.st7789vm_write_data                    0x08002ed8   Section        0  lcd.o(i.st7789vm_write_data)
    i.usart1_init                            0x08002f0c   Section        0  usart.o(i.usart1_init)
    i.usart6_init                            0x08002fc4   Section        0  mg200.o(i.usart6_init)
    i.usart6_send_byte                       0x0800308c   Section        0  mg200.o(i.usart6_send_byte)
    i.voice                                  0x080030ac   Section        0  voice.o(i.voice)
    i.voice_head                             0x080030e8   Section        0  voice.o(i.voice_head)
    i.voice_hig                              0x0800310c   Section        0  voice.o(i.voice_hig)
    i.voice_init                             0x08003134   Section        0  voice.o(i.voice_init)
    i.voice_low                              0x08003188   Section        0  voice.o(i.voice_low)
    i.w25q64_Spi_bayte                       0x080031b0   Section        0  w25q64.o(i.w25q64_Spi_bayte)
    i.w25q64_block_erase                     0x080031ec   Section        0  w25q64.o(i.w25q64_block_erase)
    i.w25q64_blocks                          0x08003234   Section        0  w25q64.o(i.w25q64_blocks)
    i.w25q64_init                            0x08003250   Section        0  w25q64.o(i.w25q64_init)
    i.w25q64_page_write                      0x08003294   Section        0  w25q64.o(i.w25q64_page_write)
    i.w25q64_read                            0x08003308   Section        0  w25q64.o(i.w25q64_read)
    i.w25q64_spi_init                        0x08003358   Section        0  w25q64.o(i.w25q64_spi_init)
    i.wirite_enable                          0x08003408   Section        0  w25q64.o(i.wirite_enable)
    i.write_status                           0x08003428   Section        0  w25q64.o(i.write_status)
    i.zk_updata                              0x08003460   Section        0  w25q64.o(i.zk_updata)
    x$fpl$fpinit                             0x080034c8   Section       10  fpinit.o(x$fpl$fpinit)
    $v0                                      0x080034c8   Number         0  fpinit.o(x$fpl$fpinit)
    .data                                    0x20000000   Section        1  key.o(.data)
    flag                                     0x20000000   Data           1  key.o(.data)
    .data                                    0x20000004   Section        4  usart.o(.data)
    .data                                    0x20000008   Section       17  nvic.o(.data)
    zk_addr                                  0x2000000c   Data           4  nvic.o(.data)
    zk_cont                                  0x20000010   Data           4  nvic.o(.data)
    i                                        0x20000014   Data           1  nvic.o(.data)
    led_pwm                                  0x20000016   Data           2  nvic.o(.data)
    led_pwm_flag                             0x20000018   Data           1  nvic.o(.data)
    .data                                    0x20000019   Section        5  bs8116.o(.data)
    bs8116_key_flag                          0x20000019   Data           1  bs8116.o(.data)
    at24_flag                                0x2000001a   Data           1  bs8116.o(.data)
    open_flag                                0x2000001b   Data           1  bs8116.o(.data)
    passward_i                               0x2000001c   Data           1  bs8116.o(.data)
    open_door_flag                           0x2000001d   Data           1  bs8116.o(.data)
    .data                                    0x2000001e   Section        2  mg200.o(.data)
    show_flag                                0x2000001f   Data           1  mg200.o(.data)
    .data                                    0x20000020   Section       16  stm32f4xx_rcc.o(.data)
    APBAHBPrescTable                         0x20000020   Data          16  stm32f4xx_rcc.o(.data)
    .bss                                     0x20000030   Section       30  nvic.o(.bss)
    .bss                                     0x2000004e   Section       20  bs8116.o(.bss)
    open_passward1                           0x2000004e   Data          10  bs8116.o(.bss)
    open_passward2                           0x20000058   Data          10  bs8116.o(.bss)
    .bss                                     0x20000064   Section       96  libspace.o(.bss)
    HEAP                                     0x200000c8   Section      512  startup_stm32f401xx.o(HEAP)
    Heap_Mem                                 0x200000c8   Data         512  startup_stm32f401xx.o(HEAP)
    STACK                                    0x200002c8   Section     1024  startup_stm32f401xx.o(STACK)
    Stack_Mem                                0x200002c8   Data        1024  startup_stm32f401xx.o(STACK)
    __initial_sp                             0x200006c8   Data           0  startup_stm32f401xx.o(STACK)

    Global Symbols

    Symbol Name                              Value     Ov Type        Size  Object(Section)

    BuildAttributes$$THM_ISAv4$E$P$D$K$B$S$7EM$VFPi3$EXTD16$VFPS$VFMA$PE$A:L22UL41UL21$X:L11$S22US41US21$IEEE1$IW$USESV6$~STKCKD$USESV7$~SHL$OSPACE$ROPI$EBA8$UX$STANDARDLIB$REQ8$PRES8$EABIv2 0x00000000   Number         0  anon$$obj.o ABSOLUTE
    __ARM_use_no_argv                        0x00000000   Number         0  main.o ABSOLUTE
    __ARM_exceptions_init                     - Undefined Weak Reference
    __alloca_initialize                       - Undefined Weak Reference
    __arm_preinit_                            - Undefined Weak Reference
    __cpp_initialize__aeabi_                  - Undefined Weak Reference
    __cxa_finalize                            - Undefined Weak Reference
    __rt_locale                               - Undefined Weak Reference
    __sigvec_lookup                           - Undefined Weak Reference
    _atexit_init                              - Undefined Weak Reference
    _call_atexit_fns                          - Undefined Weak Reference
    _clock_init                               - Undefined Weak Reference
    _fp_trap_init                             - Undefined Weak Reference
    _fp_trap_shutdown                         - Undefined Weak Reference
    _get_lc_collate                           - Undefined Weak Reference
    _get_lc_ctype                             - Undefined Weak Reference
    _get_lc_monetary                          - Undefined Weak Reference
    _get_lc_numeric                           - Undefined Weak Reference
    _get_lc_time                              - Undefined Weak Reference
    _getenv_init                              - Undefined Weak Reference
    _handle_redirection                       - Undefined Weak Reference
    _init_alloc                               - Undefined Weak Reference
    _init_user_alloc                          - Undefined Weak Reference
    _initio                                   - Undefined Weak Reference
    _mutex_acquire                            - Undefined Weak Reference
    _mutex_release                            - Undefined Weak Reference
    _printf_post_padding                      - Undefined Weak Reference
    _printf_pre_padding                       - Undefined Weak Reference
    _printf_truncate_signed                   - Undefined Weak Reference
    _printf_truncate_unsigned                 - Undefined Weak Reference
    _rand_init                                - Undefined Weak Reference
    _signal_finish                            - Undefined Weak Reference
    _signal_init                              - Undefined Weak Reference
    _terminate_alloc                          - Undefined Weak Reference
    _terminate_user_alloc                     - Undefined Weak Reference
    _terminateio                              - Undefined Weak Reference
    __Vectors_Size                           0x00000194   Number         0  startup_stm32f401xx.o ABSOLUTE
    __Vectors                                0x08000000   Data           4  startup_stm32f401xx.o(RESET)
    __Vectors_End                            0x08000194   Data           0  startup_stm32f401xx.o(RESET)
    __main                                   0x08000195   Thumb Code     8  __main.o(!!!main)
    __scatterload                            0x0800019d   Thumb Code     0  __scatter.o(!!!scatter)
    __scatterload_rt2                        0x0800019d   Thumb Code    44  __scatter.o(!!!scatter)
    __scatterload_rt2_thumb_only             0x0800019d   Thumb Code     0  __scatter.o(!!!scatter)
    __scatterload_null                       0x080001ab   Thumb Code     0  __scatter.o(!!!scatter)
    __scatterload_copy                       0x080001d1   Thumb Code    26  __scatter_copy.o(!!handler_copy)
    __scatterload_zeroinit                   0x080001ed   Thumb Code    28  __scatter_zi.o(!!handler_zi)
    _printf_d                                0x08000209   Thumb Code     0  _printf_d.o(.ARM.Collect$$_printf_percent$$00000009)
    _printf_percent                          0x08000209   Thumb Code     0  _printf_percent.o(.ARM.Collect$$_printf_percent$$00000000)
    _printf_percent_end                      0x0800020f   Thumb Code     0  _printf_percent_end.o(.ARM.Collect$$_printf_percent$$00000017)
    __rt_lib_init                            0x08000213   Thumb Code     0  libinit.o(.ARM.Collect$$libinit$$00000000)
    __rt_lib_init_fp_1                       0x08000215   Thumb Code     0  libinit2.o(.ARM.Collect$$libinit$$00000001)
    __rt_lib_init_alloca_1                   0x08000219   Thumb Code     0  libinit2.o(.ARM.Collect$$libinit$$0000002E)
    __rt_lib_init_argv_1                     0x08000219   Thumb Code     0  libinit2.o(.ARM.Collect$$libinit$$0000002C)
    __rt_lib_init_atexit_1                   0x08000219   Thumb Code     0  libinit2.o(.ARM.Collect$$libinit$$0000001B)
    __rt_lib_init_clock_1                    0x08000219   Thumb Code     0  libinit2.o(.ARM.Collect$$libinit$$00000021)
    __rt_lib_init_cpp_1                      0x08000219   Thumb Code     0  libinit2.o(.ARM.Collect$$libinit$$00000032)
    __rt_lib_init_exceptions_1               0x08000219   Thumb Code     0  libinit2.o(.ARM.Collect$$libinit$$00000030)
    __rt_lib_init_fp_trap_1                  0x08000219   Thumb Code     0  libinit2.o(.ARM.Collect$$libinit$$0000001F)
    __rt_lib_init_getenv_1                   0x08000219   Thumb Code     0  libinit2.o(.ARM.Collect$$libinit$$00000023)
    __rt_lib_init_heap_1                     0x08000219   Thumb Code     0  libinit2.o(.ARM.Collect$$libinit$$0000000A)
    __rt_lib_init_lc_collate_1               0x08000219   Thumb Code     0  libinit2.o(.ARM.Collect$$libinit$$00000011)
    __rt_lib_init_lc_ctype_1                 0x08000219   Thumb Code     0  libinit2.o(.ARM.Collect$$libinit$$00000013)
    __rt_lib_init_lc_monetary_1              0x08000219   Thumb Code     0  libinit2.o(.ARM.Collect$$libinit$$00000015)
    __rt_lib_init_lc_numeric_1               0x08000219   Thumb Code     0  libinit2.o(.ARM.Collect$$libinit$$00000017)
    __rt_lib_init_lc_time_1                  0x08000219   Thumb Code     0  libinit2.o(.ARM.Collect$$libinit$$00000019)
    __rt_lib_init_preinit_1                  0x08000219   Thumb Code     0  libinit2.o(.ARM.Collect$$libinit$$00000004)
    __rt_lib_init_rand_1                     0x08000219   Thumb Code     0  libinit2.o(.ARM.Collect$$libinit$$0000000E)
    __rt_lib_init_return                     0x08000219   Thumb Code     0  libinit2.o(.ARM.Collect$$libinit$$00000033)
    __rt_lib_init_signal_1                   0x08000219   Thumb Code     0  libinit2.o(.ARM.Collect$$libinit$$0000001D)
    __rt_lib_init_stdio_1                    0x08000219   Thumb Code     0  libinit2.o(.ARM.Collect$$libinit$$00000025)
    __rt_lib_init_user_alloc_1               0x08000219   Thumb Code     0  libinit2.o(.ARM.Collect$$libinit$$0000000C)
    __rt_lib_shutdown                        0x0800021b   Thumb Code     0  libshutdown.o(.ARM.Collect$$libshutdown$$00000000)
    __rt_lib_shutdown_fp_trap_1              0x0800021d   Thumb Code     0  libshutdown2.o(.ARM.Collect$$libshutdown$$00000006)
    __rt_lib_shutdown_heap_1                 0x0800021d   Thumb Code     0  libshutdown2.o(.ARM.Collect$$libshutdown$$0000000E)
    __rt_lib_shutdown_return                 0x0800021d   Thumb Code     0  libshutdown2.o(.ARM.Collect$$libshutdown$$0000000F)
    __rt_lib_shutdown_signal_1               0x0800021d   Thumb Code     0  libshutdown2.o(.ARM.Collect$$libshutdown$$00000009)
    __rt_lib_shutdown_stdio_1                0x0800021d   Thumb Code     0  libshutdown2.o(.ARM.Collect$$libshutdown$$00000003)
    __rt_lib_shutdown_user_alloc_1           0x0800021d   Thumb Code     0  libshutdown2.o(.ARM.Collect$$libshutdown$$0000000B)
    __rt_entry                               0x0800021f   Thumb Code     0  __rtentry.o(.ARM.Collect$$rtentry$$00000000)
    __rt_entry_presh_1                       0x0800021f   Thumb Code     0  __rtentry2.o(.ARM.Collect$$rtentry$$00000002)
    __rt_entry_sh                            0x0800021f   Thumb Code     0  __rtentry4.o(.ARM.Collect$$rtentry$$00000004)
    __rt_entry_li                            0x08000225   Thumb Code     0  __rtentry2.o(.ARM.Collect$$rtentry$$0000000A)
    __rt_entry_postsh_1                      0x08000225   Thumb Code     0  __rtentry2.o(.ARM.Collect$$rtentry$$00000009)
    __rt_entry_main                          0x08000229   Thumb Code     0  __rtentry2.o(.ARM.Collect$$rtentry$$0000000D)
    __rt_entry_postli_1                      0x08000229   Thumb Code     0  __rtentry2.o(.ARM.Collect$$rtentry$$0000000C)
    __rt_exit                                0x08000231   Thumb Code     0  rtexit.o(.ARM.Collect$$rtexit$$00000000)
    __rt_exit_ls                             0x08000233   Thumb Code     0  rtexit2.o(.ARM.Collect$$rtexit$$00000003)
    __rt_exit_prels_1                        0x08000233   Thumb Code     0  rtexit2.o(.ARM.Collect$$rtexit$$00000002)
    __rt_exit_exit                           0x08000237   Thumb Code     0  rtexit2.o(.ARM.Collect$$rtexit$$00000004)
    Reset_Handler                            0x0800023d   Thumb Code     8  startup_stm32f401xx.o(.text)
    NMI_Handler                              0x08000245   Thumb Code     2  startup_stm32f401xx.o(.text)
    HardFault_Handler                        0x08000247   Thumb Code     2  startup_stm32f401xx.o(.text)
    MemManage_Handler                        0x08000249   Thumb Code     2  startup_stm32f401xx.o(.text)
    BusFault_Handler                         0x0800024b   Thumb Code     2  startup_stm32f401xx.o(.text)
    UsageFault_Handler                       0x0800024d   Thumb Code     2  startup_stm32f401xx.o(.text)
    SVC_Handler                              0x0800024f   Thumb Code     2  startup_stm32f401xx.o(.text)
    DebugMon_Handler                         0x08000251   Thumb Code     2  startup_stm32f401xx.o(.text)
    PendSV_Handler                           0x08000253   Thumb Code     2  startup_stm32f401xx.o(.text)
    SysTick_Handler                          0x08000255   Thumb Code     2  startup_stm32f401xx.o(.text)
    ADC_IRQHandler                           0x08000257   Thumb Code     0  startup_stm32f401xx.o(.text)
    DMA1_Stream0_IRQHandler                  0x08000257   Thumb Code     0  startup_stm32f401xx.o(.text)
    DMA1_Stream1_IRQHandler                  0x08000257   Thumb Code     0  startup_stm32f401xx.o(.text)
    DMA1_Stream2_IRQHandler                  0x08000257   Thumb Code     0  startup_stm32f401xx.o(.text)
    DMA1_Stream3_IRQHandler                  0x08000257   Thumb Code     0  startup_stm32f401xx.o(.text)
    DMA1_Stream4_IRQHandler                  0x08000257   Thumb Code     0  startup_stm32f401xx.o(.text)
    DMA1_Stream5_IRQHandler                  0x08000257   Thumb Code     0  startup_stm32f401xx.o(.text)
    DMA1_Stream6_IRQHandler                  0x08000257   Thumb Code     0  startup_stm32f401xx.o(.text)
    DMA1_Stream7_IRQHandler                  0x08000257   Thumb Code     0  startup_stm32f401xx.o(.text)
    DMA2_Stream0_IRQHandler                  0x08000257   Thumb Code     0  startup_stm32f401xx.o(.text)
    DMA2_Stream1_IRQHandler                  0x08000257   Thumb Code     0  startup_stm32f401xx.o(.text)
    DMA2_Stream2_IRQHandler                  0x08000257   Thumb Code     0  startup_stm32f401xx.o(.text)
    DMA2_Stream3_IRQHandler                  0x08000257   Thumb Code     0  startup_stm32f401xx.o(.text)
    DMA2_Stream4_IRQHandler                  0x08000257   Thumb Code     0  startup_stm32f401xx.o(.text)
    DMA2_Stream5_IRQHandler                  0x08000257   Thumb Code     0  startup_stm32f401xx.o(.text)
    DMA2_Stream6_IRQHandler                  0x08000257   Thumb Code     0  startup_stm32f401xx.o(.text)
    DMA2_Stream7_IRQHandler                  0x08000257   Thumb Code     0  startup_stm32f401xx.o(.text)
    EXTI0_IRQHandler                         0x08000257   Thumb Code     0  startup_stm32f401xx.o(.text)
    EXTI15_10_IRQHandler                     0x08000257   Thumb Code     0  startup_stm32f401xx.o(.text)
    EXTI1_IRQHandler                         0x08000257   Thumb Code     0  startup_stm32f401xx.o(.text)
    EXTI2_IRQHandler                         0x08000257   Thumb Code     0  startup_stm32f401xx.o(.text)
    EXTI3_IRQHandler                         0x08000257   Thumb Code     0  startup_stm32f401xx.o(.text)
    EXTI4_IRQHandler                         0x08000257   Thumb Code     0  startup_stm32f401xx.o(.text)
    EXTI9_5_IRQHandler                       0x08000257   Thumb Code     0  startup_stm32f401xx.o(.text)
    FLASH_IRQHandler                         0x08000257   Thumb Code     0  startup_stm32f401xx.o(.text)
    FPU_IRQHandler                           0x08000257   Thumb Code     0  startup_stm32f401xx.o(.text)
    I2C1_ER_IRQHandler                       0x08000257   Thumb Code     0  startup_stm32f401xx.o(.text)
    I2C1_EV_IRQHandler                       0x08000257   Thumb Code     0  startup_stm32f401xx.o(.text)
    I2C2_ER_IRQHandler                       0x08000257   Thumb Code     0  startup_stm32f401xx.o(.text)
    I2C2_EV_IRQHandler                       0x08000257   Thumb Code     0  startup_stm32f401xx.o(.text)
    I2C3_ER_IRQHandler                       0x08000257   Thumb Code     0  startup_stm32f401xx.o(.text)
    I2C3_EV_IRQHandler                       0x08000257   Thumb Code     0  startup_stm32f401xx.o(.text)
    OTG_FS_IRQHandler                        0x08000257   Thumb Code     0  startup_stm32f401xx.o(.text)
    OTG_FS_WKUP_IRQHandler                   0x08000257   Thumb Code     0  startup_stm32f401xx.o(.text)
    PVD_IRQHandler                           0x08000257   Thumb Code     0  startup_stm32f401xx.o(.text)
    RCC_IRQHandler                           0x08000257   Thumb Code     0  startup_stm32f401xx.o(.text)
    RTC_Alarm_IRQHandler                     0x08000257   Thumb Code     0  startup_stm32f401xx.o(.text)
    RTC_WKUP_IRQHandler                      0x08000257   Thumb Code     0  startup_stm32f401xx.o(.text)
    SDIO_IRQHandler                          0x08000257   Thumb Code     0  startup_stm32f401xx.o(.text)
    SPI1_IRQHandler                          0x08000257   Thumb Code     0  startup_stm32f401xx.o(.text)
    SPI2_IRQHandler                          0x08000257   Thumb Code     0  startup_stm32f401xx.o(.text)
    SPI3_IRQHandler                          0x08000257   Thumb Code     0  startup_stm32f401xx.o(.text)
    SPI4_IRQHandler                          0x08000257   Thumb Code     0  startup_stm32f401xx.o(.text)
    TAMP_STAMP_IRQHandler                    0x08000257   Thumb Code     0  startup_stm32f401xx.o(.text)
    TIM1_CC_IRQHandler                       0x08000257   Thumb Code     0  startup_stm32f401xx.o(.text)
    TIM1_TRG_COM_TIM11_IRQHandler            0x08000257   Thumb Code     0  startup_stm32f401xx.o(.text)
    TIM1_UP_TIM10_IRQHandler                 0x08000257   Thumb Code     0  startup_stm32f401xx.o(.text)
    TIM2_IRQHandler                          0x08000257   Thumb Code     0  startup_stm32f401xx.o(.text)
    TIM3_IRQHandler                          0x08000257   Thumb Code     0  startup_stm32f401xx.o(.text)
    TIM4_IRQHandler                          0x08000257   Thumb Code     0  startup_stm32f401xx.o(.text)
    TIM5_IRQHandler                          0x08000257   Thumb Code     0  startup_stm32f401xx.o(.text)
    USART2_IRQHandler                        0x08000257   Thumb Code     0  startup_stm32f401xx.o(.text)
    WWDG_IRQHandler                          0x08000257   Thumb Code     0  startup_stm32f401xx.o(.text)
    __user_initial_stackheap                 0x08000259   Thumb Code     0  startup_stm32f401xx.o(.text)
    __use_no_semihosting                     0x0800027d   Thumb Code     2  use_no_semi_2.o(.text)
    __2printf                                0x08000281   Thumb Code    20  noretval__2printf.o(.text)
    __printf                                 0x08000299   Thumb Code   104  __printf.o(.text)
    _printf_int_dec                          0x08000301   Thumb Code   104  _printf_dec.o(.text)
    __aeabi_memcpy4                          0x08000379   Thumb Code     0  rt_memcpy_w.o(.text)
    __aeabi_memcpy8                          0x08000379   Thumb Code     0  rt_memcpy_w.o(.text)
    __rt_memcpy_w                            0x08000379   Thumb Code   100  rt_memcpy_w.o(.text)
    _memcpy_lastbytes_aligned                0x080003c1   Thumb Code     0  rt_memcpy_w.o(.text)
    __aeabi_memclr4                          0x080003dd   Thumb Code     0  rt_memclr_w.o(.text)
    __aeabi_memclr8                          0x080003dd   Thumb Code     0  rt_memclr_w.o(.text)
    __rt_memclr_w                            0x080003dd   Thumb Code    78  rt_memclr_w.o(.text)
    _memset_w                                0x080003e1   Thumb Code     0  rt_memclr_w.o(.text)
    strcmp                                   0x0800042d   Thumb Code   128  strcmpv7m.o(.text)
    __use_two_region_memory                  0x080004ad   Thumb Code     2  heapauxi.o(.text)
    __rt_heap_escrow$2region                 0x080004af   Thumb Code     2  heapauxi.o(.text)
    __rt_heap_expand$2region                 0x080004b1   Thumb Code     2  heapauxi.o(.text)
    __I$use$semihosting                      0x080004b3   Thumb Code     0  use_no_semi.o(.text)
    __use_no_semihosting_swi                 0x080004b3   Thumb Code     2  use_no_semi.o(.text)
    _printf_int_common                       0x080004b5   Thumb Code   178  _printf_intcommon.o(.text)
    _printf_char_file                        0x08000569   Thumb Code    32  _printf_char_file.o(.text)
    _printf_char_common                      0x08000597   Thumb Code    32  _printf_char_common.o(.text)
    ferror                                   0x080005bd   Thumb Code     8  ferror.o(.text)
    __user_setup_stackheap                   0x080005c5   Thumb Code    74  sys_stackheap_outer.o(.text)
    exit                                     0x0800060f   Thumb Code    12  exit.o(.text)
    __user_libspace                          0x0800061d   Thumb Code     8  libspace.o(.text)
    __user_perproc_libspace                  0x0800061d   Thumb Code     0  libspace.o(.text)
    __user_perthread_libspace                0x0800061d   Thumb Code     0  libspace.o(.text)
    AT24C04_read_byte                        0x08000625   Thumb Code   130  at24c04.o(i.AT24C04_read_byte)
    AT24C04_read_bytes                       0x080006a7   Thumb Code   158  at24c04.o(i.AT24C04_read_bytes)
    AT24C04_write_byte                       0x08000745   Thumb Code   108  at24c04.o(i.AT24C04_write_byte)
    AT24C04_write_bytes                      0x080007b1   Thumb Code    76  at24c04.o(i.AT24C04_write_bytes)
    AT24C04_write_page                       0x080007fd   Thumb Code   158  at24c04.o(i.AT24C04_write_page)
    BS8116_Key_scan                          0x0800089d   Thumb Code    62  bs8116.o(i.BS8116_Key_scan)
    BS8116_ReadKey                           0x080008e5   Thumb Code   268  bs8116.o(i.BS8116_ReadKey)
    BS8116_Writeregister                     0x080009f5   Thumb Code   150  bs8116.o(i.BS8116_Writeregister)
    BS8116_init                              0x08000a91   Thumb Code    60  bs8116.o(i.BS8116_init)
    Enroll                                   0x08000aed   Thumb Code   286  mg200.o(i.Enroll)
    GPIO_Init                                0x08000d51   Thumb Code   144  stm32f4xx_gpio.o(i.GPIO_Init)
    GPIO_PinAFConfig                         0x08000de1   Thumb Code    70  stm32f4xx_gpio.o(i.GPIO_PinAFConfig)
    GPIO_ReadInputDataBit                    0x08000e27   Thumb Code    18  stm32f4xx_gpio.o(i.GPIO_ReadInputDataBit)
    GPIO_ResetBits                           0x08000e39   Thumb Code     4  stm32f4xx_gpio.o(i.GPIO_ResetBits)
    GPIO_SetBits                             0x08000e3d   Thumb Code     4  stm32f4xx_gpio.o(i.GPIO_SetBits)
    LCD_IO_init                              0x08000e41   Thumb Code    60  lcd.o(i.LCD_IO_init)
    LCD_Point                                0x08000e81   Thumb Code    58  lcd.o(i.LCD_Point)
    LCD_clear                                0x08000ebb   Thumb Code    66  lcd.o(i.LCD_clear)
    LCD_dis_flash_32ch                       0x08000efd   Thumb Code   140  lcd.o(i.LCD_dis_flash_32ch)
    LCD_dis_flash_32hz                       0x08000f8d   Thumb Code   180  lcd.o(i.LCD_dis_flash_32hz)
    LCD_flash_dis_32                         0x08001045   Thumb Code   116  lcd.o(i.LCD_flash_dis_32)
    LCD_init                                 0x080010b9   Thumb Code   390  lcd.o(i.LCD_init)
    LCD_spi_IO_init                          0x08001245   Thumb Code    48  lcd.o(i.LCD_spi_IO_init)
    LCD_spi_byte                             0x08001279   Thumb Code    90  lcd.o(i.LCD_spi_byte)
    Match_l_n                                0x080012d9   Thumb Code   196  mg200.o(i.Match_l_n)
    NVIC_Init                                0x0800140d   Thumb Code   106  misc.o(i.NVIC_Init)
    RCC_AHB1PeriphClockCmd                   0x08001485   Thumb Code    26  stm32f4xx_rcc.o(i.RCC_AHB1PeriphClockCmd)
    RCC_APB1PeriphClockCmd                   0x080014a5   Thumb Code    26  stm32f4xx_rcc.o(i.RCC_APB1PeriphClockCmd)
    RCC_APB2PeriphClockCmd                   0x080014c5   Thumb Code    26  stm32f4xx_rcc.o(i.RCC_APB2PeriphClockCmd)
    RCC_GetClocksFreq                        0x080014e5   Thumb Code   214  stm32f4xx_rcc.o(i.RCC_GetClocksFreq)
    ReqCaptureAndExtract                     0x080015cd   Thumb Code   202  mg200.o(i.ReqCaptureAndExtract)
    SPI_Cmd                                  0x0800187d   Thumb Code    24  stm32f4xx_spi.o(i.SPI_Cmd)
    SPI_I2S_GetFlagStatus                    0x08001895   Thumb Code    18  stm32f4xx_spi.o(i.SPI_I2S_GetFlagStatus)
    SPI_I2S_ReceiveData                      0x080018a7   Thumb Code     6  stm32f4xx_spi.o(i.SPI_I2S_ReceiveData)
    SPI_I2S_SendData                         0x080018ad   Thumb Code     4  stm32f4xx_spi.o(i.SPI_I2S_SendData)
    SPI_Init                                 0x080018b1   Thumb Code    60  stm32f4xx_spi.o(i.SPI_Init)
    SPI_NSSInternalSoftwareConfig            0x080018ed   Thumb Code    30  stm32f4xx_spi.o(i.SPI_NSSInternalSoftwareConfig)
    SystemInit                               0x080019f5   Thumb Code    88  system_stm32f4xx.o(i.SystemInit)
    TIM1_BRK_TIM9_IRQHandler                 0x08001a5d   Thumb Code    98  nvic.o(i.TIM1_BRK_TIM9_IRQHandler)
    TIM_ClearFlag                            0x08001ad1   Thumb Code     6  stm32f4xx_tim.o(i.TIM_ClearFlag)
    TIM_ClearITPendingBit                    0x08001ad7   Thumb Code     6  stm32f4xx_tim.o(i.TIM_ClearITPendingBit)
    TIM_Cmd                                  0x08001add   Thumb Code    24  stm32f4xx_tim.o(i.TIM_Cmd)
    TIM_GetFlagStatus                        0x08001af5   Thumb Code    18  stm32f4xx_tim.o(i.TIM_GetFlagStatus)
    TIM_GetITStatus                          0x08001b07   Thumb Code    34  stm32f4xx_tim.o(i.TIM_GetITStatus)
    TIM_SelectOnePulseMode                   0x08001b29   Thumb Code    18  stm32f4xx_tim.o(i.TIM_SelectOnePulseMode)
    TIM_SetCompare4                          0x08001b3b   Thumb Code     4  stm32f4xx_tim.o(i.TIM_SetCompare4)
    TIM_TimeBaseInit                         0x08001b41   Thumb Code   104  stm32f4xx_tim.o(i.TIM_TimeBaseInit)
    Tim5_delay_ms                            0x08001bc5   Thumb Code    90  timer.o(i.Tim5_delay_ms)
    Tim5_delay_us                            0x08001c25   Thumb Code    82  timer.o(i.Tim5_delay_us)
    USART1_IRQHandler                        0x08001c7d   Thumb Code   134  nvic.o(i.USART1_IRQHandler)
    USART6_IRQHandler                        0x08001d29   Thumb Code    84  nvic.o(i.USART6_IRQHandler)
    USART_ClearITPendingBit                  0x08001d8d   Thumb Code    30  stm32f4xx_usart.o(i.USART_ClearITPendingBit)
    USART_Cmd                                0x08001dab   Thumb Code    24  stm32f4xx_usart.o(i.USART_Cmd)
    USART_GetFlagStatus                      0x08001dc3   Thumb Code    26  stm32f4xx_usart.o(i.USART_GetFlagStatus)
    USART_GetITStatus                        0x08001ddd   Thumb Code    84  stm32f4xx_usart.o(i.USART_GetITStatus)
    USART_ITConfig                           0x08001e31   Thumb Code    74  stm32f4xx_usart.o(i.USART_ITConfig)
    USART_Init                               0x08001e7d   Thumb Code   204  stm32f4xx_usart.o(i.USART_Init)
    USART_ReceiveData                        0x08001f51   Thumb Code    10  stm32f4xx_usart.o(i.USART_ReceiveData)
    USART_SendData                           0x08001f5b   Thumb Code     8  stm32f4xx_usart.o(i.USART_SendData)
    _sys_exit                                0x08001f63   Thumb Code     6  usart.o(i._sys_exit)
    at24c04_init                             0x08001f69   Thumb Code     8  at24c04.o(i.at24c04_init)
    bs8116_iic_IO_init                       0x08001f71   Thumb Code    60  bs8116.o(i.bs8116_iic_IO_init)
    bs8116_iic_get_ack                       0x08001fb1   Thumb Code    70  bs8116.o(i.bs8116_iic_get_ack)
    bs8116_iic_read_byte                     0x08001ffd   Thumb Code    86  bs8116.o(i.bs8116_iic_read_byte)
    bs8116_iic_send_ack                      0x08002059   Thumb Code    80  bs8116.o(i.bs8116_iic_send_ack)
    bs8116_iic_send_byte                     0x080020ad   Thumb Code    96  bs8116.o(i.bs8116_iic_send_byte)
    bs8116_iic_star                          0x08002111   Thumb Code    68  bs8116.o(i.bs8116_iic_star)
    bs8116_iic_stop                          0x08002159   Thumb Code    68  bs8116.o(i.bs8116_iic_stop)
    close_door                               0x080021a1   Thumb Code    44  door.o(i.close_door)
    door_init                                0x080021f9   Thumb Code    62  door.o(i.door_init)
    erase_all                                0x0800223d   Thumb Code   104  mg200.o(i.erase_all)
    erase_one                                0x080022ed   Thumb Code   122  mg200.o(i.erase_one)
    fputc                                    0x080023c1   Thumb Code    22  usart.o(i.fputc)
    iic_IO_init                              0x080023dd   Thumb Code   124  at24c04.o(i.iic_IO_init)
    iic_get_ack                              0x08002465   Thumb Code    96  at24c04.o(i.iic_get_ack)
    iic_read_byte                            0x080024cd   Thumb Code   110  at24c04.o(i.iic_read_byte)
    iic_send_ack                             0x08002545   Thumb Code   134  at24c04.o(i.iic_send_ack)
    iic_send_byte                            0x080025d5   Thumb Code   108  at24c04.o(i.iic_send_byte)
    iic_star                                 0x08002649   Thumb Code    76  at24c04.o(i.iic_star)
    iic_stop                                 0x0800269d   Thumb Code    64  at24c04.o(i.iic_stop)
    key_init                                 0x080026e5   Thumb Code    44  key.o(i.key_init)
    key_scan                                 0x08002715   Thumb Code    70  key.o(i.key_scan)
    led_init                                 0x08002765   Thumb Code    68  led.o(i.led_init)
    main                                     0x080027ad   Thumb Code   440  main.o(i.main)
    mg200_init                               0x080029e5   Thumb Code    78  mg200.o(i.mg200_init)
    mg200_read_cmd                           0x08002a39   Thumb Code   116  mg200.o(i.mg200_read_cmd)
    mg200_write_cmd                          0x08002ab5   Thumb Code    66  mg200.o(i.mg200_write_cmd)
    open_door                                0x08002afd   Thumb Code    44  door.o(i.open_door)
    open_passward                            0x08002b2d   Thumb Code   616  bs8116.o(i.open_passward)
    read_status                              0x08002e29   Thumb Code    36  w25q64.o(i.read_status)
    st7789vm_rest                            0x08002e51   Thumb Code    36  lcd.o(i.st7789vm_rest)
    st7789vm_write_command                   0x08002e79   Thumb Code    42  lcd.o(i.st7789vm_write_command)
    st7789vm_write_command_parameter         0x08002ea9   Thumb Code    42  lcd.o(i.st7789vm_write_command_parameter)
    st7789vm_write_data                      0x08002ed9   Thumb Code    48  lcd.o(i.st7789vm_write_data)
    usart1_init                              0x08002f0d   Thumb Code   176  usart.o(i.usart1_init)
    usart6_init                              0x08002fc5   Thumb Code   192  mg200.o(i.usart6_init)
    usart6_send_byte                         0x0800308d   Thumb Code    28  mg200.o(i.usart6_send_byte)
    voice                                    0x080030ad   Thumb Code    54  voice.o(i.voice)
    voice_head                               0x080030e9   Thumb Code    32  voice.o(i.voice_head)
    voice_hig                                0x0800310d   Thumb Code    36  voice.o(i.voice_hig)
    voice_init                               0x08003135   Thumb Code    78  voice.o(i.voice_init)
    voice_low                                0x08003189   Thumb Code    36  voice.o(i.voice_low)
    w25q64_Spi_bayte                         0x080031b1   Thumb Code    54  w25q64.o(i.w25q64_Spi_bayte)
    w25q64_block_erase                       0x080031ed   Thumb Code    68  w25q64.o(i.w25q64_block_erase)
    w25q64_blocks                            0x08003235   Thumb Code    28  w25q64.o(i.w25q64_blocks)
    w25q64_init                              0x08003251   Thumb Code    64  w25q64.o(i.w25q64_init)
    w25q64_page_write                        0x08003295   Thumb Code   112  w25q64.o(i.w25q64_page_write)
    w25q64_read                              0x08003309   Thumb Code    76  w25q64.o(i.w25q64_read)
    w25q64_spi_init                          0x08003359   Thumb Code   166  w25q64.o(i.w25q64_spi_init)
    wirite_enable                            0x08003409   Thumb Code    26  w25q64.o(i.wirite_enable)
    write_status                             0x08003429   Thumb Code    50  w25q64.o(i.write_status)
    zk_updata                                0x08003461   Thumb Code    38  w25q64.o(i.zk_updata)
    _fp_init                                 0x080034c9   Thumb Code    10  fpinit.o(x$fpl$fpinit)
    __fplib_config_fpu_vfp                   0x080034d1   Thumb Code     0  fpinit.o(x$fpl$fpinit)
    __fplib_config_pureend_doubles           0x080034d1   Thumb Code     0  fpinit.o(x$fpl$fpinit)
    Region$$Table$$Base                      0x080034d4   Number         0  anon$$obj.o(Region$$Table)
    Region$$Table$$Limit                     0x080034f4   Number         0  anon$$obj.o(Region$$Table)
    __stdout                                 0x20000004   Data           4  usart.o(.data)
    zk_flag                                  0x20000008   Data           1  nvic.o(.data)
    mg200_rec_flag                           0x20000009   Data           1  nvic.o(.data)
    page_mode                                0x2000001e   Data           1  mg200.o(.data)
    usart1_rec_buff                          0x20000030   Data          20  nvic.o(.bss)
    mg200_rec_buff                           0x20000044   Data          10  nvic.o(.bss)
    __libspace_start                         0x20000064   Data          96  libspace.o(.bss)
    __temporary_stack_top$libspace           0x200000c4   Data           0  libspace.o(.bss)



==============================================================================

Memory Map of the image

  Image Entry point : 0x08000195

  Load Region LR_IROM1 (Base: 0x08000000, Size: 0x00003524, Max: 0x00080000, ABSOLUTE)

    Execution Region ER_IROM1 (Base: 0x08000000, Size: 0x000034f4, Max: 0x00080000, ABSOLUTE)

    Base Addr    Size         Type   Attr      Idx    E Section Name        Object

    0x08000000   0x00000194   Data   RO            3    RESET               startup_stm32f401xx.o
    0x08000194   0x00000008   Code   RO         5724  * !!!main             c_w.l(__main.o)
    0x0800019c   0x00000034   Code   RO         5891    !!!scatter          c_w.l(__scatter.o)
    0x080001d0   0x0000001a   Code   RO         5893    !!handler_copy      c_w.l(__scatter_copy.o)
    0x080001ea   0x00000002   PAD
    0x080001ec   0x0000001c   Code   RO         5895    !!handler_zi        c_w.l(__scatter_zi.o)
    0x08000208   0x00000000   Code   RO         5715    .ARM.Collect$$_printf_percent$$00000000  c_w.l(_printf_percent.o)
    0x08000208   0x00000006   Code   RO         5714    .ARM.Collect$$_printf_percent$$00000009  c_w.l(_printf_d.o)
    0x0800020e   0x00000004   Code   RO         5733    .ARM.Collect$$_printf_percent$$00000017  c_w.l(_printf_percent_end.o)
    0x08000212   0x00000002   Code   RO         5766    .ARM.Collect$$libinit$$00000000  c_w.l(libinit.o)
    0x08000214   0x00000004   Code   RO         5772    .ARM.Collect$$libinit$$00000001  c_w.l(libinit2.o)
    0x08000218   0x00000000   Code   RO         5775    .ARM.Collect$$libinit$$00000004  c_w.l(libinit2.o)
    0x08000218   0x00000000   Code   RO         5778    .ARM.Collect$$libinit$$0000000A  c_w.l(libinit2.o)
    0x08000218   0x00000000   Code   RO         5780    .ARM.Collect$$libinit$$0000000C  c_w.l(libinit2.o)
    0x08000218   0x00000000   Code   RO         5782    .ARM.Collect$$libinit$$0000000E  c_w.l(libinit2.o)
    0x08000218   0x00000000   Code   RO         5785    .ARM.Collect$$libinit$$00000011  c_w.l(libinit2.o)
    0x08000218   0x00000000   Code   RO         5787    .ARM.Collect$$libinit$$00000013  c_w.l(libinit2.o)
    0x08000218   0x00000000   Code   RO         5789    .ARM.Collect$$libinit$$00000015  c_w.l(libinit2.o)
    0x08000218   0x00000000   Code   RO         5791    .ARM.Collect$$libinit$$00000017  c_w.l(libinit2.o)
    0x08000218   0x00000000   Code   RO         5793    .ARM.Collect$$libinit$$00000019  c_w.l(libinit2.o)
    0x08000218   0x00000000   Code   RO         5795    .ARM.Collect$$libinit$$0000001B  c_w.l(libinit2.o)
    0x08000218   0x00000000   Code   RO         5797    .ARM.Collect$$libinit$$0000001D  c_w.l(libinit2.o)
    0x08000218   0x00000000   Code   RO         5799    .ARM.Collect$$libinit$$0000001F  c_w.l(libinit2.o)
    0x08000218   0x00000000   Code   RO         5801    .ARM.Collect$$libinit$$00000021  c_w.l(libinit2.o)
    0x08000218   0x00000000   Code   RO         5803    .ARM.Collect$$libinit$$00000023  c_w.l(libinit2.o)
    0x08000218   0x00000000   Code   RO         5805    .ARM.Collect$$libinit$$00000025  c_w.l(libinit2.o)
    0x08000218   0x00000000   Code   RO         5809    .ARM.Collect$$libinit$$0000002C  c_w.l(libinit2.o)
    0x08000218   0x00000000   Code   RO         5811    .ARM.Collect$$libinit$$0000002E  c_w.l(libinit2.o)
    0x08000218   0x00000000   Code   RO         5813    .ARM.Collect$$libinit$$00000030  c_w.l(libinit2.o)
    0x08000218   0x00000000   Code   RO         5815    .ARM.Collect$$libinit$$00000032  c_w.l(libinit2.o)
    0x08000218   0x00000002   Code   RO         5816    .ARM.Collect$$libinit$$00000033  c_w.l(libinit2.o)
    0x0800021a   0x00000002   Code   RO         5834    .ARM.Collect$$libshutdown$$00000000  c_w.l(libshutdown.o)
    0x0800021c   0x00000000   Code   RO         5845    .ARM.Collect$$libshutdown$$00000003  c_w.l(libshutdown2.o)
    0x0800021c   0x00000000   Code   RO         5848    .ARM.Collect$$libshutdown$$00000006  c_w.l(libshutdown2.o)
    0x0800021c   0x00000000   Code   RO         5851    .ARM.Collect$$libshutdown$$00000009  c_w.l(libshutdown2.o)
    0x0800021c   0x00000000   Code   RO         5853    .ARM.Collect$$libshutdown$$0000000B  c_w.l(libshutdown2.o)
    0x0800021c   0x00000000   Code   RO         5856    .ARM.Collect$$libshutdown$$0000000E  c_w.l(libshutdown2.o)
    0x0800021c   0x00000002   Code   RO         5857    .ARM.Collect$$libshutdown$$0000000F  c_w.l(libshutdown2.o)
    0x0800021e   0x00000000   Code   RO         5728    .ARM.Collect$$rtentry$$00000000  c_w.l(__rtentry.o)
    0x0800021e   0x00000000   Code   RO         5735    .ARM.Collect$$rtentry$$00000002  c_w.l(__rtentry2.o)
    0x0800021e   0x00000006   Code   RO         5747    .ARM.Collect$$rtentry$$00000004  c_w.l(__rtentry4.o)
    0x08000224   0x00000000   Code   RO         5737    .ARM.Collect$$rtentry$$00000009  c_w.l(__rtentry2.o)
    0x08000224   0x00000004   Code   RO         5738    .ARM.Collect$$rtentry$$0000000A  c_w.l(__rtentry2.o)
    0x08000228   0x00000000   Code   RO         5740    .ARM.Collect$$rtentry$$0000000C  c_w.l(__rtentry2.o)
    0x08000228   0x00000008   Code   RO         5741    .ARM.Collect$$rtentry$$0000000D  c_w.l(__rtentry2.o)
    0x08000230   0x00000002   Code   RO         5770    .ARM.Collect$$rtexit$$00000000  c_w.l(rtexit.o)
    0x08000232   0x00000000   Code   RO         5818    .ARM.Collect$$rtexit$$00000002  c_w.l(rtexit2.o)
    0x08000232   0x00000004   Code   RO         5819    .ARM.Collect$$rtexit$$00000003  c_w.l(rtexit2.o)
    0x08000236   0x00000006   Code   RO         5820    .ARM.Collect$$rtexit$$00000004  c_w.l(rtexit2.o)
    0x0800023c   0x00000040   Code   RO            4    .text               startup_stm32f401xx.o
    0x0800027c   0x00000002   Code   RO         5684    .text               c_w.l(use_no_semi_2.o)
    0x0800027e   0x00000002   PAD
    0x08000280   0x00000018   Code   RO         5688    .text               c_w.l(noretval__2printf.o)
    0x08000298   0x00000068   Code   RO         5690    .text               c_w.l(__printf.o)
    0x08000300   0x00000078   Code   RO         5692    .text               c_w.l(_printf_dec.o)
    0x08000378   0x00000064   Code   RO         5716    .text               c_w.l(rt_memcpy_w.o)
    0x080003dc   0x0000004e   Code   RO         5718    .text               c_w.l(rt_memclr_w.o)
    0x0800042a   0x00000002   PAD
    0x0800042c   0x00000080   Code   RO         5720    .text               c_w.l(strcmpv7m.o)
    0x080004ac   0x00000006   Code   RO         5722    .text               c_w.l(heapauxi.o)
    0x080004b2   0x00000002   Code   RO         5726    .text               c_w.l(use_no_semi.o)
    0x080004b4   0x000000b2   Code   RO         5729    .text               c_w.l(_printf_intcommon.o)
    0x08000566   0x00000002   PAD
    0x08000568   0x00000024   Code   RO         5731    .text               c_w.l(_printf_char_file.o)
    0x0800058c   0x00000030   Code   RO         5749    .text               c_w.l(_printf_char_common.o)
    0x080005bc   0x00000008   Code   RO         5751    .text               c_w.l(ferror.o)
    0x080005c4   0x0000004a   Code   RO         5755    .text               c_w.l(sys_stackheap_outer.o)
    0x0800060e   0x0000000c   Code   RO         5759    .text               c_w.l(exit.o)
    0x0800061a   0x00000002   PAD
    0x0800061c   0x00000008   Code   RO         5767    .text               c_w.l(libspace.o)
    0x08000624   0x00000082   Code   RO          658    i.AT24C04_read_byte  at24c04.o
    0x080006a6   0x0000009e   Code   RO          659    i.AT24C04_read_bytes  at24c04.o
    0x08000744   0x0000006c   Code   RO          660    i.AT24C04_write_byte  at24c04.o
    0x080007b0   0x0000004c   Code   RO          661    i.AT24C04_write_bytes  at24c04.o
    0x080007fc   0x0000009e   Code   RO          662    i.AT24C04_write_page  at24c04.o
    0x0800089a   0x00000002   PAD
    0x0800089c   0x00000048   Code   RO          842    i.BS8116_Key_scan   bs8116.o
    0x080008e4   0x00000110   Code   RO          843    i.BS8116_ReadKey    bs8116.o
    0x080009f4   0x0000009c   Code   RO          845    i.BS8116_Writeregister  bs8116.o
    0x08000a90   0x0000005c   Code   RO          846    i.BS8116_init       bs8116.o
    0x08000aec   0x00000264   Code   RO          980    i.Enroll            mg200.o
    0x08000d50   0x00000090   Code   RO         2671    i.GPIO_Init         stm32f4xx_gpio.o
    0x08000de0   0x00000046   Code   RO         2672    i.GPIO_PinAFConfig  stm32f4xx_gpio.o
    0x08000e26   0x00000012   Code   RO         2675    i.GPIO_ReadInputDataBit  stm32f4xx_gpio.o
    0x08000e38   0x00000004   Code   RO         2678    i.GPIO_ResetBits    stm32f4xx_gpio.o
    0x08000e3c   0x00000004   Code   RO         2679    i.GPIO_SetBits      stm32f4xx_gpio.o
    0x08000e40   0x00000040   Code   RO          450    i.LCD_IO_init       lcd.o
    0x08000e80   0x0000003a   Code   RO          451    i.LCD_Point         lcd.o
    0x08000eba   0x00000042   Code   RO          454    i.LCD_clear         lcd.o
    0x08000efc   0x00000090   Code   RO          463    i.LCD_dis_flash_32ch  lcd.o
    0x08000f8c   0x000000b8   Code   RO          464    i.LCD_dis_flash_32hz  lcd.o
    0x08001044   0x00000074   Code   RO          467    i.LCD_flash_dis_32  lcd.o
    0x080010b8   0x0000018c   Code   RO          468    i.LCD_init          lcd.o
    0x08001244   0x00000034   Code   RO          469    i.LCD_spi_IO_init   lcd.o
    0x08001278   0x00000060   Code   RO          470    i.LCD_spi_byte      lcd.o
    0x080012d8   0x00000134   Code   RO          981    i.Match_l_n         mg200.o
    0x0800140c   0x00000078   Code   RO         1067    i.NVIC_Init         misc.o
    0x08001484   0x00000020   Code   RO         3538    i.RCC_AHB1PeriphClockCmd  stm32f4xx_rcc.o
    0x080014a4   0x00000020   Code   RO         3547    i.RCC_APB1PeriphClockCmd  stm32f4xx_rcc.o
    0x080014c4   0x00000020   Code   RO         3550    i.RCC_APB2PeriphClockCmd  stm32f4xx_rcc.o
    0x080014e4   0x000000e8   Code   RO         3559    i.RCC_GetClocksFreq  stm32f4xx_rcc.o
    0x080015cc   0x000002b0   Code   RO          982    i.ReqCaptureAndExtract  mg200.o
    0x0800187c   0x00000018   Code   RO         4658    i.SPI_Cmd           stm32f4xx_spi.o
    0x08001894   0x00000012   Code   RO         4666    i.SPI_I2S_GetFlagStatus  stm32f4xx_spi.o
    0x080018a6   0x00000006   Code   RO         4669    i.SPI_I2S_ReceiveData  stm32f4xx_spi.o
    0x080018ac   0x00000004   Code   RO         4670    i.SPI_I2S_SendData  stm32f4xx_spi.o
    0x080018b0   0x0000003c   Code   RO         4671    i.SPI_Init          stm32f4xx_spi.o
    0x080018ec   0x0000001e   Code   RO         4672    i.SPI_NSSInternalSoftwareConfig  stm32f4xx_spi.o
    0x0800190a   0x00000002   PAD
    0x0800190c   0x000000e8   Code   RO           12    i.SetSysClock       system_stm32f4xx.o
    0x080019f4   0x00000068   Code   RO           14    i.SystemInit        system_stm32f4xx.o
    0x08001a5c   0x00000074   Code   RO          369    i.TIM1_BRK_TIM9_IRQHandler  nvic.o
    0x08001ad0   0x00000006   Code   RO         4882    i.TIM_ClearFlag     stm32f4xx_tim.o
    0x08001ad6   0x00000006   Code   RO         4883    i.TIM_ClearITPendingBit  stm32f4xx_tim.o
    0x08001adc   0x00000018   Code   RO         4888    i.TIM_Cmd           stm32f4xx_tim.o
    0x08001af4   0x00000012   Code   RO         4908    i.TIM_GetFlagStatus  stm32f4xx_tim.o
    0x08001b06   0x00000022   Code   RO         4909    i.TIM_GetITStatus   stm32f4xx_tim.o
    0x08001b28   0x00000012   Code   RO         4945    i.TIM_SelectOnePulseMode  stm32f4xx_tim.o
    0x08001b3a   0x00000004   Code   RO         4953    i.TIM_SetCompare4   stm32f4xx_tim.o
    0x08001b3e   0x00000002   PAD
    0x08001b40   0x00000084   Code   RO         4960    i.TIM_TimeBaseInit  stm32f4xx_tim.o
    0x08001bc4   0x00000060   Code   RO          413    i.Tim5_delay_ms     timer.o
    0x08001c24   0x00000058   Code   RO          414    i.Tim5_delay_us     timer.o
    0x08001c7c   0x000000ac   Code   RO          370    i.USART1_IRQHandler  nvic.o
    0x08001d28   0x00000064   Code   RO          371    i.USART6_IRQHandler  nvic.o
    0x08001d8c   0x0000001e   Code   RO         5435    i.USART_ClearITPendingBit  stm32f4xx_usart.o
    0x08001daa   0x00000018   Code   RO         5438    i.USART_Cmd         stm32f4xx_usart.o
    0x08001dc2   0x0000001a   Code   RO         5441    i.USART_GetFlagStatus  stm32f4xx_usart.o
    0x08001ddc   0x00000054   Code   RO         5442    i.USART_GetITStatus  stm32f4xx_usart.o
    0x08001e30   0x0000004a   Code   RO         5444    i.USART_ITConfig    stm32f4xx_usart.o
    0x08001e7a   0x00000002   PAD
    0x08001e7c   0x000000d4   Code   RO         5445    i.USART_Init        stm32f4xx_usart.o
    0x08001f50   0x0000000a   Code   RO         5452    i.USART_ReceiveData  stm32f4xx_usart.o
    0x08001f5a   0x00000008   Code   RO         5455    i.USART_SendData    stm32f4xx_usart.o
    0x08001f62   0x00000006   Code   RO          318    i._sys_exit         usart.o
    0x08001f68   0x00000008   Code   RO          663    i.at24c04_init      at24c04.o
    0x08001f70   0x00000040   Code   RO          847    i.bs8116_iic_IO_init  bs8116.o
    0x08001fb0   0x0000004c   Code   RO          848    i.bs8116_iic_get_ack  bs8116.o
    0x08001ffc   0x0000005c   Code   RO          849    i.bs8116_iic_read_byte  bs8116.o
    0x08002058   0x00000054   Code   RO          850    i.bs8116_iic_send_ack  bs8116.o
    0x080020ac   0x00000064   Code   RO          851    i.bs8116_iic_send_byte  bs8116.o
    0x08002110   0x00000048   Code   RO          852    i.bs8116_iic_star   bs8116.o
    0x08002158   0x00000048   Code   RO          853    i.bs8116_iic_stop   bs8116.o
    0x080021a0   0x00000030   Code   RO          281    i.close_door        door.o
    0x080021d0   0x00000014   Code   RO          249    i.delay_ms          key.o
    0x080021e4   0x00000014   Code   RO          282    i.delay_ms          door.o
    0x080021f8   0x00000044   Code   RO          283    i.door_init         door.o
    0x0800223c   0x000000b0   Code   RO          983    i.erase_all         mg200.o
    0x080022ec   0x000000d4   Code   RO          984    i.erase_one         mg200.o
    0x080023c0   0x0000001c   Code   RO          319    i.fputc             usart.o
    0x080023dc   0x00000088   Code   RO          664    i.iic_IO_init       at24c04.o
    0x08002464   0x00000068   Code   RO          665    i.iic_get_ack       at24c04.o
    0x080024cc   0x00000078   Code   RO          666    i.iic_read_byte     at24c04.o
    0x08002544   0x00000090   Code   RO          667    i.iic_send_ack      at24c04.o
    0x080025d4   0x00000074   Code   RO          668    i.iic_send_byte     at24c04.o
    0x08002648   0x00000054   Code   RO          669    i.iic_star          at24c04.o
    0x0800269c   0x00000048   Code   RO          670    i.iic_stop          at24c04.o
    0x080026e4   0x00000030   Code   RO          250    i.key_init          key.o
    0x08002714   0x00000050   Code   RO          251    i.key_scan          key.o
    0x08002764   0x00000048   Code   RO          229    i.led_init          led.o
    0x080027ac   0x00000238   Code   RO          130    i.main              main.o
    0x080029e4   0x00000054   Code   RO          985    i.mg200_init        mg200.o
    0x08002a38   0x0000007c   Code   RO          986    i.mg200_read_cmd    mg200.o
    0x08002ab4   0x00000048   Code   RO          987    i.mg200_write_cmd   mg200.o
    0x08002afc   0x00000030   Code   RO          284    i.open_door         door.o
    0x08002b2c   0x000002fc   Code   RO          854    i.open_passward     bs8116.o
    0x08002e28   0x00000028   Code   RO          750    i.read_status       w25q64.o
    0x08002e50   0x00000028   Code   RO          472    i.st7789vm_rest     lcd.o
    0x08002e78   0x00000030   Code   RO          473    i.st7789vm_write_command  lcd.o
    0x08002ea8   0x00000030   Code   RO          474    i.st7789vm_write_command_parameter  lcd.o
    0x08002ed8   0x00000034   Code   RO          475    i.st7789vm_write_data  lcd.o
    0x08002f0c   0x000000b8   Code   RO          320    i.usart1_init       usart.o
    0x08002fc4   0x000000c8   Code   RO          988    i.usart6_init       mg200.o
    0x0800308c   0x00000020   Code   RO          989    i.usart6_send_byte  mg200.o
    0x080030ac   0x0000003c   Code   RO          936    i.voice             voice.o
    0x080030e8   0x00000024   Code   RO          937    i.voice_head        voice.o
    0x0800310c   0x00000028   Code   RO          938    i.voice_hig         voice.o
    0x08003134   0x00000054   Code   RO          939    i.voice_init        voice.o
    0x08003188   0x00000028   Code   RO          940    i.voice_low         voice.o
    0x080031b0   0x0000003c   Code   RO          751    i.w25q64_Spi_bayte  w25q64.o
    0x080031ec   0x00000048   Code   RO          752    i.w25q64_block_erase  w25q64.o
    0x08003234   0x0000001c   Code   RO          753    i.w25q64_blocks     w25q64.o
    0x08003250   0x00000044   Code   RO          755    i.w25q64_init       w25q64.o
    0x08003294   0x00000074   Code   RO          756    i.w25q64_page_write  w25q64.o
    0x08003308   0x00000050   Code   RO          757    i.w25q64_read       w25q64.o
    0x08003358   0x000000b0   Code   RO          759    i.w25q64_spi_init   w25q64.o
    0x08003408   0x00000020   Code   RO          760    i.wirite_enable     w25q64.o
    0x08003428   0x00000038   Code   RO          761    i.write_status      w25q64.o
    0x08003460   0x00000068   Code   RO          762    i.zk_updata         w25q64.o
    0x080034c8   0x0000000a   Code   RO         5826    x$fpl$fpinit        fz_wm.l(fpinit.o)
    0x080034d2   0x00000002   PAD
    0x080034d4   0x00000020   Data   RO         5889    Region$$Table       anon$$obj.o


    Execution Region RW_IRAM1 (Base: 0x20000000, Size: 0x000006c8, Max: 0x00018000, ABSOLUTE)

    Base Addr    Size         Type   Attr      Idx    E Section Name        Object

    0x20000000   0x00000001   Data   RW          252    .data               key.o
    0x20000001   0x00000003   PAD
    0x20000004   0x00000004   Data   RW          323    .data               usart.o
    0x20000008   0x00000011   Data   RW          373    .data               nvic.o
    0x20000019   0x00000005   Data   RW          856    .data               bs8116.o
    0x2000001e   0x00000002   Data   RW          991    .data               mg200.o
    0x20000020   0x00000010   Data   RW         3591    .data               stm32f4xx_rcc.o
    0x20000030   0x0000001e   Zero   RW          372    .bss                nvic.o
    0x2000004e   0x00000014   Zero   RW          855    .bss                bs8116.o
    0x20000062   0x00000002   PAD
    0x20000064   0x00000060   Zero   RW         5768    .bss                c_w.l(libspace.o)
    0x200000c4   0x00000004   PAD
    0x200000c8   0x00000200   Zero   RW            2    HEAP                startup_stm32f401xx.o
    0x200002c8   0x00000400   Zero   RW            1    STACK               startup_stm32f401xx.o


==============================================================================

Image component sizes


      Code (inc. data)   RO Data    RW Data    ZI Data      Debug   Object Name

      1414         64          0          0          0       9333   at24c04.o
      1916        232          0          5         20       8854   bs8116.o
       184         14          0          0          0       2189   door.o
       148         14          0          1          0       1714   key.o
      1364         48          0          0          0       9445   lcd.o
        72          4          0          0          0        579   led.o
       568        128          0          0          0     201323   main.o
      2508       1118          0          2          0       8165   mg200.o
       120         14          0          0          0       1436   misc.o
       388         72          0         17         30       2831   nvic.o
        64         26        404          0       1536        996   startup_stm32f401xx.o
       240          0          0          0          0       4663   stm32f4xx_gpio.o
       328         36          0         16          0       5715   stm32f4xx_rcc.o
       142          0          0          0          0       5426   stm32f4xx_spi.o
       242         28          0          0          0       7086   stm32f4xx_tim.o
       468          8          0          0          0       7779   stm32f4xx_usart.o
       336         32          0          0          0      63433   system_stm32f4xx.o
       184         12          0          0          0       1304   timer.o
       218         14          0          4          0       3848   usart.o
       260         24          0          0          0       2874   voice.o
       832        114          0          0          0       7459   w25q64.o

    ----------------------------------------------------------------------
     12004       2002        436         48       1588     356452   Object Totals
         0          0         32          0          0          0   (incl. Generated)
         8          0          0          3          2          0   (incl. Padding)

    ----------------------------------------------------------------------

      Code (inc. data)   RO Data    RW Data    ZI Data      Debug   Library Member Name

         8          0          0          0          0         68   __main.o
       104          0          0          0          0         84   __printf.o
         0          0          0          0          0          0   __rtentry.o
        12          0          0          0          0          0   __rtentry2.o
         6          0          0          0          0          0   __rtentry4.o
        52          8          0          0          0          0   __scatter.o
        26          0          0          0          0          0   __scatter_copy.o
        28          0          0          0          0          0   __scatter_zi.o
        48          6          0          0          0         96   _printf_char_common.o
        36          4          0          0          0         80   _printf_char_file.o
         6          0          0          0          0          0   _printf_d.o
       120         16          0          0          0         92   _printf_dec.o
       178          0          0          0          0         88   _printf_intcommon.o
         0          0          0          0          0          0   _printf_percent.o
         4          0          0          0          0          0   _printf_percent_end.o
        12          0          0          0          0         72   exit.o
         8          0          0          0          0         68   ferror.o
         6          0          0          0          0        152   heapauxi.o
         2          0          0          0          0          0   libinit.o
         6          0          0          0          0          0   libinit2.o
         2          0          0          0          0          0   libshutdown.o
         2          0          0          0          0          0   libshutdown2.o
         8          4          0          0         96         68   libspace.o
        24          4          0          0          0         84   noretval__2printf.o
        78          0          0          0          0         80   rt_memclr_w.o
       100          0          0          0          0         80   rt_memcpy_w.o
         2          0          0          0          0          0   rtexit.o
        10          0          0          0          0          0   rtexit2.o
       128          0          0          0          0         68   strcmpv7m.o
        74          0          0          0          0         80   sys_stackheap_outer.o
         2          0          0          0          0         68   use_no_semi.o
         2          0          0          0          0         68   use_no_semi_2.o
        10          0          0          0          0        116   fpinit.o

    ----------------------------------------------------------------------
      1116         42          0          0        100       1512   Library Totals
        12          0          0          0          4          0   (incl. Padding)

    ----------------------------------------------------------------------

      Code (inc. data)   RO Data    RW Data    ZI Data      Debug   Library Name

      1094         42          0          0         96       1396   c_w.l
        10          0          0          0          0        116   fz_wm.l

    ----------------------------------------------------------------------
      1116         42          0          0        100       1512   Library Totals

    ----------------------------------------------------------------------

==============================================================================


      Code (inc. data)   RO Data    RW Data    ZI Data      Debug   

     13120       2044        436         48       1688     346188   Grand Totals
     13120       2044        436         48       1688     346188   ELF Image Totals
     13120       2044        436         48          0          0   ROM Totals

==============================================================================

    Total RO  Size (Code + RO Data)                13556 (  13.24kB)
    Total RW  Size (RW Data + ZI Data)              1736 (   1.70kB)
    Total ROM Size (Code + RO Data + RW Data)      13604 (  13.29kB)

==============================================================================

